11/22/2018 02:57:27 PM Starting new HTTP connection (1): 127.0.0.1:8000
11/22/2018 02:57:27 PM http://127.0.0.1:8000 "POST /api/login/ HTTP/1.1" 200 50
11/22/2018 02:57:27 PM 
Traceback (most recent call last):
  File "startup.py", line 52, in sync
    home_dir = check_home_dir()
  File "startup.py", line 143, in check_home_dir
    raise NoHomeDirException
NoHomeDirException
11/22/2018 02:57:31 PM Starting new HTTP connection (1): 127.0.0.1:8000
11/22/2018 02:57:31 PM http://127.0.0.1:8000 "POST /api/login/ HTTP/1.1" 200 50
11/22/2018 02:57:31 PM Starting new HTTP connection (1): 127.0.0.1:8000
11/22/2018 02:57:31 PM http://127.0.0.1:8000 "POST /api/get-index/ HTTP/1.1" 200 12
11/22/2018 02:57:36 PM Starting new HTTP connection (1): 127.0.0.1:8000
11/22/2018 02:57:36 PM http://127.0.0.1:8000 "POST /api/upload/ HTTP/1.1" 201 20
11/22/2018 02:57:36 PM Resetting dropped connection: 127.0.0.1
11/22/2018 02:57:36 PM http://127.0.0.1:8000 "POST /api/upload/ HTTP/1.1" 201 20
11/22/2018 02:57:36 PM Resetting dropped connection: 127.0.0.1
11/22/2018 02:57:36 PM http://127.0.0.1:8000 "POST /api/upload/ HTTP/1.1" 201 20
11/22/2018 02:57:36 PM Resetting dropped connection: 127.0.0.1
11/22/2018 02:57:36 PM http://127.0.0.1:8000 "POST /api/upload/ HTTP/1.1" 201 20
11/22/2018 02:57:36 PM Resetting dropped connection: 127.0.0.1
11/22/2018 02:57:36 PM http://127.0.0.1:8000 "POST /api/upload/ HTTP/1.1" 201 20
11/22/2018 02:57:36 PM Resetting dropped connection: 127.0.0.1
11/22/2018 02:57:36 PM http://127.0.0.1:8000 "POST /api/upload/ HTTP/1.1" 201 20
11/22/2018 02:57:36 PM Resetting dropped connection: 127.0.0.1
11/22/2018 02:57:36 PM http://127.0.0.1:8000 "POST /api/upload/ HTTP/1.1" 201 20
11/22/2018 02:57:36 PM Resetting dropped connection: 127.0.0.1
11/22/2018 02:57:36 PM http://127.0.0.1:8000 "POST /api/upload/ HTTP/1.1" 201 20
11/22/2018 02:57:36 PM Resetting dropped connection: 127.0.0.1
11/22/2018 02:57:36 PM http://127.0.0.1:8000 "POST /api/upload/ HTTP/1.1" 201 20
11/22/2018 02:57:36 PM Resetting dropped connection: 127.0.0.1
11/22/2018 02:57:36 PM http://127.0.0.1:8000 "POST /api/upload/ HTTP/1.1" 201 20
11/22/2018 02:57:36 PM Resetting dropped connection: 127.0.0.1
11/22/2018 02:57:36 PM http://127.0.0.1:8000 "POST /api/upload/ HTTP/1.1" 201 20
11/22/2018 02:57:37 PM Resetting dropped connection: 127.0.0.1
11/22/2018 02:57:37 PM http://127.0.0.1:8000 "POST /api/upload/ HTTP/1.1" 201 20
11/22/2018 02:57:37 PM Resetting dropped connection: 127.0.0.1
11/22/2018 02:57:37 PM http://127.0.0.1:8000 "POST /api/upload/ HTTP/1.1" 201 20
11/22/2018 02:57:37 PM Resetting dropped connection: 127.0.0.1
11/22/2018 02:57:37 PM http://127.0.0.1:8000 "POST /api/upload/ HTTP/1.1" 201 20
11/22/2018 02:57:37 PM Resetting dropped connection: 127.0.0.1
11/22/2018 02:57:37 PM http://127.0.0.1:8000 "POST /api/upload/ HTTP/1.1" 201 20
11/22/2018 02:57:37 PM Resetting dropped connection: 127.0.0.1
11/22/2018 02:57:37 PM http://127.0.0.1:8000 "POST /api/upload/ HTTP/1.1" 201 20
11/22/2018 02:57:37 PM Resetting dropped connection: 127.0.0.1
11/22/2018 02:57:37 PM http://127.0.0.1:8000 "POST /api/upload/ HTTP/1.1" 201 20
11/22/2018 02:57:37 PM Resetting dropped connection: 127.0.0.1
11/22/2018 02:57:37 PM http://127.0.0.1:8000 "POST /api/upload/ HTTP/1.1" 201 20
11/22/2018 02:57:37 PM Resetting dropped connection: 127.0.0.1
11/22/2018 02:57:37 PM http://127.0.0.1:8000 "POST /api/upload/ HTTP/1.1" 201 20
11/22/2018 02:57:37 PM Resetting dropped connection: 127.0.0.1
11/22/2018 02:57:37 PM http://127.0.0.1:8000 "POST /api/upload/ HTTP/1.1" 201 20
11/22/2018 02:57:37 PM Resetting dropped connection: 127.0.0.1
11/22/2018 02:57:37 PM http://127.0.0.1:8000 "POST /api/upload/ HTTP/1.1" 201 20
11/22/2018 02:57:37 PM Resetting dropped connection: 127.0.0.1
11/22/2018 02:57:37 PM http://127.0.0.1:8000 "POST /api/upload/ HTTP/1.1" 201 20
11/22/2018 02:57:37 PM Resetting dropped connection: 127.0.0.1
11/22/2018 02:57:38 PM http://127.0.0.1:8000 "POST /api/upload/ HTTP/1.1" 201 20
11/22/2018 02:57:38 PM Resetting dropped connection: 127.0.0.1
11/22/2018 02:57:38 PM http://127.0.0.1:8000 "POST /api/upload/ HTTP/1.1" 201 20
11/22/2018 02:57:38 PM Resetting dropped connection: 127.0.0.1
11/22/2018 02:57:38 PM http://127.0.0.1:8000 "POST /api/upload/ HTTP/1.1" 201 20
11/22/2018 02:57:38 PM Resetting dropped connection: 127.0.0.1
11/22/2018 02:57:38 PM http://127.0.0.1:8000 "POST /api/upload/ HTTP/1.1" 201 20
11/22/2018 02:57:38 PM Resetting dropped connection: 127.0.0.1
11/22/2018 02:57:38 PM http://127.0.0.1:8000 "POST /api/upload/ HTTP/1.1" 201 20
11/22/2018 02:57:38 PM Resetting dropped connection: 127.0.0.1
11/22/2018 02:57:38 PM http://127.0.0.1:8000 "POST /api/upload/ HTTP/1.1" 201 20
11/22/2018 02:57:38 PM Resetting dropped connection: 127.0.0.1
11/22/2018 02:57:38 PM http://127.0.0.1:8000 "POST /api/upload/ HTTP/1.1" 201 20
11/22/2018 02:57:38 PM Resetting dropped connection: 127.0.0.1
11/22/2018 02:57:38 PM http://127.0.0.1:8000 "POST /api/upload/ HTTP/1.1" 201 20
11/22/2018 02:57:38 PM Resetting dropped connection: 127.0.0.1
11/22/2018 02:57:38 PM http://127.0.0.1:8000 "POST /api/upload/ HTTP/1.1" 201 20
11/22/2018 02:57:38 PM Resetting dropped connection: 127.0.0.1
11/22/2018 02:57:38 PM http://127.0.0.1:8000 "POST /api/upload/ HTTP/1.1" 201 20
11/22/2018 02:57:38 PM Resetting dropped connection: 127.0.0.1
11/22/2018 02:57:38 PM http://127.0.0.1:8000 "POST /api/upload/ HTTP/1.1" 201 20
11/22/2018 02:57:38 PM Resetting dropped connection: 127.0.0.1
11/22/2018 02:57:38 PM http://127.0.0.1:8000 "POST /api/upload/ HTTP/1.1" 201 20
11/22/2018 02:57:38 PM Resetting dropped connection: 127.0.0.1
11/22/2018 02:57:39 PM http://127.0.0.1:8000 "POST /api/upload/ HTTP/1.1" 201 20
11/22/2018 02:57:39 PM Resetting dropped connection: 127.0.0.1
11/22/2018 02:57:39 PM http://127.0.0.1:8000 "POST /api/upload/ HTTP/1.1" 201 20
11/22/2018 02:57:39 PM Resetting dropped connection: 127.0.0.1
11/22/2018 02:57:39 PM http://127.0.0.1:8000 "POST /api/upload/ HTTP/1.1" 201 20
11/22/2018 02:57:39 PM Resetting dropped connection: 127.0.0.1
11/22/2018 02:57:39 PM http://127.0.0.1:8000 "POST /api/upload/ HTTP/1.1" 201 20
11/22/2018 02:57:39 PM Resetting dropped connection: 127.0.0.1
11/22/2018 02:57:39 PM http://127.0.0.1:8000 "POST /api/upload/ HTTP/1.1" 201 20
11/22/2018 02:57:39 PM Resetting dropped connection: 127.0.0.1
11/22/2018 02:57:39 PM http://127.0.0.1:8000 "POST /api/upload/ HTTP/1.1" 201 20
11/22/2018 02:57:39 PM Resetting dropped connection: 127.0.0.1
11/22/2018 02:57:39 PM http://127.0.0.1:8000 "POST /api/upload/ HTTP/1.1" 201 20
11/22/2018 02:57:39 PM Resetting dropped connection: 127.0.0.1
11/22/2018 02:57:39 PM http://127.0.0.1:8000 "POST /api/upload/ HTTP/1.1" 201 20
11/22/2018 02:57:39 PM Resetting dropped connection: 127.0.0.1
11/22/2018 02:57:39 PM http://127.0.0.1:8000 "POST /api/upload/ HTTP/1.1" 201 20
11/22/2018 02:57:39 PM Resetting dropped connection: 127.0.0.1
11/22/2018 02:57:39 PM http://127.0.0.1:8000 "POST /api/upload/ HTTP/1.1" 201 20
11/22/2018 02:57:39 PM Resetting dropped connection: 127.0.0.1
11/22/2018 02:57:39 PM http://127.0.0.1:8000 "POST /api/upload/ HTTP/1.1" 201 20
11/22/2018 02:57:39 PM Resetting dropped connection: 127.0.0.1
11/22/2018 02:57:39 PM http://127.0.0.1:8000 "POST /api/upload/ HTTP/1.1" 201 20
11/22/2018 02:57:39 PM Resetting dropped connection: 127.0.0.1
11/22/2018 02:57:40 PM http://127.0.0.1:8000 "POST /api/upload/ HTTP/1.1" 201 20
11/22/2018 02:57:40 PM Resetting dropped connection: 127.0.0.1
11/22/2018 02:57:40 PM http://127.0.0.1:8000 "POST /api/upload/ HTTP/1.1" 201 20
11/22/2018 02:57:40 PM Resetting dropped connection: 127.0.0.1
11/22/2018 02:57:40 PM http://127.0.0.1:8000 "POST /api/upload/ HTTP/1.1" 201 20
11/22/2018 02:57:40 PM Resetting dropped connection: 127.0.0.1
11/22/2018 02:57:40 PM http://127.0.0.1:8000 "POST /api/upload/ HTTP/1.1" 201 20
11/22/2018 02:57:40 PM Resetting dropped connection: 127.0.0.1
11/22/2018 02:57:40 PM http://127.0.0.1:8000 "POST /api/upload/ HTTP/1.1" 201 20
11/22/2018 02:57:40 PM Resetting dropped connection: 127.0.0.1
11/22/2018 02:57:40 PM http://127.0.0.1:8000 "POST /api/upload/ HTTP/1.1" 201 20
11/22/2018 02:57:40 PM Resetting dropped connection: 127.0.0.1
11/22/2018 02:57:40 PM http://127.0.0.1:8000 "POST /api/upload/ HTTP/1.1" 201 20
11/22/2018 02:57:40 PM Resetting dropped connection: 127.0.0.1
11/22/2018 02:57:40 PM http://127.0.0.1:8000 "POST /api/upload/ HTTP/1.1" 201 20
11/22/2018 02:57:40 PM Resetting dropped connection: 127.0.0.1
11/22/2018 02:57:40 PM http://127.0.0.1:8000 "POST /api/upload/ HTTP/1.1" 201 20
11/22/2018 02:57:40 PM Resetting dropped connection: 127.0.0.1
11/22/2018 02:57:40 PM http://127.0.0.1:8000 "POST /api/upload/ HTTP/1.1" 201 20
11/22/2018 02:57:40 PM Resetting dropped connection: 127.0.0.1
11/22/2018 02:57:40 PM http://127.0.0.1:8000 "POST /api/upload/ HTTP/1.1" 201 20
11/22/2018 02:57:40 PM Resetting dropped connection: 127.0.0.1
11/22/2018 02:57:40 PM http://127.0.0.1:8000 "POST /api/upload/ HTTP/1.1" 201 20
11/22/2018 02:57:40 PM Resetting dropped connection: 127.0.0.1
11/22/2018 02:57:40 PM http://127.0.0.1:8000 "POST /api/upload/ HTTP/1.1" 201 20
11/22/2018 02:57:40 PM Resetting dropped connection: 127.0.0.1
11/22/2018 02:57:40 PM http://127.0.0.1:8000 "POST /api/upload/ HTTP/1.1" 201 20
11/22/2018 02:57:40 PM Resetting dropped connection: 127.0.0.1
11/22/2018 02:57:40 PM http://127.0.0.1:8000 "POST /api/upload/ HTTP/1.1" 201 20
11/22/2018 02:57:40 PM Resetting dropped connection: 127.0.0.1
11/22/2018 02:57:41 PM http://127.0.0.1:8000 "POST /api/upload/ HTTP/1.1" 201 20
11/22/2018 02:57:41 PM Resetting dropped connection: 127.0.0.1
11/22/2018 02:57:41 PM http://127.0.0.1:8000 "POST /api/upload/ HTTP/1.1" 201 20
11/22/2018 02:57:41 PM Resetting dropped connection: 127.0.0.1
11/22/2018 02:57:41 PM http://127.0.0.1:8000 "POST /api/upload/ HTTP/1.1" 201 20
11/22/2018 02:57:41 PM Resetting dropped connection: 127.0.0.1
11/22/2018 02:57:41 PM http://127.0.0.1:8000 "POST /api/upload/ HTTP/1.1" 201 20
11/22/2018 02:57:41 PM Resetting dropped connection: 127.0.0.1
11/22/2018 02:57:41 PM http://127.0.0.1:8000 "POST /api/upload/ HTTP/1.1" 201 20
11/22/2018 02:57:41 PM Resetting dropped connection: 127.0.0.1
11/22/2018 02:57:41 PM http://127.0.0.1:8000 "POST /api/upload/ HTTP/1.1" 201 20
11/22/2018 02:57:41 PM Resetting dropped connection: 127.0.0.1
11/22/2018 02:57:41 PM http://127.0.0.1:8000 "POST /api/upload/ HTTP/1.1" 201 20
11/22/2018 02:57:41 PM Resetting dropped connection: 127.0.0.1
11/22/2018 02:57:41 PM http://127.0.0.1:8000 "POST /api/upload/ HTTP/1.1" 201 20
11/22/2018 02:57:41 PM Resetting dropped connection: 127.0.0.1
11/22/2018 02:57:41 PM http://127.0.0.1:8000 "POST /api/upload/ HTTP/1.1" 201 20
11/22/2018 02:57:41 PM Resetting dropped connection: 127.0.0.1
11/22/2018 02:57:41 PM http://127.0.0.1:8000 "POST /api/upload/ HTTP/1.1" 201 20
11/22/2018 02:57:41 PM Resetting dropped connection: 127.0.0.1
11/22/2018 02:57:41 PM http://127.0.0.1:8000 "POST /api/upload/ HTTP/1.1" 201 20
11/22/2018 02:57:41 PM Resetting dropped connection: 127.0.0.1
11/22/2018 02:57:41 PM http://127.0.0.1:8000 "POST /api/upload/ HTTP/1.1" 201 20
11/22/2018 02:57:41 PM Resetting dropped connection: 127.0.0.1
11/22/2018 02:57:41 PM http://127.0.0.1:8000 "POST /api/upload/ HTTP/1.1" 201 20
11/22/2018 02:57:41 PM Resetting dropped connection: 127.0.0.1
11/22/2018 02:57:41 PM http://127.0.0.1:8000 "POST /api/upload/ HTTP/1.1" 201 20
11/22/2018 02:57:41 PM Resetting dropped connection: 127.0.0.1
11/22/2018 02:57:41 PM http://127.0.0.1:8000 "POST /api/upload/ HTTP/1.1" 201 20
11/22/2018 02:57:41 PM Resetting dropped connection: 127.0.0.1
11/22/2018 02:57:41 PM http://127.0.0.1:8000 "POST /api/upload/ HTTP/1.1" 201 20
11/22/2018 02:57:41 PM Resetting dropped connection: 127.0.0.1
11/22/2018 02:57:42 PM http://127.0.0.1:8000 "POST /api/upload/ HTTP/1.1" 201 20
11/22/2018 02:57:42 PM Resetting dropped connection: 127.0.0.1
11/22/2018 02:57:42 PM http://127.0.0.1:8000 "POST /api/upload/ HTTP/1.1" 201 20
11/22/2018 02:57:42 PM Resetting dropped connection: 127.0.0.1
11/22/2018 02:57:42 PM http://127.0.0.1:8000 "POST /api/upload/ HTTP/1.1" 201 20
11/22/2018 02:57:42 PM Resetting dropped connection: 127.0.0.1
11/22/2018 02:57:42 PM http://127.0.0.1:8000 "POST /api/upload/ HTTP/1.1" 201 20
11/22/2018 02:57:42 PM Resetting dropped connection: 127.0.0.1
11/22/2018 02:57:42 PM http://127.0.0.1:8000 "POST /api/upload/ HTTP/1.1" 201 20
11/22/2018 02:57:42 PM Resetting dropped connection: 127.0.0.1
11/22/2018 02:57:42 PM http://127.0.0.1:8000 "POST /api/upload/ HTTP/1.1" 201 20
11/22/2018 02:57:42 PM Resetting dropped connection: 127.0.0.1
11/22/2018 02:57:42 PM http://127.0.0.1:8000 "POST /api/upload/ HTTP/1.1" 201 20
11/22/2018 02:57:42 PM Resetting dropped connection: 127.0.0.1
11/22/2018 02:57:42 PM http://127.0.0.1:8000 "POST /api/upload/ HTTP/1.1" 201 20
11/22/2018 02:57:42 PM Resetting dropped connection: 127.0.0.1
11/22/2018 02:57:42 PM http://127.0.0.1:8000 "POST /api/upload/ HTTP/1.1" 201 20
11/22/2018 02:57:42 PM Resetting dropped connection: 127.0.0.1
11/22/2018 02:57:42 PM http://127.0.0.1:8000 "POST /api/upload/ HTTP/1.1" 201 20
11/22/2018 02:57:42 PM Resetting dropped connection: 127.0.0.1
11/22/2018 02:57:42 PM http://127.0.0.1:8000 "POST /api/upload/ HTTP/1.1" 201 20
11/22/2018 02:57:42 PM Resetting dropped connection: 127.0.0.1
11/22/2018 02:57:42 PM http://127.0.0.1:8000 "POST /api/upload/ HTTP/1.1" 201 20
11/22/2018 02:57:42 PM Resetting dropped connection: 127.0.0.1
11/22/2018 02:57:42 PM http://127.0.0.1:8000 "POST /api/upload/ HTTP/1.1" 201 20
11/22/2018 02:57:42 PM Resetting dropped connection: 127.0.0.1
11/22/2018 02:57:42 PM http://127.0.0.1:8000 "POST /api/upload/ HTTP/1.1" 201 20
11/22/2018 02:57:42 PM Resetting dropped connection: 127.0.0.1
11/22/2018 02:57:42 PM http://127.0.0.1:8000 "POST /api/upload/ HTTP/1.1" 201 20
11/22/2018 02:57:42 PM Resetting dropped connection: 127.0.0.1
11/22/2018 02:57:42 PM http://127.0.0.1:8000 "POST /api/upload/ HTTP/1.1" 201 20
11/22/2018 02:57:42 PM Resetting dropped connection: 127.0.0.1
11/22/2018 02:57:43 PM http://127.0.0.1:8000 "POST /api/upload/ HTTP/1.1" 201 20
11/22/2018 02:57:43 PM Resetting dropped connection: 127.0.0.1
11/22/2018 02:57:43 PM http://127.0.0.1:8000 "POST /api/upload/ HTTP/1.1" 201 20
11/22/2018 02:57:43 PM Resetting dropped connection: 127.0.0.1
11/22/2018 02:57:43 PM http://127.0.0.1:8000 "POST /api/upload/ HTTP/1.1" 201 20
11/22/2018 02:59:21 PM Starting new HTTP connection (1): 127.0.0.1:8000
11/22/2018 02:59:21 PM http://127.0.0.1:8000 "POST /api/login/ HTTP/1.1" 200 50
11/22/2018 02:59:21 PM Starting new HTTP connection (1): 127.0.0.1:8000
11/22/2018 02:59:21 PM http://127.0.0.1:8000 "POST /api/get-index/ HTTP/1.1" 200 10157
11/22/2018 02:59:30 PM Starting new HTTP connection (1): 127.0.0.1:8000
11/22/2018 02:59:30 PM http://127.0.0.1:8000 "POST /api/delete/ HTTP/1.1" 200 27
11/22/2018 02:59:30 PM Starting new HTTP connection (1): 127.0.0.1:8000
11/22/2018 02:59:30 PM http://127.0.0.1:8000 "POST /api/upload/ HTTP/1.1" 201 20
11/22/2018 02:59:30 PM Resetting dropped connection: 127.0.0.1
11/22/2018 02:59:31 PM http://127.0.0.1:8000 "POST /api/upload/ HTTP/1.1" 201 20
11/22/2018 02:59:37 PM Resetting dropped connection: 127.0.0.1
11/22/2018 03:46:07 PM Starting new HTTP connection (1): 127.0.0.1:8000
11/22/2018 03:46:08 PM http://127.0.0.1:8000 "POST /api/login/ HTTP/1.1" 200 50
11/22/2018 03:46:08 PM Starting new HTTP connection (1): 127.0.0.1:8000
11/22/2018 03:46:08 PM http://127.0.0.1:8000 "POST /api/get-index/ HTTP/1.1" 200 147
11/22/2018 03:53:48 PM Starting new HTTP connection (1): 127.0.0.1:8000
11/22/2018 03:53:48 PM http://127.0.0.1:8000 "POST /api/login/ HTTP/1.1" 200 50
11/22/2018 03:53:48 PM Starting new HTTP connection (1): 127.0.0.1:8000
11/22/2018 03:53:48 PM http://127.0.0.1:8000 "POST /api/get-index/ HTTP/1.1" 200 147
11/22/2018 03:54:16 PM Starting new HTTP connection (1): 127.0.0.1:8000
11/22/2018 03:54:16 PM http://127.0.0.1:8000 "POST /api/login/ HTTP/1.1" 200 50
11/22/2018 03:54:16 PM Starting new HTTP connection (1): 127.0.0.1:8000
11/22/2018 03:54:16 PM http://127.0.0.1:8000 "POST /api/get-index/ HTTP/1.1" 200 147
11/22/2018 03:54:34 PM Starting new HTTP connection (1): 127.0.0.1:8000
11/22/2018 03:54:58 PM http://127.0.0.1:8000 "POST /api/upload/ HTTP/1.1" 406 28
11/22/2018 03:54:58 PM {"Error":"MD5 don't match."}
11/22/2018 04:08:12 PM Starting new HTTP connection (1): 127.0.0.1:8000
11/22/2018 04:08:12 PM http://127.0.0.1:8000 "POST /api/login/ HTTP/1.1" 200 50
11/22/2018 04:08:12 PM Starting new HTTP connection (1): 127.0.0.1:8000
11/22/2018 04:08:12 PM http://127.0.0.1:8000 "POST /api/get-index/ HTTP/1.1" 200 147
11/22/2018 04:08:30 PM Starting new HTTP connection (1): 127.0.0.1:8000
11/22/2018 04:08:57 PM http://127.0.0.1:8000 "POST /api/upload/ HTTP/1.1" 406 28
11/22/2018 04:08:57 PM {"Error":"MD5 don't match."}
11/22/2018 04:10:04 PM Starting new HTTP connection (1): 127.0.0.1:8000
11/22/2018 04:10:04 PM http://127.0.0.1:8000 "POST /api/login/ HTTP/1.1" 200 50
11/22/2018 04:10:04 PM Starting new HTTP connection (1): 127.0.0.1:8000
11/22/2018 04:10:04 PM http://127.0.0.1:8000 "POST /api/get-index/ HTTP/1.1" 200 147
11/22/2018 04:11:53 PM Starting new HTTP connection (1): 127.0.0.1:8000
11/22/2018 04:11:53 PM http://127.0.0.1:8000 "POST /api/login/ HTTP/1.1" 200 50
11/22/2018 04:11:53 PM Starting new HTTP connection (1): 127.0.0.1:8000
11/22/2018 04:11:53 PM http://127.0.0.1:8000 "POST /api/get-index/ HTTP/1.1" 200 147
11/22/2018 04:13:44 PM Starting new HTTP connection (1): 127.0.0.1:8000
11/22/2018 04:13:44 PM http://127.0.0.1:8000 "POST /api/login/ HTTP/1.1" 200 50
11/22/2018 04:13:44 PM Starting new HTTP connection (1): 127.0.0.1:8000
11/22/2018 04:13:44 PM http://127.0.0.1:8000 "POST /api/get-index/ HTTP/1.1" 200 147
11/22/2018 04:14:02 PM Starting new HTTP connection (1): 127.0.0.1:8000
11/22/2018 04:14:28 PM http://127.0.0.1:8000 "POST /api/upload/ HTTP/1.1" 406 28
11/22/2018 04:14:28 PM {"Error":"MD5 don't match."}
11/22/2018 04:16:29 PM Starting new HTTP connection (1): 127.0.0.1:8000
11/22/2018 04:16:29 PM http://127.0.0.1:8000 "POST /api/login/ HTTP/1.1" 200 50
11/22/2018 04:16:29 PM Starting new HTTP connection (1): 127.0.0.1:8000
11/22/2018 04:16:29 PM http://127.0.0.1:8000 "POST /api/get-index/ HTTP/1.1" 200 147
11/22/2018 04:16:51 PM Starting new HTTP connection (1): 127.0.0.1:8000
11/22/2018 04:17:16 PM http://127.0.0.1:8000 "POST /api/upload/ HTTP/1.1" 406 28
11/22/2018 04:17:16 PM {"Error":"MD5 don't match."}
11/22/2018 04:18:28 PM Starting new HTTP connection (1): 127.0.0.1:8000
11/22/2018 04:18:28 PM HTTPConnectionPool(host='127.0.0.1', port=8000): Max retries exceeded with url: /api/login/ (Caused by NewConnectionError('<urllib3.connection.HTTPConnection object at 0x7f5aedd535c0>: Failed to establish a new connection: [Errno 111] Connection refused',))
Traceback (most recent call last):
  File "/home/saksham/Documents/CS251/SPC/venv/lib/python3.6/site-packages/urllib3/connection.py", line 159, in _new_conn
    (self._dns_host, self.port), self.timeout, **extra_kw)
  File "/home/saksham/Documents/CS251/SPC/venv/lib/python3.6/site-packages/urllib3/util/connection.py", line 80, in create_connection
    raise err
  File "/home/saksham/Documents/CS251/SPC/venv/lib/python3.6/site-packages/urllib3/util/connection.py", line 70, in create_connection
    sock.connect(sa)
ConnectionRefusedError: [Errno 111] Connection refused

During handling of the above exception, another exception occurred:

Traceback (most recent call last):
  File "/home/saksham/Documents/CS251/SPC/venv/lib/python3.6/site-packages/urllib3/connectionpool.py", line 600, in urlopen
    chunked=chunked)
  File "/home/saksham/Documents/CS251/SPC/venv/lib/python3.6/site-packages/urllib3/connectionpool.py", line 354, in _make_request
    conn.request(method, url, **httplib_request_kw)
  File "/usr/lib/python3.6/http/client.py", line 1239, in request
    self._send_request(method, url, body, headers, encode_chunked)
  File "/usr/lib/python3.6/http/client.py", line 1285, in _send_request
    self.endheaders(body, encode_chunked=encode_chunked)
  File "/usr/lib/python3.6/http/client.py", line 1234, in endheaders
    self._send_output(message_body, encode_chunked=encode_chunked)
  File "/usr/lib/python3.6/http/client.py", line 1026, in _send_output
    self.send(msg)
  File "/usr/lib/python3.6/http/client.py", line 964, in send
    self.connect()
  File "/home/saksham/Documents/CS251/SPC/venv/lib/python3.6/site-packages/urllib3/connection.py", line 181, in connect
    conn = self._new_conn()
  File "/home/saksham/Documents/CS251/SPC/venv/lib/python3.6/site-packages/urllib3/connection.py", line 168, in _new_conn
    self, "Failed to establish a new connection: %s" % e)
urllib3.exceptions.NewConnectionError: <urllib3.connection.HTTPConnection object at 0x7f5aedd535c0>: Failed to establish a new connection: [Errno 111] Connection refused

During handling of the above exception, another exception occurred:

Traceback (most recent call last):
  File "/home/saksham/Documents/CS251/SPC/venv/lib/python3.6/site-packages/requests/adapters.py", line 449, in send
    timeout=timeout
  File "/home/saksham/Documents/CS251/SPC/venv/lib/python3.6/site-packages/urllib3/connectionpool.py", line 638, in urlopen
    _stacktrace=sys.exc_info()[2])
  File "/home/saksham/Documents/CS251/SPC/venv/lib/python3.6/site-packages/urllib3/util/retry.py", line 398, in increment
    raise MaxRetryError(_pool, url, error or ResponseError(cause))
urllib3.exceptions.MaxRetryError: HTTPConnectionPool(host='127.0.0.1', port=8000): Max retries exceeded with url: /api/login/ (Caused by NewConnectionError('<urllib3.connection.HTTPConnection object at 0x7f5aedd535c0>: Failed to establish a new connection: [Errno 111] Connection refused',))

During handling of the above exception, another exception occurred:

Traceback (most recent call last):
  File "startup.py", line 54, in sync
    AuthKey = check_user_pass(server_url)
  File "startup.py", line 133, in check_user_pass
    AuthKey = get_auth_key(server_url, data['username'], data['password'])
  File "startup.py", line 155, in get_auth_key
    AuthKey = client.post(urlp.urljoin(server_url, 'api/login/'), data=payload)
  File "/home/saksham/Documents/CS251/SPC/venv/lib/python3.6/site-packages/requests/sessions.py", line 572, in post
    return self.request('POST', url, data=data, json=json, **kwargs)
  File "/home/saksham/Documents/CS251/SPC/venv/lib/python3.6/site-packages/requests/sessions.py", line 524, in request
    resp = self.send(prep, **send_kwargs)
  File "/home/saksham/Documents/CS251/SPC/venv/lib/python3.6/site-packages/requests/sessions.py", line 637, in send
    r = adapter.send(request, **kwargs)
  File "/home/saksham/Documents/CS251/SPC/venv/lib/python3.6/site-packages/requests/adapters.py", line 516, in send
    raise ConnectionError(e, request=request)
requests.exceptions.ConnectionError: HTTPConnectionPool(host='127.0.0.1', port=8000): Max retries exceeded with url: /api/login/ (Caused by NewConnectionError('<urllib3.connection.HTTPConnection object at 0x7f5aedd535c0>: Failed to establish a new connection: [Errno 111] Connection refused',))
11/22/2018 04:18:29 PM Starting new HTTP connection (1): 127.0.0.1:8000
11/22/2018 04:18:29 PM http://127.0.0.1:8000 "POST /api/login/ HTTP/1.1" 200 50
11/22/2018 04:18:29 PM Starting new HTTP connection (1): 127.0.0.1:8000
11/22/2018 04:18:29 PM http://127.0.0.1:8000 "POST /api/get-index/ HTTP/1.1" 200 147
11/22/2018 04:18:56 PM Starting new HTTP connection (1): 127.0.0.1:8000
11/22/2018 04:18:56 PM http://127.0.0.1:8000 "POST /api/login/ HTTP/1.1" 200 50
11/22/2018 04:18:56 PM Starting new HTTP connection (1): 127.0.0.1:8000
11/22/2018 04:18:56 PM http://127.0.0.1:8000 "POST /api/get-index/ HTTP/1.1" 200 147
11/22/2018 04:19:02 PM Starting new HTTP connection (1): 127.0.0.1:8000
11/22/2018 04:19:11 PM http://127.0.0.1:8000 "POST /api/upload/ HTTP/1.1" 403 28
11/22/2018 04:19:11 PM {"Error":"MD5 don't match."}
11/22/2018 04:25:42 PM Starting new HTTP connection (1): 127.0.0.1:8000
11/22/2018 04:25:42 PM http://127.0.0.1:8000 "POST /api/login/ HTTP/1.1" 200 50
11/22/2018 04:25:42 PM Starting new HTTP connection (1): 127.0.0.1:8000
11/22/2018 04:25:42 PM http://127.0.0.1:8000 "POST /api/get-index/ HTTP/1.1" 200 12
11/22/2018 04:25:46 PM Starting new HTTP connection (1): 127.0.0.1:8000
11/22/2018 04:25:46 PM http://127.0.0.1:8000 "POST /api/upload/ HTTP/1.1" 200 47
11/22/2018 04:25:46 PM {"error":"unexpected error, please try again."}
11/22/2018 04:25:46 PM Resetting dropped connection: 127.0.0.1
11/22/2018 04:25:46 PM http://127.0.0.1:8000 "POST /api/upload/ HTTP/1.1" 200 47
11/22/2018 04:25:46 PM {"error":"unexpected error, please try again."}
11/22/2018 04:25:48 PM Resetting dropped connection: 127.0.0.1
11/22/2018 04:25:54 PM http://127.0.0.1:8000 "POST /api/upload/ HTTP/1.1" 200 47
11/22/2018 04:25:54 PM {"error":"unexpected error, please try again."}
11/22/2018 04:27:10 PM Starting new HTTP connection (1): 127.0.0.1:8000
11/22/2018 04:27:10 PM http://127.0.0.1:8000 "POST /api/login/ HTTP/1.1" 200 50
11/22/2018 04:27:10 PM Starting new HTTP connection (1): 127.0.0.1:8000
11/22/2018 04:27:10 PM http://127.0.0.1:8000 "POST /api/get-index/ HTTP/1.1" 200 218
11/22/2018 04:27:18 PM Starting new HTTP connection (1): 127.0.0.1:8000
11/22/2018 04:27:19 PM http://127.0.0.1:8000 "POST /api/upload/ HTTP/1.1" 403 28
11/22/2018 04:27:19 PM {"Error":"MD5 don't match."}
11/22/2018 04:28:07 PM Starting new HTTP connection (1): 127.0.0.1:8000
11/22/2018 04:28:07 PM http://127.0.0.1:8000 "POST /api/login/ HTTP/1.1" 200 50
11/22/2018 04:28:07 PM Starting new HTTP connection (1): 127.0.0.1:8000
11/22/2018 04:28:07 PM http://127.0.0.1:8000 "POST /api/get-index/ HTTP/1.1" 200 218
11/22/2018 04:28:14 PM Starting new HTTP connection (1): 127.0.0.1:8000
11/22/2018 04:28:14 PM http://127.0.0.1:8000 "POST /api/login/ HTTP/1.1" 200 50
11/22/2018 04:28:14 PM Starting new HTTP connection (1): 127.0.0.1:8000
11/22/2018 04:28:14 PM http://127.0.0.1:8000 "POST /api/get-index/ HTTP/1.1" 200 218
11/22/2018 04:28:18 PM Starting new HTTP connection (1): 127.0.0.1:8000
11/22/2018 04:28:18 PM http://127.0.0.1:8000 "POST /api/upload/ HTTP/1.1" 403 28
11/22/2018 04:28:18 PM {"Error":"MD5 don't match."}
11/22/2018 04:28:23 PM Starting new HTTP connection (1): 127.0.0.1:8000
11/22/2018 04:28:23 PM http://127.0.0.1:8000 "POST /api/upload/ HTTP/1.1" 403 28
11/22/2018 04:28:23 PM {"Error":"MD5 don't match."}
11/22/2018 04:28:45 PM Starting new HTTP connection (1): 127.0.0.1:8000
11/22/2018 04:28:46 PM http://127.0.0.1:8000 "POST /api/login/ HTTP/1.1" 200 50
11/22/2018 04:28:46 PM Starting new HTTP connection (1): 127.0.0.1:8000
11/22/2018 04:28:46 PM http://127.0.0.1:8000 "POST /api/get-index/ HTTP/1.1" 200 218
11/22/2018 04:28:49 PM Starting new HTTP connection (1): 127.0.0.1:8000
11/22/2018 04:28:49 PM http://127.0.0.1:8000 "POST /api/delete/ HTTP/1.1" 200 27
11/22/2018 04:28:55 PM Starting new HTTP connection (1): 127.0.0.1:8000
11/22/2018 04:28:55 PM http://127.0.0.1:8000 "POST /api/login/ HTTP/1.1" 200 50
11/22/2018 04:28:55 PM Starting new HTTP connection (1): 127.0.0.1:8000
11/22/2018 04:28:55 PM http://127.0.0.1:8000 "POST /api/get-index/ HTTP/1.1" 200 12
11/22/2018 04:29:00 PM Starting new HTTP connection (1): 127.0.0.1:8000
11/22/2018 04:29:00 PM http://127.0.0.1:8000 "POST /api/upload/ HTTP/1.1" 200 28
11/22/2018 04:29:00 PM {"error":"Unexpected Error"}
11/22/2018 04:29:00 PM Resetting dropped connection: 127.0.0.1
11/22/2018 04:29:00 PM http://127.0.0.1:8000 "POST /api/upload/ HTTP/1.1" 200 28
11/22/2018 04:29:00 PM {"error":"Unexpected Error"}
11/22/2018 04:29:01 PM Resetting dropped connection: 127.0.0.1
11/22/2018 04:29:08 PM http://127.0.0.1:8000 "POST /api/upload/ HTTP/1.1" 200 28
11/22/2018 04:29:08 PM {"error":"Unexpected Error"}
11/22/2018 04:32:30 PM Starting new HTTP connection (1): 127.0.0.1:8000
11/22/2018 04:32:30 PM http://127.0.0.1:8000 "POST /api/login/ HTTP/1.1" 200 50
11/22/2018 04:32:30 PM Starting new HTTP connection (1): 127.0.0.1:8000
11/22/2018 04:32:30 PM http://127.0.0.1:8000 "POST /api/get-index/ HTTP/1.1" 200 218
11/22/2018 04:32:33 PM Starting new HTTP connection (1): 127.0.0.1:8000
11/22/2018 04:32:33 PM http://127.0.0.1:8000 "POST /api/upload/ HTTP/1.1" 201 20
11/22/2018 04:33:10 PM Starting new HTTP connection (1): 127.0.0.1:8000
11/22/2018 04:33:10 PM http://127.0.0.1:8000 "POST /api/login/ HTTP/1.1" 200 50
11/22/2018 04:33:10 PM Starting new HTTP connection (1): 127.0.0.1:8000
11/22/2018 04:33:10 PM http://127.0.0.1:8000 "POST /api/get-index/ HTTP/1.1" 200 291
11/22/2018 04:33:24 PM Starting new HTTP connection (1): 127.0.0.1:8000
11/22/2018 04:33:24 PM http://127.0.0.1:8000 "POST /api/login/ HTTP/1.1" 200 50
11/22/2018 04:33:24 PM Starting new HTTP connection (1): 127.0.0.1:8000
11/22/2018 04:33:24 PM http://127.0.0.1:8000 "POST /api/get-index/ HTTP/1.1" 200 291
11/22/2018 04:33:26 PM Starting new HTTP connection (1): 127.0.0.1:8000
11/22/2018 04:33:26 PM http://127.0.0.1:8000 "POST /api/delete/ HTTP/1.1" 200 27
11/22/2018 04:33:31 PM Starting new HTTP connection (1): 127.0.0.1:8000
11/22/2018 04:33:31 PM http://127.0.0.1:8000 "POST /api/login/ HTTP/1.1" 200 50
11/22/2018 04:33:31 PM Starting new HTTP connection (1): 127.0.0.1:8000
11/22/2018 04:33:31 PM http://127.0.0.1:8000 "POST /api/get-index/ HTTP/1.1" 200 12
11/22/2018 04:33:34 PM Starting new HTTP connection (1): 127.0.0.1:8000
11/22/2018 04:33:34 PM http://127.0.0.1:8000 "POST /api/upload/ HTTP/1.1" 201 20
11/22/2018 04:33:34 PM Resetting dropped connection: 127.0.0.1
11/22/2018 04:33:34 PM http://127.0.0.1:8000 "POST /api/upload/ HTTP/1.1" 201 20
11/22/2018 04:33:36 PM Resetting dropped connection: 127.0.0.1
11/22/2018 04:33:40 PM http://127.0.0.1:8000 "POST /api/upload/ HTTP/1.1" 201 20
11/22/2018 04:33:40 PM Resetting dropped connection: 127.0.0.1
11/22/2018 04:33:40 PM http://127.0.0.1:8000 "POST /api/upload/ HTTP/1.1" 201 20
11/22/2018 04:48:50 PM Starting new HTTP connection (1): 127.0.0.1:8000
11/22/2018 04:48:50 PM http://127.0.0.1:8000 "POST /api/login/ HTTP/1.1" 200 50
11/22/2018 04:48:50 PM Starting new HTTP connection (1): 127.0.0.1:8000
11/22/2018 04:48:50 PM http://127.0.0.1:8000 "POST /api/get-index/ HTTP/1.1" 200 291
11/22/2018 04:49:16 PM Starting new HTTP connection (1): 127.0.0.1:8000
11/22/2018 04:49:16 PM http://127.0.0.1:8000 "POST /api/login/ HTTP/1.1" 200 50
11/22/2018 04:49:16 PM Starting new HTTP connection (1): 127.0.0.1:8000
11/22/2018 04:49:16 PM http://127.0.0.1:8000 "POST /api/get-index/ HTTP/1.1" 200 291
11/22/2018 04:49:33 PM Starting new HTTP connection (1): 127.0.0.1:8000
11/22/2018 04:49:33 PM http://127.0.0.1:8000 "POST /api/login/ HTTP/1.1" 200 50
11/22/2018 04:49:33 PM Starting new HTTP connection (1): 127.0.0.1:8000
11/22/2018 04:49:34 PM http://127.0.0.1:8000 "POST /api/get-index/ HTTP/1.1" 200 291
11/22/2018 04:49:36 PM Starting new HTTP connection (1): 127.0.0.1:8000
11/22/2018 04:49:36 PM http://127.0.0.1:8000 "POST /api/delete/ HTTP/1.1" 200 27
11/22/2018 04:49:40 PM Starting new HTTP connection (1): 127.0.0.1:8000
11/22/2018 04:49:40 PM http://127.0.0.1:8000 "POST /api/login/ HTTP/1.1" 200 50
11/22/2018 04:49:40 PM Starting new HTTP connection (1): 127.0.0.1:8000
11/22/2018 04:49:40 PM http://127.0.0.1:8000 "POST /api/get-index/ HTTP/1.1" 200 291
11/22/2018 04:50:07 PM Starting new HTTP connection (1): 127.0.0.1:8000
11/22/2018 04:50:07 PM http://127.0.0.1:8000 "POST /api/login/ HTTP/1.1" 200 50
11/22/2018 04:50:07 PM Starting new HTTP connection (1): 127.0.0.1:8000
11/22/2018 04:50:07 PM http://127.0.0.1:8000 "POST /api/get-index/ HTTP/1.1" 200 291
11/22/2018 04:55:51 PM Starting new HTTP connection (1): 127.0.0.1:8000
11/22/2018 04:55:51 PM http://127.0.0.1:8000 "POST /api/login/ HTTP/1.1" 200 50
11/22/2018 04:55:51 PM Starting new HTTP connection (1): 127.0.0.1:8000
11/22/2018 04:55:51 PM http://127.0.0.1:8000 "POST /api/get-index/ HTTP/1.1" 200 12
11/22/2018 04:55:55 PM Starting new HTTP connection (1): 127.0.0.1:8000
11/22/2018 04:55:55 PM http://127.0.0.1:8000 "POST /api/upload/ HTTP/1.1" 201 20
11/22/2018 04:55:55 PM Resetting dropped connection: 127.0.0.1
11/22/2018 04:55:55 PM http://127.0.0.1:8000 "POST /api/upload/ HTTP/1.1" 201 20
11/22/2018 04:55:57 PM Resetting dropped connection: 127.0.0.1
11/22/2018 04:56:06 PM http://127.0.0.1:8000 "POST /api/upload/ HTTP/1.1" 201 20
11/22/2018 04:56:06 PM Resetting dropped connection: 127.0.0.1
11/22/2018 04:56:06 PM http://127.0.0.1:8000 "POST /api/upload/ HTTP/1.1" 201 20
11/22/2018 04:56:20 PM Starting new HTTP connection (1): 127.0.0.1:8000
11/22/2018 04:56:20 PM http://127.0.0.1:8000 "POST /api/login/ HTTP/1.1" 200 50
11/22/2018 04:56:20 PM Starting new HTTP connection (1): 127.0.0.1:8000
11/22/2018 04:56:20 PM http://127.0.0.1:8000 "POST /api/get-index/ HTTP/1.1" 200 291
11/22/2018 04:56:23 PM Starting new HTTP connection (1): 127.0.0.1:8000
11/22/2018 04:56:23 PM http://127.0.0.1:8000 "POST /api/delete/ HTTP/1.1" 200 27
11/22/2018 04:56:53 PM Starting new HTTP connection (1): 127.0.0.1:8000
11/22/2018 04:56:53 PM HTTPConnectionPool(host='127.0.0.1', port=8000): Max retries exceeded with url: /api/login/ (Caused by NewConnectionError('<urllib3.connection.HTTPConnection object at 0x7f83cfbbf3c8>: Failed to establish a new connection: [Errno 111] Connection refused',))
Traceback (most recent call last):
  File "/home/saksham/Documents/CS251/SPC/venv/lib/python3.6/site-packages/urllib3/connection.py", line 159, in _new_conn
    (self._dns_host, self.port), self.timeout, **extra_kw)
  File "/home/saksham/Documents/CS251/SPC/venv/lib/python3.6/site-packages/urllib3/util/connection.py", line 80, in create_connection
    raise err
  File "/home/saksham/Documents/CS251/SPC/venv/lib/python3.6/site-packages/urllib3/util/connection.py", line 70, in create_connection
    sock.connect(sa)
ConnectionRefusedError: [Errno 111] Connection refused

During handling of the above exception, another exception occurred:

Traceback (most recent call last):
  File "/home/saksham/Documents/CS251/SPC/venv/lib/python3.6/site-packages/urllib3/connectionpool.py", line 600, in urlopen
    chunked=chunked)
  File "/home/saksham/Documents/CS251/SPC/venv/lib/python3.6/site-packages/urllib3/connectionpool.py", line 354, in _make_request
    conn.request(method, url, **httplib_request_kw)
  File "/usr/lib/python3.6/http/client.py", line 1239, in request
    self._send_request(method, url, body, headers, encode_chunked)
  File "/usr/lib/python3.6/http/client.py", line 1285, in _send_request
    self.endheaders(body, encode_chunked=encode_chunked)
  File "/usr/lib/python3.6/http/client.py", line 1234, in endheaders
    self._send_output(message_body, encode_chunked=encode_chunked)
  File "/usr/lib/python3.6/http/client.py", line 1026, in _send_output
    self.send(msg)
  File "/usr/lib/python3.6/http/client.py", line 964, in send
    self.connect()
  File "/home/saksham/Documents/CS251/SPC/venv/lib/python3.6/site-packages/urllib3/connection.py", line 181, in connect
    conn = self._new_conn()
  File "/home/saksham/Documents/CS251/SPC/venv/lib/python3.6/site-packages/urllib3/connection.py", line 168, in _new_conn
    self, "Failed to establish a new connection: %s" % e)
urllib3.exceptions.NewConnectionError: <urllib3.connection.HTTPConnection object at 0x7f83cfbbf3c8>: Failed to establish a new connection: [Errno 111] Connection refused

During handling of the above exception, another exception occurred:

Traceback (most recent call last):
  File "/home/saksham/Documents/CS251/SPC/venv/lib/python3.6/site-packages/requests/adapters.py", line 449, in send
    timeout=timeout
  File "/home/saksham/Documents/CS251/SPC/venv/lib/python3.6/site-packages/urllib3/connectionpool.py", line 638, in urlopen
    _stacktrace=sys.exc_info()[2])
  File "/home/saksham/Documents/CS251/SPC/venv/lib/python3.6/site-packages/urllib3/util/retry.py", line 398, in increment
    raise MaxRetryError(_pool, url, error or ResponseError(cause))
urllib3.exceptions.MaxRetryError: HTTPConnectionPool(host='127.0.0.1', port=8000): Max retries exceeded with url: /api/login/ (Caused by NewConnectionError('<urllib3.connection.HTTPConnection object at 0x7f83cfbbf3c8>: Failed to establish a new connection: [Errno 111] Connection refused',))

During handling of the above exception, another exception occurred:

Traceback (most recent call last):
  File "startup.py", line 51, in sync
    AuthKey = check_user_pass(server_url)
  File "startup.py", line 131, in check_user_pass
    AuthKey = get_auth_key(server_url, data['username'], data['password'])
  File "startup.py", line 153, in get_auth_key
    AuthKey = client.post(urlp.urljoin(server_url, 'api/login/'), data=payload)
  File "/home/saksham/Documents/CS251/SPC/venv/lib/python3.6/site-packages/requests/sessions.py", line 572, in post
    return self.request('POST', url, data=data, json=json, **kwargs)
  File "/home/saksham/Documents/CS251/SPC/venv/lib/python3.6/site-packages/requests/sessions.py", line 524, in request
    resp = self.send(prep, **send_kwargs)
  File "/home/saksham/Documents/CS251/SPC/venv/lib/python3.6/site-packages/requests/sessions.py", line 637, in send
    r = adapter.send(request, **kwargs)
  File "/home/saksham/Documents/CS251/SPC/venv/lib/python3.6/site-packages/requests/adapters.py", line 516, in send
    raise ConnectionError(e, request=request)
requests.exceptions.ConnectionError: HTTPConnectionPool(host='127.0.0.1', port=8000): Max retries exceeded with url: /api/login/ (Caused by NewConnectionError('<urllib3.connection.HTTPConnection object at 0x7f83cfbbf3c8>: Failed to establish a new connection: [Errno 111] Connection refused',))
11/22/2018 04:56:55 PM Starting new HTTP connection (1): 127.0.0.1:8000
11/22/2018 04:56:55 PM http://127.0.0.1:8000 "POST /api/login/ HTTP/1.1" 200 50
11/22/2018 04:56:55 PM Starting new HTTP connection (1): 127.0.0.1:8000
11/22/2018 04:56:55 PM http://127.0.0.1:8000 "POST /api/get-index/ HTTP/1.1" 200 291
11/22/2018 04:56:57 PM Starting new HTTP connection (1): 127.0.0.1:8000
11/22/2018 04:56:57 PM http://127.0.0.1:8000 "POST /api/delete/ HTTP/1.1" 200 27
11/22/2018 04:56:58 PM Starting new HTTP connection (1): 127.0.0.1:8000
11/22/2018 04:56:58 PM http://127.0.0.1:8000 "POST /api/login/ HTTP/1.1" 200 50
11/22/2018 04:56:58 PM Starting new HTTP connection (1): 127.0.0.1:8000
11/22/2018 04:56:58 PM http://127.0.0.1:8000 "POST /api/get-index/ HTTP/1.1" 200 12
11/22/2018 04:56:59 PM Starting new HTTP connection (1): 127.0.0.1:8000
11/22/2018 04:56:59 PM http://127.0.0.1:8000 "POST /api/login/ HTTP/1.1" 200 50
11/22/2018 04:56:59 PM Starting new HTTP connection (1): 127.0.0.1:8000
11/22/2018 04:56:59 PM http://127.0.0.1:8000 "POST /api/get-index/ HTTP/1.1" 200 12
11/22/2018 04:57:11 PM Starting new HTTP connection (1): 127.0.0.1:8000
11/22/2018 04:57:11 PM http://127.0.0.1:8000 "POST /api/login/ HTTP/1.1" 200 50
11/22/2018 04:57:11 PM Starting new HTTP connection (1): 127.0.0.1:8000
11/22/2018 04:57:11 PM http://127.0.0.1:8000 "POST /api/get-index/ HTTP/1.1" 200 12
11/22/2018 04:57:14 PM Starting new HTTP connection (1): 127.0.0.1:8000
11/22/2018 04:57:14 PM http://127.0.0.1:8000 "POST /api/upload/ HTTP/1.1" 201 20
11/22/2018 04:57:14 PM Resetting dropped connection: 127.0.0.1
11/22/2018 04:57:14 PM http://127.0.0.1:8000 "POST /api/upload/ HTTP/1.1" 201 20
11/22/2018 04:57:17 PM Resetting dropped connection: 127.0.0.1
11/22/2018 04:57:23 PM http://127.0.0.1:8000 "POST /api/upload/ HTTP/1.1" 201 20
11/22/2018 04:57:23 PM Resetting dropped connection: 127.0.0.1
11/22/2018 04:57:23 PM http://127.0.0.1:8000 "POST /api/upload/ HTTP/1.1" 201 20
11/22/2018 04:57:51 PM Starting new HTTP connection (1): 127.0.0.1:8000
11/22/2018 04:57:51 PM http://127.0.0.1:8000 "POST /api/login/ HTTP/1.1" 200 50
11/22/2018 04:57:51 PM Starting new HTTP connection (1): 127.0.0.1:8000
11/22/2018 04:57:51 PM http://127.0.0.1:8000 "POST /api/get-index/ HTTP/1.1" 200 291
11/22/2018 04:57:52 PM Starting new HTTP connection (1): 127.0.0.1:8000
11/22/2018 04:57:53 PM http://127.0.0.1:8000 "POST /api/delete/ HTTP/1.1" 200 27
11/22/2018 04:57:55 PM Starting new HTTP connection (1): 127.0.0.1:8000
11/22/2018 04:57:55 PM http://127.0.0.1:8000 "POST /api/login/ HTTP/1.1" 200 50
11/22/2018 04:57:55 PM Starting new HTTP connection (1): 127.0.0.1:8000
11/22/2018 04:57:55 PM http://127.0.0.1:8000 "POST /api/get-index/ HTTP/1.1" 200 291
11/22/2018 04:59:16 PM Starting new HTTP connection (1): 127.0.0.1:8000
11/22/2018 04:59:16 PM http://127.0.0.1:8000 "POST /api/delete/ HTTP/1.1" 200 24
11/22/2018 04:59:17 PM Starting new HTTP connection (1): 127.0.0.1:8000
11/22/2018 04:59:17 PM http://127.0.0.1:8000 "POST /api/login/ HTTP/1.1" 200 50
11/22/2018 04:59:17 PM Starting new HTTP connection (1): 127.0.0.1:8000
11/22/2018 04:59:17 PM http://127.0.0.1:8000 "POST /api/get-index/ HTTP/1.1" 200 12
11/22/2018 04:59:21 PM Starting new HTTP connection (1): 127.0.0.1:8000
11/22/2018 04:59:21 PM http://127.0.0.1:8000 "POST /api/login/ HTTP/1.1" 200 50
11/22/2018 04:59:21 PM Starting new HTTP connection (1): 127.0.0.1:8000
11/22/2018 04:59:21 PM http://127.0.0.1:8000 "POST /api/get-index/ HTTP/1.1" 200 12
11/22/2018 04:59:25 PM Starting new HTTP connection (1): 127.0.0.1:8000
11/22/2018 04:59:25 PM http://127.0.0.1:8000 "POST /api/upload/ HTTP/1.1" 201 20
11/22/2018 04:59:25 PM Resetting dropped connection: 127.0.0.1
11/22/2018 04:59:25 PM http://127.0.0.1:8000 "POST /api/upload/ HTTP/1.1" 201 20
11/22/2018 04:59:27 PM Resetting dropped connection: 127.0.0.1
11/22/2018 04:59:36 PM http://127.0.0.1:8000 "POST /api/upload/ HTTP/1.1" 201 20
11/22/2018 04:59:36 PM Resetting dropped connection: 127.0.0.1
11/22/2018 04:59:36 PM http://127.0.0.1:8000 "POST /api/upload/ HTTP/1.1" 201 20
11/22/2018 04:59:46 PM Starting new HTTP connection (1): 127.0.0.1:8000
11/22/2018 04:59:46 PM http://127.0.0.1:8000 "POST /api/login/ HTTP/1.1" 200 50
11/22/2018 04:59:46 PM Starting new HTTP connection (1): 127.0.0.1:8000
11/22/2018 04:59:46 PM http://127.0.0.1:8000 "POST /api/get-index/ HTTP/1.1" 200 291
11/22/2018 04:59:47 PM Starting new HTTP connection (1): 127.0.0.1:8000
11/22/2018 04:59:47 PM http://127.0.0.1:8000 "POST /api/delete/ HTTP/1.1" 200 24
11/22/2018 04:59:52 PM Starting new HTTP connection (1): 127.0.0.1:8000
11/22/2018 04:59:52 PM http://127.0.0.1:8000 "POST /api/login/ HTTP/1.1" 200 50
11/22/2018 04:59:52 PM Starting new HTTP connection (1): 127.0.0.1:8000
11/22/2018 04:59:52 PM http://127.0.0.1:8000 "POST /api/get-index/ HTTP/1.1" 200 12
11/22/2018 05:08:09 PM Starting new HTTP connection (1): 127.0.0.1:8000
11/22/2018 05:08:09 PM http://127.0.0.1:8000 "POST /api/login/ HTTP/1.1" 200 50
11/22/2018 05:08:09 PM Starting new HTTP connection (1): 127.0.0.1:8000
11/22/2018 05:08:09 PM http://127.0.0.1:8000 "POST /api/get-index/ HTTP/1.1" 200 12
11/22/2018 05:08:12 PM Starting new HTTP connection (1): 127.0.0.1:8000
11/22/2018 05:08:12 PM http://127.0.0.1:8000 "POST /api/login/ HTTP/1.1" 200 50
11/22/2018 05:08:12 PM Starting new HTTP connection (1): 127.0.0.1:8000
11/22/2018 05:08:12 PM http://127.0.0.1:8000 "POST /api/get-index/ HTTP/1.1" 200 12
11/22/2018 05:08:52 PM Starting new HTTP connection (1): 127.0.0.1:8000
11/22/2018 05:08:52 PM http://127.0.0.1:8000 "POST /api/login/ HTTP/1.1" 200 50
11/22/2018 05:08:52 PM Starting new HTTP connection (1): 127.0.0.1:8000
11/22/2018 05:08:52 PM http://127.0.0.1:8000 "POST /api/get-index/ HTTP/1.1" 200 12
11/22/2018 05:08:56 PM Starting new HTTP connection (1): 127.0.0.1:8000
11/22/2018 05:08:56 PM http://127.0.0.1:8000 "POST /api/upload/ HTTP/1.1" 200 47
11/22/2018 05:08:56 PM {"error":"unexpected error, please try again."}
11/22/2018 05:08:56 PM Resetting dropped connection: 127.0.0.1
11/22/2018 05:08:56 PM http://127.0.0.1:8000 "POST /api/upload/ HTTP/1.1" 200 47
11/22/2018 05:08:56 PM {"error":"unexpected error, please try again."}
11/22/2018 05:09:00 PM Resetting dropped connection: 127.0.0.1
11/22/2018 05:09:04 PM http://127.0.0.1:8000 "POST /api/upload/ HTTP/1.1" 200 47
11/22/2018 05:09:04 PM {"error":"unexpected error, please try again."}
11/22/2018 05:09:17 PM Starting new HTTP connection (1): 127.0.0.1:8000
11/22/2018 05:09:17 PM http://127.0.0.1:8000 "POST /api/login/ HTTP/1.1" 200 50
11/22/2018 05:09:17 PM Starting new HTTP connection (1): 127.0.0.1:8000
11/22/2018 05:09:17 PM http://127.0.0.1:8000 "POST /api/get-index/ HTTP/1.1" 200 12
11/22/2018 05:09:25 PM Starting new HTTP connection (1): 127.0.0.1:8000
11/22/2018 05:09:25 PM http://127.0.0.1:8000 "POST /api/upload/ HTTP/1.1" 200 47
11/22/2018 05:09:25 PM {"error":"unexpected error, please try again."}
11/22/2018 05:09:25 PM Resetting dropped connection: 127.0.0.1
11/22/2018 05:09:25 PM http://127.0.0.1:8000 "POST /api/upload/ HTTP/1.1" 200 47
11/22/2018 05:09:25 PM {"error":"unexpected error, please try again."}
11/22/2018 05:10:36 PM Starting new HTTP connection (1): 127.0.0.1:8000
11/22/2018 05:10:37 PM http://127.0.0.1:8000 "POST /api/login/ HTTP/1.1" 200 50
11/22/2018 05:10:37 PM Starting new HTTP connection (1): 127.0.0.1:8000
11/22/2018 05:10:37 PM http://127.0.0.1:8000 "POST /api/get-index/ HTTP/1.1" 200 12
11/22/2018 05:10:40 PM Starting new HTTP connection (1): 127.0.0.1:8000
11/22/2018 05:10:40 PM http://127.0.0.1:8000 "POST /api/upload/ HTTP/1.1" 200 47
11/22/2018 05:10:40 PM {"error":"unexpected error, please try again."}
11/22/2018 05:10:40 PM Resetting dropped connection: 127.0.0.1
11/22/2018 05:10:40 PM http://127.0.0.1:8000 "POST /api/upload/ HTTP/1.1" 200 47
11/22/2018 05:10:40 PM {"error":"unexpected error, please try again."}
11/22/2018 05:10:44 PM Resetting dropped connection: 127.0.0.1
11/22/2018 05:10:48 PM http://127.0.0.1:8000 "POST /api/upload/ HTTP/1.1" 200 47
11/22/2018 05:10:48 PM {"error":"unexpected error, please try again."}
11/22/2018 05:11:58 PM Starting new HTTP connection (1): 127.0.0.1:8000
11/22/2018 05:11:58 PM http://127.0.0.1:8000 "POST /api/login/ HTTP/1.1" 200 50
11/22/2018 05:11:58 PM Starting new HTTP connection (1): 127.0.0.1:8000
11/22/2018 05:11:58 PM http://127.0.0.1:8000 "POST /api/get-index/ HTTP/1.1" 200 12
11/22/2018 05:12:02 PM Starting new HTTP connection (1): 127.0.0.1:8000
11/22/2018 05:12:02 PM http://127.0.0.1:8000 "POST /api/upload/ HTTP/1.1" 201 20
11/22/2018 05:12:02 PM Resetting dropped connection: 127.0.0.1
11/22/2018 05:12:02 PM http://127.0.0.1:8000 "POST /api/upload/ HTTP/1.1" 201 20
11/22/2018 05:12:06 PM Resetting dropped connection: 127.0.0.1
11/22/2018 05:12:12 PM http://127.0.0.1:8000 "POST /api/upload/ HTTP/1.1" 201 20
11/22/2018 05:12:12 PM Resetting dropped connection: 127.0.0.1
11/22/2018 05:12:12 PM http://127.0.0.1:8000 "POST /api/upload/ HTTP/1.1" 201 20
11/22/2018 05:58:04 PM Starting new HTTP connection (1): 127.0.0.1:8000
11/22/2018 05:58:04 PM http://127.0.0.1:8000 "POST /api/login/ HTTP/1.1" 200 50
11/22/2018 05:58:04 PM Starting new HTTP connection (1): 127.0.0.1:8000
11/22/2018 05:58:04 PM http://127.0.0.1:8000 "POST /api/get-index/ HTTP/1.1" 200 291
11/22/2018 05:58:22 PM Starting new HTTP connection (1): 127.0.0.1:8000
11/22/2018 05:58:22 PM HTTPConnectionPool(host='127.0.0.1', port=8000): Max retries exceeded with url: /api/login/ (Caused by NewConnectionError('<urllib3.connection.HTTPConnection object at 0x7f01555e14e0>: Failed to establish a new connection: [Errno 111] Connection refused',))
Traceback (most recent call last):
  File "/home/saksham/Documents/CS251/SPC/venv/lib/python3.6/site-packages/urllib3/connection.py", line 159, in _new_conn
    (self._dns_host, self.port), self.timeout, **extra_kw)
  File "/home/saksham/Documents/CS251/SPC/venv/lib/python3.6/site-packages/urllib3/util/connection.py", line 80, in create_connection
    raise err
  File "/home/saksham/Documents/CS251/SPC/venv/lib/python3.6/site-packages/urllib3/util/connection.py", line 70, in create_connection
    sock.connect(sa)
ConnectionRefusedError: [Errno 111] Connection refused

During handling of the above exception, another exception occurred:

Traceback (most recent call last):
  File "/home/saksham/Documents/CS251/SPC/venv/lib/python3.6/site-packages/urllib3/connectionpool.py", line 600, in urlopen
    chunked=chunked)
  File "/home/saksham/Documents/CS251/SPC/venv/lib/python3.6/site-packages/urllib3/connectionpool.py", line 354, in _make_request
    conn.request(method, url, **httplib_request_kw)
  File "/usr/lib/python3.6/http/client.py", line 1239, in request
    self._send_request(method, url, body, headers, encode_chunked)
  File "/usr/lib/python3.6/http/client.py", line 1285, in _send_request
    self.endheaders(body, encode_chunked=encode_chunked)
  File "/usr/lib/python3.6/http/client.py", line 1234, in endheaders
    self._send_output(message_body, encode_chunked=encode_chunked)
  File "/usr/lib/python3.6/http/client.py", line 1026, in _send_output
    self.send(msg)
  File "/usr/lib/python3.6/http/client.py", line 964, in send
    self.connect()
  File "/home/saksham/Documents/CS251/SPC/venv/lib/python3.6/site-packages/urllib3/connection.py", line 181, in connect
    conn = self._new_conn()
  File "/home/saksham/Documents/CS251/SPC/venv/lib/python3.6/site-packages/urllib3/connection.py", line 168, in _new_conn
    self, "Failed to establish a new connection: %s" % e)
urllib3.exceptions.NewConnectionError: <urllib3.connection.HTTPConnection object at 0x7f01555e14e0>: Failed to establish a new connection: [Errno 111] Connection refused

During handling of the above exception, another exception occurred:

Traceback (most recent call last):
  File "/home/saksham/Documents/CS251/SPC/venv/lib/python3.6/site-packages/requests/adapters.py", line 449, in send
    timeout=timeout
  File "/home/saksham/Documents/CS251/SPC/venv/lib/python3.6/site-packages/urllib3/connectionpool.py", line 638, in urlopen
    _stacktrace=sys.exc_info()[2])
  File "/home/saksham/Documents/CS251/SPC/venv/lib/python3.6/site-packages/urllib3/util/retry.py", line 398, in increment
    raise MaxRetryError(_pool, url, error or ResponseError(cause))
urllib3.exceptions.MaxRetryError: HTTPConnectionPool(host='127.0.0.1', port=8000): Max retries exceeded with url: /api/login/ (Caused by NewConnectionError('<urllib3.connection.HTTPConnection object at 0x7f01555e14e0>: Failed to establish a new connection: [Errno 111] Connection refused',))

During handling of the above exception, another exception occurred:

Traceback (most recent call last):
  File "startup.py", line 51, in sync
    AuthKey = check_user_pass(server_url)
  File "startup.py", line 131, in check_user_pass
    AuthKey = get_auth_key(server_url, data['username'], data['password'])
  File "startup.py", line 153, in get_auth_key
    AuthKey = client.post(urlp.urljoin(server_url, 'api/login/'), data=payload)
  File "/home/saksham/Documents/CS251/SPC/venv/lib/python3.6/site-packages/requests/sessions.py", line 572, in post
    return self.request('POST', url, data=data, json=json, **kwargs)
  File "/home/saksham/Documents/CS251/SPC/venv/lib/python3.6/site-packages/requests/sessions.py", line 524, in request
    resp = self.send(prep, **send_kwargs)
  File "/home/saksham/Documents/CS251/SPC/venv/lib/python3.6/site-packages/requests/sessions.py", line 637, in send
    r = adapter.send(request, **kwargs)
  File "/home/saksham/Documents/CS251/SPC/venv/lib/python3.6/site-packages/requests/adapters.py", line 516, in send
    raise ConnectionError(e, request=request)
requests.exceptions.ConnectionError: HTTPConnectionPool(host='127.0.0.1', port=8000): Max retries exceeded with url: /api/login/ (Caused by NewConnectionError('<urllib3.connection.HTTPConnection object at 0x7f01555e14e0>: Failed to establish a new connection: [Errno 111] Connection refused',))
11/22/2018 05:58:23 PM Starting new HTTP connection (1): 127.0.0.1:8000
11/22/2018 05:58:23 PM http://127.0.0.1:8000 "POST /api/login/ HTTP/1.1" 200 50
11/22/2018 05:58:24 PM Starting new HTTP connection (1): 127.0.0.1:8000
11/22/2018 05:58:24 PM http://127.0.0.1:8000 "POST /api/get-index/ HTTP/1.1" 200 299
11/22/2018 05:58:30 PM Starting new HTTP connection (1): 127.0.0.1:8000
11/22/2018 05:58:30 PM http://127.0.0.1:8000 "POST /api/login/ HTTP/1.1" 200 50
11/22/2018 05:58:30 PM Starting new HTTP connection (1): 127.0.0.1:8000
11/22/2018 05:58:30 PM http://127.0.0.1:8000 "POST /api/get-index/ HTTP/1.1" 200 299
11/22/2018 05:58:32 PM Starting new HTTP connection (1): 127.0.0.1:8000
11/22/2018 05:58:32 PM http://127.0.0.1:8000 "POST /api/delete/ HTTP/1.1" 200 24
11/22/2018 05:58:36 PM Starting new HTTP connection (1): 127.0.0.1:8000
11/22/2018 05:58:36 PM http://127.0.0.1:8000 "POST /api/login/ HTTP/1.1" 200 50
11/22/2018 05:58:36 PM Starting new HTTP connection (1): 127.0.0.1:8000
11/22/2018 05:58:36 PM http://127.0.0.1:8000 "POST /api/get-index/ HTTP/1.1" 200 12
11/22/2018 05:58:54 PM Starting new HTTP connection (1): 127.0.0.1:8000
11/22/2018 05:58:54 PM http://127.0.0.1:8000 "POST /api/login/ HTTP/1.1" 200 50
11/22/2018 05:58:54 PM Starting new HTTP connection (1): 127.0.0.1:8000
11/22/2018 05:58:54 PM http://127.0.0.1:8000 "POST /api/get-index/ HTTP/1.1" 200 12
11/22/2018 05:58:58 PM Starting new HTTP connection (1): 127.0.0.1:8000
11/22/2018 05:58:58 PM http://127.0.0.1:8000 "POST /api/upload/ HTTP/1.1" 201 20
11/22/2018 05:58:58 PM Resetting dropped connection: 127.0.0.1
11/22/2018 05:58:58 PM http://127.0.0.1:8000 "POST /api/upload/ HTTP/1.1" 201 20
11/22/2018 05:59:02 PM Resetting dropped connection: 127.0.0.1
11/22/2018 05:59:08 PM http://127.0.0.1:8000 "POST /api/upload/ HTTP/1.1" 201 20
11/22/2018 05:59:08 PM Resetting dropped connection: 127.0.0.1
11/22/2018 05:59:08 PM http://127.0.0.1:8000 "POST /api/upload/ HTTP/1.1" 201 20
11/22/2018 05:59:24 PM Starting new HTTP connection (1): 127.0.0.1:8000
11/22/2018 05:59:24 PM http://127.0.0.1:8000 "POST /api/login/ HTTP/1.1" 200 50
11/22/2018 05:59:24 PM Starting new HTTP connection (1): 127.0.0.1:8000
11/22/2018 05:59:24 PM http://127.0.0.1:8000 "POST /api/get-index/ HTTP/1.1" 200 299
11/22/2018 05:59:30 PM Starting new HTTP connection (1): 127.0.0.1:8000
11/22/2018 05:59:30 PM http://127.0.0.1:8000 "POST /api/download/ HTTP/1.1" 200 9
11/22/2018 05:59:30 PM Resetting dropped connection: 127.0.0.1
11/22/2018 05:59:30 PM http://127.0.0.1:8000 "POST /api/download/ HTTP/1.1" 200 25
11/22/2018 06:00:15 PM Starting new HTTP connection (1): 127.0.0.1:8000
11/22/2018 06:00:15 PM http://127.0.0.1:8000 "POST /api/login/ HTTP/1.1" 200 50
11/22/2018 06:00:15 PM Starting new HTTP connection (1): 127.0.0.1:8000
11/22/2018 06:00:15 PM http://127.0.0.1:8000 "POST /api/get-index/ HTTP/1.1" 200 299
11/22/2018 06:00:21 PM Starting new HTTP connection (1): 127.0.0.1:8000
11/22/2018 06:00:21 PM http://127.0.0.1:8000 "POST /api/download/ HTTP/1.1" 200 25
11/22/2018 06:00:21 PM Resetting dropped connection: 127.0.0.1
11/22/2018 06:00:21 PM http://127.0.0.1:8000 "POST /api/download/ HTTP/1.1" 200 25
11/22/2018 06:00:21 PM Resetting dropped connection: 127.0.0.1
11/22/2018 06:00:21 PM http://127.0.0.1:8000 "POST /api/download/ HTTP/1.1" 200 727012695
11/22/2018 06:01:52 PM Starting new HTTP connection (1): 127.0.0.1:8000
11/22/2018 06:01:52 PM http://127.0.0.1:8000 "POST /api/login/ HTTP/1.1" 200 50
11/22/2018 06:01:52 PM Starting new HTTP connection (1): 127.0.0.1:8000
11/22/2018 06:01:52 PM http://127.0.0.1:8000 "POST /api/get-index/ HTTP/1.1" 200 299
11/22/2018 06:01:56 PM Starting new HTTP connection (1): 127.0.0.1:8000
11/22/2018 06:01:56 PM http://127.0.0.1:8000 "POST /api/download/ HTTP/1.1" 200 25
11/22/2018 06:01:56 PM Resetting dropped connection: 127.0.0.1
11/22/2018 06:01:56 PM http://127.0.0.1:8000 "POST /api/download/ HTTP/1.1" 200 25
11/22/2018 06:01:56 PM Resetting dropped connection: 127.0.0.1
11/22/2018 06:01:56 PM http://127.0.0.1:8000 "POST /api/download/ HTTP/1.1" 200 727012695
11/22/2018 06:02:03 PM Starting new HTTP connection (1): 127.0.0.1:8000
11/22/2018 06:02:03 PM http://127.0.0.1:8000 "POST /api/upload/ HTTP/1.1" 201 20
11/22/2018 06:02:03 PM Resetting dropped connection: 127.0.0.1
11/22/2018 06:02:03 PM http://127.0.0.1:8000 "POST /api/upload/ HTTP/1.1" 201 20
11/22/2018 06:02:03 PM Resetting dropped connection: 127.0.0.1
11/22/2018 06:02:04 PM http://127.0.0.1:8000 "POST /api/upload/ HTTP/1.1" 201 20
11/22/2018 06:02:04 PM Resetting dropped connection: 127.0.0.1
11/22/2018 06:02:04 PM http://127.0.0.1:8000 "POST /api/upload/ HTTP/1.1" 201 20
11/22/2018 06:02:04 PM Resetting dropped connection: 127.0.0.1
11/22/2018 06:02:04 PM http://127.0.0.1:8000 "POST /api/upload/ HTTP/1.1" 201 20
11/22/2018 06:02:04 PM Resetting dropped connection: 127.0.0.1
11/22/2018 06:02:04 PM http://127.0.0.1:8000 "POST /api/upload/ HTTP/1.1" 201 20
11/22/2018 06:02:04 PM Resetting dropped connection: 127.0.0.1
11/22/2018 06:02:04 PM http://127.0.0.1:8000 "POST /api/upload/ HTTP/1.1" 201 20
11/22/2018 06:02:04 PM Resetting dropped connection: 127.0.0.1
11/22/2018 06:02:04 PM http://127.0.0.1:8000 "POST /api/upload/ HTTP/1.1" 201 20
11/22/2018 06:02:04 PM Resetting dropped connection: 127.0.0.1
11/22/2018 06:02:04 PM http://127.0.0.1:8000 "POST /api/upload/ HTTP/1.1" 201 20
11/22/2018 06:02:04 PM Resetting dropped connection: 127.0.0.1
11/22/2018 06:02:04 PM http://127.0.0.1:8000 "POST /api/upload/ HTTP/1.1" 201 20
11/22/2018 06:02:04 PM Resetting dropped connection: 127.0.0.1
11/22/2018 06:02:04 PM http://127.0.0.1:8000 "POST /api/upload/ HTTP/1.1" 201 20
11/22/2018 06:02:04 PM Resetting dropped connection: 127.0.0.1
11/22/2018 06:02:04 PM http://127.0.0.1:8000 "POST /api/upload/ HTTP/1.1" 201 20
11/22/2018 06:02:05 PM Resetting dropped connection: 127.0.0.1
11/22/2018 06:02:05 PM http://127.0.0.1:8000 "POST /api/upload/ HTTP/1.1" 201 20
11/22/2018 06:02:05 PM Resetting dropped connection: 127.0.0.1
11/22/2018 06:02:05 PM http://127.0.0.1:8000 "POST /api/upload/ HTTP/1.1" 201 20
11/22/2018 06:02:05 PM Resetting dropped connection: 127.0.0.1
11/22/2018 06:02:05 PM http://127.0.0.1:8000 "POST /api/upload/ HTTP/1.1" 201 20
11/22/2018 06:02:05 PM Resetting dropped connection: 127.0.0.1
11/22/2018 06:02:05 PM http://127.0.0.1:8000 "POST /api/upload/ HTTP/1.1" 201 20
11/22/2018 06:02:05 PM Resetting dropped connection: 127.0.0.1
11/22/2018 06:02:05 PM http://127.0.0.1:8000 "POST /api/upload/ HTTP/1.1" 201 20
11/22/2018 06:02:05 PM Resetting dropped connection: 127.0.0.1
11/22/2018 06:02:05 PM http://127.0.0.1:8000 "POST /api/upload/ HTTP/1.1" 201 20
11/22/2018 06:02:05 PM Resetting dropped connection: 127.0.0.1
11/22/2018 06:02:05 PM http://127.0.0.1:8000 "POST /api/upload/ HTTP/1.1" 201 20
11/22/2018 06:02:05 PM Resetting dropped connection: 127.0.0.1
11/22/2018 06:02:05 PM http://127.0.0.1:8000 "POST /api/upload/ HTTP/1.1" 201 20
11/22/2018 06:02:05 PM Resetting dropped connection: 127.0.0.1
11/22/2018 06:02:05 PM http://127.0.0.1:8000 "POST /api/upload/ HTTP/1.1" 201 20
11/22/2018 06:02:05 PM Resetting dropped connection: 127.0.0.1
11/22/2018 06:02:05 PM http://127.0.0.1:8000 "POST /api/upload/ HTTP/1.1" 201 20
11/22/2018 06:02:05 PM Resetting dropped connection: 127.0.0.1
11/22/2018 06:02:05 PM http://127.0.0.1:8000 "POST /api/upload/ HTTP/1.1" 201 20
11/22/2018 06:02:05 PM Resetting dropped connection: 127.0.0.1
11/22/2018 06:02:05 PM http://127.0.0.1:8000 "POST /api/upload/ HTTP/1.1" 201 20
11/22/2018 06:02:05 PM Resetting dropped connection: 127.0.0.1
11/22/2018 06:02:06 PM http://127.0.0.1:8000 "POST /api/upload/ HTTP/1.1" 201 20
11/22/2018 06:02:06 PM Resetting dropped connection: 127.0.0.1
11/22/2018 06:02:06 PM http://127.0.0.1:8000 "POST /api/upload/ HTTP/1.1" 201 20
11/22/2018 06:02:06 PM Resetting dropped connection: 127.0.0.1
11/22/2018 06:02:06 PM http://127.0.0.1:8000 "POST /api/upload/ HTTP/1.1" 201 20
11/22/2018 06:02:06 PM Resetting dropped connection: 127.0.0.1
11/22/2018 06:02:06 PM http://127.0.0.1:8000 "POST /api/upload/ HTTP/1.1" 201 20
11/22/2018 06:02:06 PM Resetting dropped connection: 127.0.0.1
11/22/2018 06:02:06 PM http://127.0.0.1:8000 "POST /api/upload/ HTTP/1.1" 201 20
11/22/2018 06:02:06 PM Resetting dropped connection: 127.0.0.1
11/22/2018 06:02:06 PM http://127.0.0.1:8000 "POST /api/upload/ HTTP/1.1" 201 20
11/22/2018 06:02:06 PM Resetting dropped connection: 127.0.0.1
11/22/2018 06:02:06 PM http://127.0.0.1:8000 "POST /api/upload/ HTTP/1.1" 201 20
11/22/2018 06:02:06 PM Resetting dropped connection: 127.0.0.1
11/22/2018 06:02:06 PM http://127.0.0.1:8000 "POST /api/upload/ HTTP/1.1" 201 20
11/22/2018 06:02:06 PM Resetting dropped connection: 127.0.0.1
11/22/2018 06:02:06 PM http://127.0.0.1:8000 "POST /api/upload/ HTTP/1.1" 201 20
11/22/2018 06:02:06 PM Resetting dropped connection: 127.0.0.1
11/22/2018 06:02:06 PM http://127.0.0.1:8000 "POST /api/upload/ HTTP/1.1" 201 20
11/22/2018 06:02:06 PM Resetting dropped connection: 127.0.0.1
11/22/2018 06:02:06 PM http://127.0.0.1:8000 "POST /api/upload/ HTTP/1.1" 201 20
11/22/2018 06:02:06 PM Resetting dropped connection: 127.0.0.1
11/22/2018 06:02:06 PM http://127.0.0.1:8000 "POST /api/upload/ HTTP/1.1" 201 20
11/22/2018 06:02:07 PM Resetting dropped connection: 127.0.0.1
11/22/2018 06:02:07 PM http://127.0.0.1:8000 "POST /api/upload/ HTTP/1.1" 201 20
11/22/2018 06:02:07 PM Resetting dropped connection: 127.0.0.1
11/22/2018 06:02:07 PM http://127.0.0.1:8000 "POST /api/upload/ HTTP/1.1" 201 20
11/22/2018 06:02:07 PM Resetting dropped connection: 127.0.0.1
11/22/2018 06:02:07 PM http://127.0.0.1:8000 "POST /api/upload/ HTTP/1.1" 201 20
11/22/2018 06:02:07 PM Resetting dropped connection: 127.0.0.1
11/22/2018 06:02:07 PM http://127.0.0.1:8000 "POST /api/upload/ HTTP/1.1" 201 20
11/22/2018 06:02:07 PM Resetting dropped connection: 127.0.0.1
11/22/2018 06:02:07 PM http://127.0.0.1:8000 "POST /api/upload/ HTTP/1.1" 201 20
11/22/2018 06:02:07 PM Resetting dropped connection: 127.0.0.1
11/22/2018 06:02:07 PM http://127.0.0.1:8000 "POST /api/upload/ HTTP/1.1" 201 20
11/22/2018 06:02:07 PM Resetting dropped connection: 127.0.0.1
11/22/2018 06:02:07 PM http://127.0.0.1:8000 "POST /api/upload/ HTTP/1.1" 201 20
11/22/2018 06:02:07 PM Resetting dropped connection: 127.0.0.1
11/22/2018 06:02:07 PM http://127.0.0.1:8000 "POST /api/upload/ HTTP/1.1" 201 20
11/22/2018 06:02:07 PM Resetting dropped connection: 127.0.0.1
11/22/2018 06:02:07 PM http://127.0.0.1:8000 "POST /api/upload/ HTTP/1.1" 201 20
11/22/2018 06:02:07 PM Resetting dropped connection: 127.0.0.1
11/22/2018 06:02:07 PM http://127.0.0.1:8000 "POST /api/upload/ HTTP/1.1" 201 20
11/22/2018 06:02:08 PM Resetting dropped connection: 127.0.0.1
11/22/2018 06:02:08 PM http://127.0.0.1:8000 "POST /api/upload/ HTTP/1.1" 201 20
11/22/2018 06:02:08 PM Resetting dropped connection: 127.0.0.1
11/22/2018 06:02:08 PM http://127.0.0.1:8000 "POST /api/upload/ HTTP/1.1" 201 20
11/22/2018 06:02:08 PM Resetting dropped connection: 127.0.0.1
11/22/2018 06:02:08 PM http://127.0.0.1:8000 "POST /api/upload/ HTTP/1.1" 201 20
11/22/2018 06:02:08 PM Resetting dropped connection: 127.0.0.1
11/22/2018 06:02:08 PM http://127.0.0.1:8000 "POST /api/upload/ HTTP/1.1" 201 20
11/22/2018 06:02:08 PM Resetting dropped connection: 127.0.0.1
11/22/2018 06:02:08 PM http://127.0.0.1:8000 "POST /api/upload/ HTTP/1.1" 201 20
11/22/2018 06:02:08 PM Resetting dropped connection: 127.0.0.1
11/22/2018 06:02:08 PM http://127.0.0.1:8000 "POST /api/upload/ HTTP/1.1" 201 20
11/22/2018 06:02:08 PM Resetting dropped connection: 127.0.0.1
11/22/2018 06:02:08 PM http://127.0.0.1:8000 "POST /api/upload/ HTTP/1.1" 201 20
11/22/2018 06:02:08 PM Resetting dropped connection: 127.0.0.1
11/22/2018 06:02:08 PM http://127.0.0.1:8000 "POST /api/upload/ HTTP/1.1" 201 20
11/22/2018 06:02:08 PM Resetting dropped connection: 127.0.0.1
11/22/2018 06:02:08 PM http://127.0.0.1:8000 "POST /api/upload/ HTTP/1.1" 201 20
11/22/2018 06:02:08 PM Resetting dropped connection: 127.0.0.1
11/22/2018 06:02:08 PM http://127.0.0.1:8000 "POST /api/upload/ HTTP/1.1" 201 20
11/22/2018 06:02:08 PM Resetting dropped connection: 127.0.0.1
11/22/2018 06:02:08 PM http://127.0.0.1:8000 "POST /api/upload/ HTTP/1.1" 201 20
11/22/2018 06:02:08 PM Resetting dropped connection: 127.0.0.1
11/22/2018 06:02:08 PM http://127.0.0.1:8000 "POST /api/upload/ HTTP/1.1" 201 20
11/22/2018 06:02:08 PM Resetting dropped connection: 127.0.0.1
11/22/2018 06:02:08 PM http://127.0.0.1:8000 "POST /api/upload/ HTTP/1.1" 201 20
11/22/2018 06:02:08 PM Resetting dropped connection: 127.0.0.1
11/22/2018 06:02:08 PM http://127.0.0.1:8000 "POST /api/upload/ HTTP/1.1" 201 20
11/22/2018 06:02:08 PM Resetting dropped connection: 127.0.0.1
11/22/2018 06:02:08 PM http://127.0.0.1:8000 "POST /api/upload/ HTTP/1.1" 201 20
11/22/2018 06:02:08 PM Resetting dropped connection: 127.0.0.1
11/22/2018 06:02:09 PM http://127.0.0.1:8000 "POST /api/upload/ HTTP/1.1" 201 20
11/22/2018 06:02:09 PM Resetting dropped connection: 127.0.0.1
11/22/2018 06:02:09 PM http://127.0.0.1:8000 "POST /api/upload/ HTTP/1.1" 201 20
11/22/2018 06:02:09 PM Resetting dropped connection: 127.0.0.1
11/22/2018 06:02:09 PM http://127.0.0.1:8000 "POST /api/upload/ HTTP/1.1" 201 20
11/22/2018 06:02:09 PM Resetting dropped connection: 127.0.0.1
11/22/2018 06:02:09 PM http://127.0.0.1:8000 "POST /api/upload/ HTTP/1.1" 201 20
11/22/2018 06:02:09 PM Resetting dropped connection: 127.0.0.1
11/22/2018 06:02:09 PM http://127.0.0.1:8000 "POST /api/upload/ HTTP/1.1" 201 20
11/22/2018 06:02:09 PM Resetting dropped connection: 127.0.0.1
11/22/2018 06:02:09 PM http://127.0.0.1:8000 "POST /api/upload/ HTTP/1.1" 201 20
11/22/2018 06:02:09 PM Resetting dropped connection: 127.0.0.1
11/22/2018 06:02:09 PM http://127.0.0.1:8000 "POST /api/upload/ HTTP/1.1" 201 20
11/22/2018 06:02:09 PM Resetting dropped connection: 127.0.0.1
11/22/2018 06:02:09 PM http://127.0.0.1:8000 "POST /api/upload/ HTTP/1.1" 201 20
11/22/2018 06:02:09 PM Resetting dropped connection: 127.0.0.1
11/22/2018 06:02:09 PM http://127.0.0.1:8000 "POST /api/upload/ HTTP/1.1" 201 20
11/22/2018 06:02:09 PM Resetting dropped connection: 127.0.0.1
11/22/2018 06:02:09 PM http://127.0.0.1:8000 "POST /api/upload/ HTTP/1.1" 201 20
11/22/2018 06:02:09 PM Resetting dropped connection: 127.0.0.1
11/22/2018 06:02:09 PM http://127.0.0.1:8000 "POST /api/upload/ HTTP/1.1" 201 20
11/22/2018 06:02:09 PM Resetting dropped connection: 127.0.0.1
11/22/2018 06:02:09 PM http://127.0.0.1:8000 "POST /api/upload/ HTTP/1.1" 201 20
11/22/2018 06:02:09 PM Resetting dropped connection: 127.0.0.1
11/22/2018 06:02:09 PM http://127.0.0.1:8000 "POST /api/upload/ HTTP/1.1" 201 20
11/22/2018 06:02:09 PM Resetting dropped connection: 127.0.0.1
11/22/2018 06:02:09 PM http://127.0.0.1:8000 "POST /api/upload/ HTTP/1.1" 201 20
11/22/2018 06:02:09 PM Resetting dropped connection: 127.0.0.1
11/22/2018 06:02:09 PM http://127.0.0.1:8000 "POST /api/upload/ HTTP/1.1" 201 20
11/22/2018 06:02:09 PM Resetting dropped connection: 127.0.0.1
11/22/2018 06:02:09 PM http://127.0.0.1:8000 "POST /api/upload/ HTTP/1.1" 201 20
11/22/2018 06:02:09 PM Resetting dropped connection: 127.0.0.1
11/22/2018 06:02:09 PM http://127.0.0.1:8000 "POST /api/upload/ HTTP/1.1" 201 20
11/22/2018 06:02:09 PM Resetting dropped connection: 127.0.0.1
11/22/2018 06:02:10 PM http://127.0.0.1:8000 "POST /api/upload/ HTTP/1.1" 201 20
11/22/2018 06:02:10 PM Resetting dropped connection: 127.0.0.1
11/22/2018 06:02:10 PM http://127.0.0.1:8000 "POST /api/upload/ HTTP/1.1" 201 20
11/22/2018 06:02:10 PM Resetting dropped connection: 127.0.0.1
11/22/2018 06:02:10 PM http://127.0.0.1:8000 "POST /api/upload/ HTTP/1.1" 201 20
11/22/2018 06:02:10 PM Resetting dropped connection: 127.0.0.1
11/22/2018 06:02:10 PM http://127.0.0.1:8000 "POST /api/upload/ HTTP/1.1" 201 20
11/22/2018 06:02:10 PM Resetting dropped connection: 127.0.0.1
11/22/2018 06:02:10 PM http://127.0.0.1:8000 "POST /api/upload/ HTTP/1.1" 201 20
11/22/2018 06:02:10 PM Resetting dropped connection: 127.0.0.1
11/22/2018 06:02:10 PM http://127.0.0.1:8000 "POST /api/upload/ HTTP/1.1" 201 20
11/22/2018 06:02:10 PM Resetting dropped connection: 127.0.0.1
11/22/2018 06:02:10 PM http://127.0.0.1:8000 "POST /api/upload/ HTTP/1.1" 201 20
11/22/2018 06:02:10 PM Resetting dropped connection: 127.0.0.1
11/22/2018 06:02:10 PM http://127.0.0.1:8000 "POST /api/upload/ HTTP/1.1" 201 20
11/22/2018 06:02:10 PM Resetting dropped connection: 127.0.0.1
11/22/2018 06:02:10 PM http://127.0.0.1:8000 "POST /api/upload/ HTTP/1.1" 201 20
11/22/2018 06:02:10 PM Resetting dropped connection: 127.0.0.1
11/22/2018 06:02:10 PM http://127.0.0.1:8000 "POST /api/upload/ HTTP/1.1" 201 20
11/22/2018 06:02:10 PM Resetting dropped connection: 127.0.0.1
11/22/2018 06:02:10 PM http://127.0.0.1:8000 "POST /api/upload/ HTTP/1.1" 201 20
11/22/2018 06:02:10 PM Resetting dropped connection: 127.0.0.1
11/22/2018 06:02:10 PM http://127.0.0.1:8000 "POST /api/upload/ HTTP/1.1" 201 20
11/22/2018 06:02:10 PM Resetting dropped connection: 127.0.0.1
11/22/2018 06:02:10 PM http://127.0.0.1:8000 "POST /api/upload/ HTTP/1.1" 201 20
11/22/2018 06:02:10 PM Resetting dropped connection: 127.0.0.1
11/22/2018 06:02:11 PM http://127.0.0.1:8000 "POST /api/upload/ HTTP/1.1" 201 20
11/22/2018 06:02:11 PM Resetting dropped connection: 127.0.0.1
11/22/2018 06:02:11 PM http://127.0.0.1:8000 "POST /api/upload/ HTTP/1.1" 201 20
11/22/2018 06:02:11 PM Resetting dropped connection: 127.0.0.1
11/22/2018 06:02:11 PM http://127.0.0.1:8000 "POST /api/upload/ HTTP/1.1" 201 20
11/22/2018 06:02:11 PM Resetting dropped connection: 127.0.0.1
11/22/2018 06:02:11 PM http://127.0.0.1:8000 "POST /api/upload/ HTTP/1.1" 201 20
11/22/2018 06:02:11 PM Resetting dropped connection: 127.0.0.1
11/22/2018 06:02:11 PM http://127.0.0.1:8000 "POST /api/upload/ HTTP/1.1" 201 20
11/22/2018 06:03:09 PM Starting new HTTP connection (1): 127.0.0.1:8000
11/22/2018 06:03:09 PM http://127.0.0.1:8000 "POST /api/login/ HTTP/1.1" 200 50
11/22/2018 06:03:09 PM Starting new HTTP connection (1): 127.0.0.1:8000
11/22/2018 06:03:09 PM http://127.0.0.1:8000 "POST /api/get-index/ HTTP/1.1" 200 10637
11/22/2018 06:03:12 PM Starting new HTTP connection (1): 127.0.0.1:8000
11/22/2018 06:03:12 PM http://127.0.0.1:8000 "POST /api/delete/ HTTP/1.1" 200 24
11/22/2018 06:36:21 PM Starting new HTTP connection (1): 127.0.0.1:8000
11/22/2018 06:36:21 PM HTTPConnectionPool(host='127.0.0.1', port=8000): Max retries exceeded with url: /api/login/ (Caused by NewConnectionError('<urllib3.connection.HTTPConnection object at 0x7f85587b3400>: Failed to establish a new connection: [Errno 111] Connection refused',))
Traceback (most recent call last):
  File "/home/parikshit/.local/lib/python3.6/site-packages/urllib3/connection.py", line 159, in _new_conn
    (self._dns_host, self.port), self.timeout, **extra_kw)
  File "/home/parikshit/.local/lib/python3.6/site-packages/urllib3/util/connection.py", line 80, in create_connection
    raise err
  File "/home/parikshit/.local/lib/python3.6/site-packages/urllib3/util/connection.py", line 70, in create_connection
    sock.connect(sa)
ConnectionRefusedError: [Errno 111] Connection refused

During handling of the above exception, another exception occurred:

Traceback (most recent call last):
  File "/home/parikshit/.local/lib/python3.6/site-packages/urllib3/connectionpool.py", line 600, in urlopen
    chunked=chunked)
  File "/home/parikshit/.local/lib/python3.6/site-packages/urllib3/connectionpool.py", line 354, in _make_request
    conn.request(method, url, **httplib_request_kw)
  File "/usr/lib/python3.6/http/client.py", line 1239, in request
    self._send_request(method, url, body, headers, encode_chunked)
  File "/usr/lib/python3.6/http/client.py", line 1285, in _send_request
    self.endheaders(body, encode_chunked=encode_chunked)
  File "/usr/lib/python3.6/http/client.py", line 1234, in endheaders
    self._send_output(message_body, encode_chunked=encode_chunked)
  File "/usr/lib/python3.6/http/client.py", line 1026, in _send_output
    self.send(msg)
  File "/usr/lib/python3.6/http/client.py", line 964, in send
    self.connect()
  File "/home/parikshit/.local/lib/python3.6/site-packages/urllib3/connection.py", line 181, in connect
    conn = self._new_conn()
  File "/home/parikshit/.local/lib/python3.6/site-packages/urllib3/connection.py", line 168, in _new_conn
    self, "Failed to establish a new connection: %s" % e)
urllib3.exceptions.NewConnectionError: <urllib3.connection.HTTPConnection object at 0x7f85587b3400>: Failed to establish a new connection: [Errno 111] Connection refused

During handling of the above exception, another exception occurred:

Traceback (most recent call last):
  File "/home/parikshit/.local/lib/python3.6/site-packages/requests/adapters.py", line 449, in send
    timeout=timeout
  File "/home/parikshit/.local/lib/python3.6/site-packages/urllib3/connectionpool.py", line 638, in urlopen
    _stacktrace=sys.exc_info()[2])
  File "/home/parikshit/.local/lib/python3.6/site-packages/urllib3/util/retry.py", line 398, in increment
    raise MaxRetryError(_pool, url, error or ResponseError(cause))
urllib3.exceptions.MaxRetryError: HTTPConnectionPool(host='127.0.0.1', port=8000): Max retries exceeded with url: /api/login/ (Caused by NewConnectionError('<urllib3.connection.HTTPConnection object at 0x7f85587b3400>: Failed to establish a new connection: [Errno 111] Connection refused',))

During handling of the above exception, another exception occurred:

Traceback (most recent call last):
  File "daemon.py", line 48, in uploadlocal
    AuthKey = check_user_pass(server_url)
  File "daemon.py", line 118, in check_user_pass
    AuthKey = get_auth_key(server_url, data['username'], data['password'])
  File "daemon.py", line 139, in get_auth_key
    AuthKey = client.post(urlp.urljoin(server_url, 'api/login/'), data=payload)
  File "/home/parikshit/.local/lib/python3.6/site-packages/requests/sessions.py", line 581, in post
    return self.request('POST', url, data=data, json=json, **kwargs)
  File "/home/parikshit/.local/lib/python3.6/site-packages/requests/sessions.py", line 533, in request
    resp = self.send(prep, **send_kwargs)
  File "/home/parikshit/.local/lib/python3.6/site-packages/requests/sessions.py", line 646, in send
    r = adapter.send(request, **kwargs)
  File "/home/parikshit/.local/lib/python3.6/site-packages/requests/adapters.py", line 516, in send
    raise ConnectionError(e, request=request)
requests.exceptions.ConnectionError: HTTPConnectionPool(host='127.0.0.1', port=8000): Max retries exceeded with url: /api/login/ (Caused by NewConnectionError('<urllib3.connection.HTTPConnection object at 0x7f85587b3400>: Failed to establish a new connection: [Errno 111] Connection refused',))
11/22/2018 08:12:15 PM Starting new HTTP connection (1): 127.0.0.1:8000
11/22/2018 08:12:15 PM http://127.0.0.1:8000 "POST /api/login/ HTTP/1.1" 200 50
11/22/2018 08:12:15 PM Starting new HTTP connection (1): 127.0.0.1:8000
11/22/2018 08:12:15 PM http://127.0.0.1:8000 "POST /api/get-index/ HTTP/1.1" 200 12
11/22/2018 08:12:17 PM Starting new HTTP connection (1): 127.0.0.1:8000
11/22/2018 08:12:17 PM http://127.0.0.1:8000 "POST /api/upload/ HTTP/1.1" 201 20
11/22/2018 09:14:29 PM Starting new HTTP connection (1): 127.0.0.1:8000
11/22/2018 09:14:29 PM http://127.0.0.1:8000 "POST /api/login/ HTTP/1.1" 200 50
11/22/2018 09:14:29 PM Starting new HTTP connection (1): 127.0.0.1:8000
11/22/2018 09:14:29 PM http://127.0.0.1:8000 "POST /api/get-index/ HTTP/1.1" 200 89
11/22/2018 09:14:33 PM Starting new HTTP connection (1): 127.0.0.1:8000
11/22/2018 09:14:33 PM http://127.0.0.1:8000 "POST /api/download/ HTTP/1.1" 200 9226
11/22/2018 09:14:34 PM Starting new HTTP connection (1): 127.0.0.1:8000
11/22/2018 09:14:34 PM http://127.0.0.1:8000 "POST /api/upload/ HTTP/1.1" 201 20
11/22/2018 09:14:34 PM Resetting dropped connection: 127.0.0.1
11/22/2018 09:14:34 PM http://127.0.0.1:8000 "POST /api/upload/ HTTP/1.1" 201 20
11/22/2018 09:14:34 PM Resetting dropped connection: 127.0.0.1
11/22/2018 09:14:34 PM http://127.0.0.1:8000 "POST /api/upload/ HTTP/1.1" 201 20
11/22/2018 09:14:34 PM Resetting dropped connection: 127.0.0.1
11/22/2018 09:14:34 PM http://127.0.0.1:8000 "POST /api/upload/ HTTP/1.1" 201 20
11/22/2018 09:14:34 PM Resetting dropped connection: 127.0.0.1
11/22/2018 09:14:35 PM http://127.0.0.1:8000 "POST /api/upload/ HTTP/1.1" 201 20
11/22/2018 09:14:35 PM Resetting dropped connection: 127.0.0.1
11/22/2018 09:14:35 PM http://127.0.0.1:8000 "POST /api/upload/ HTTP/1.1" 201 20
11/22/2018 09:14:35 PM Resetting dropped connection: 127.0.0.1
11/22/2018 09:14:35 PM http://127.0.0.1:8000 "POST /api/upload/ HTTP/1.1" 201 20
11/22/2018 09:14:35 PM Resetting dropped connection: 127.0.0.1
11/22/2018 09:14:35 PM http://127.0.0.1:8000 "POST /api/upload/ HTTP/1.1" 201 20
11/22/2018 09:14:35 PM Resetting dropped connection: 127.0.0.1
11/22/2018 09:14:35 PM http://127.0.0.1:8000 "POST /api/upload/ HTTP/1.1" 201 20
11/22/2018 09:14:35 PM Resetting dropped connection: 127.0.0.1
11/22/2018 09:14:35 PM http://127.0.0.1:8000 "POST /api/upload/ HTTP/1.1" 201 20
11/22/2018 09:14:35 PM Resetting dropped connection: 127.0.0.1
11/22/2018 09:14:35 PM http://127.0.0.1:8000 "POST /api/upload/ HTTP/1.1" 201 20
11/22/2018 09:14:35 PM Resetting dropped connection: 127.0.0.1
11/22/2018 09:14:35 PM http://127.0.0.1:8000 "POST /api/upload/ HTTP/1.1" 201 20
11/22/2018 09:14:35 PM Resetting dropped connection: 127.0.0.1
11/22/2018 09:14:35 PM http://127.0.0.1:8000 "POST /api/upload/ HTTP/1.1" 201 20
11/22/2018 09:14:35 PM Resetting dropped connection: 127.0.0.1
11/22/2018 09:14:35 PM http://127.0.0.1:8000 "POST /api/upload/ HTTP/1.1" 201 20
11/22/2018 09:14:35 PM Resetting dropped connection: 127.0.0.1
11/22/2018 09:14:36 PM http://127.0.0.1:8000 "POST /api/upload/ HTTP/1.1" 201 20
11/22/2018 09:14:36 PM Resetting dropped connection: 127.0.0.1
11/22/2018 09:14:36 PM http://127.0.0.1:8000 "POST /api/upload/ HTTP/1.1" 201 20
11/22/2018 09:14:36 PM Resetting dropped connection: 127.0.0.1
11/22/2018 09:14:36 PM http://127.0.0.1:8000 "POST /api/upload/ HTTP/1.1" 201 20
11/22/2018 09:14:36 PM Resetting dropped connection: 127.0.0.1
11/22/2018 09:14:36 PM http://127.0.0.1:8000 "POST /api/upload/ HTTP/1.1" 201 20
11/22/2018 09:14:36 PM Resetting dropped connection: 127.0.0.1
11/22/2018 09:14:36 PM http://127.0.0.1:8000 "POST /api/upload/ HTTP/1.1" 201 20
11/22/2018 09:14:36 PM Resetting dropped connection: 127.0.0.1
11/22/2018 09:14:36 PM http://127.0.0.1:8000 "POST /api/upload/ HTTP/1.1" 201 20
11/22/2018 09:14:36 PM Resetting dropped connection: 127.0.0.1
11/22/2018 09:14:36 PM http://127.0.0.1:8000 "POST /api/upload/ HTTP/1.1" 201 20
11/22/2018 09:14:36 PM Resetting dropped connection: 127.0.0.1
11/22/2018 09:14:36 PM http://127.0.0.1:8000 "POST /api/upload/ HTTP/1.1" 201 20
11/22/2018 09:14:36 PM Resetting dropped connection: 127.0.0.1
11/22/2018 09:14:36 PM http://127.0.0.1:8000 "POST /api/upload/ HTTP/1.1" 201 20
11/22/2018 09:14:36 PM Resetting dropped connection: 127.0.0.1
11/22/2018 09:14:36 PM http://127.0.0.1:8000 "POST /api/upload/ HTTP/1.1" 201 20
11/22/2018 09:14:36 PM Resetting dropped connection: 127.0.0.1
11/22/2018 09:14:37 PM http://127.0.0.1:8000 "POST /api/upload/ HTTP/1.1" 201 20
11/22/2018 09:14:37 PM Resetting dropped connection: 127.0.0.1
11/22/2018 09:14:37 PM http://127.0.0.1:8000 "POST /api/upload/ HTTP/1.1" 201 20
11/22/2018 09:14:37 PM Resetting dropped connection: 127.0.0.1
11/22/2018 09:14:37 PM http://127.0.0.1:8000 "POST /api/upload/ HTTP/1.1" 201 20
11/22/2018 09:14:37 PM Resetting dropped connection: 127.0.0.1
11/22/2018 09:14:37 PM http://127.0.0.1:8000 "POST /api/upload/ HTTP/1.1" 201 20
11/22/2018 09:14:37 PM Resetting dropped connection: 127.0.0.1
11/22/2018 09:14:37 PM http://127.0.0.1:8000 "POST /api/upload/ HTTP/1.1" 201 20
11/22/2018 09:14:37 PM Resetting dropped connection: 127.0.0.1
11/22/2018 09:14:37 PM http://127.0.0.1:8000 "POST /api/upload/ HTTP/1.1" 201 20
11/22/2018 09:14:37 PM Resetting dropped connection: 127.0.0.1
11/22/2018 09:14:37 PM http://127.0.0.1:8000 "POST /api/upload/ HTTP/1.1" 201 20
11/22/2018 09:14:37 PM Resetting dropped connection: 127.0.0.1
11/22/2018 09:14:37 PM http://127.0.0.1:8000 "POST /api/upload/ HTTP/1.1" 201 20
11/22/2018 09:14:37 PM Resetting dropped connection: 127.0.0.1
11/22/2018 09:14:37 PM http://127.0.0.1:8000 "POST /api/upload/ HTTP/1.1" 201 20
11/22/2018 09:14:37 PM Resetting dropped connection: 127.0.0.1
11/22/2018 09:14:37 PM http://127.0.0.1:8000 "POST /api/upload/ HTTP/1.1" 201 20
11/22/2018 09:14:37 PM Resetting dropped connection: 127.0.0.1
11/22/2018 09:14:37 PM http://127.0.0.1:8000 "POST /api/upload/ HTTP/1.1" 201 20
11/22/2018 09:14:37 PM Resetting dropped connection: 127.0.0.1
11/22/2018 09:14:38 PM http://127.0.0.1:8000 "POST /api/upload/ HTTP/1.1" 201 20
11/22/2018 09:14:38 PM Resetting dropped connection: 127.0.0.1
11/22/2018 09:14:38 PM http://127.0.0.1:8000 "POST /api/upload/ HTTP/1.1" 201 20
11/22/2018 09:14:38 PM Resetting dropped connection: 127.0.0.1
11/22/2018 09:14:38 PM http://127.0.0.1:8000 "POST /api/upload/ HTTP/1.1" 201 20
11/22/2018 09:14:38 PM Resetting dropped connection: 127.0.0.1
11/22/2018 09:14:38 PM http://127.0.0.1:8000 "POST /api/upload/ HTTP/1.1" 201 20
11/22/2018 09:14:38 PM Resetting dropped connection: 127.0.0.1
11/22/2018 09:14:38 PM http://127.0.0.1:8000 "POST /api/upload/ HTTP/1.1" 201 20
11/22/2018 09:14:38 PM Resetting dropped connection: 127.0.0.1
11/22/2018 09:14:38 PM http://127.0.0.1:8000 "POST /api/upload/ HTTP/1.1" 201 20
11/22/2018 09:14:38 PM Resetting dropped connection: 127.0.0.1
11/22/2018 09:14:38 PM http://127.0.0.1:8000 "POST /api/upload/ HTTP/1.1" 201 20
11/22/2018 09:14:38 PM Resetting dropped connection: 127.0.0.1
11/22/2018 09:14:38 PM http://127.0.0.1:8000 "POST /api/upload/ HTTP/1.1" 201 20
11/22/2018 09:14:38 PM Resetting dropped connection: 127.0.0.1
11/22/2018 09:14:38 PM http://127.0.0.1:8000 "POST /api/upload/ HTTP/1.1" 201 20
11/22/2018 09:14:38 PM Resetting dropped connection: 127.0.0.1
11/22/2018 09:14:38 PM http://127.0.0.1:8000 "POST /api/upload/ HTTP/1.1" 201 20
11/22/2018 09:14:38 PM Resetting dropped connection: 127.0.0.1
11/22/2018 09:14:39 PM http://127.0.0.1:8000 "POST /api/upload/ HTTP/1.1" 201 20
11/22/2018 09:14:39 PM Resetting dropped connection: 127.0.0.1
11/22/2018 09:14:39 PM http://127.0.0.1:8000 "POST /api/upload/ HTTP/1.1" 201 20
11/22/2018 09:14:39 PM Resetting dropped connection: 127.0.0.1
11/22/2018 09:14:39 PM http://127.0.0.1:8000 "POST /api/upload/ HTTP/1.1" 201 20
11/22/2018 09:14:39 PM Resetting dropped connection: 127.0.0.1
11/22/2018 09:14:39 PM http://127.0.0.1:8000 "POST /api/upload/ HTTP/1.1" 201 20
11/22/2018 09:14:39 PM Resetting dropped connection: 127.0.0.1
11/22/2018 09:14:39 PM http://127.0.0.1:8000 "POST /api/upload/ HTTP/1.1" 201 20
11/22/2018 09:14:39 PM Resetting dropped connection: 127.0.0.1
11/22/2018 09:14:39 PM http://127.0.0.1:8000 "POST /api/upload/ HTTP/1.1" 201 20
11/22/2018 09:14:39 PM Resetting dropped connection: 127.0.0.1
11/22/2018 09:14:39 PM http://127.0.0.1:8000 "POST /api/upload/ HTTP/1.1" 201 20
11/22/2018 09:14:39 PM Resetting dropped connection: 127.0.0.1
11/22/2018 09:14:39 PM http://127.0.0.1:8000 "POST /api/upload/ HTTP/1.1" 201 20
11/22/2018 09:14:39 PM Resetting dropped connection: 127.0.0.1
11/22/2018 09:14:39 PM http://127.0.0.1:8000 "POST /api/upload/ HTTP/1.1" 201 20
11/22/2018 09:14:39 PM Resetting dropped connection: 127.0.0.1
11/22/2018 09:14:39 PM http://127.0.0.1:8000 "POST /api/upload/ HTTP/1.1" 201 20
11/22/2018 09:14:39 PM Resetting dropped connection: 127.0.0.1
11/22/2018 09:14:39 PM http://127.0.0.1:8000 "POST /api/upload/ HTTP/1.1" 201 20
11/22/2018 09:14:39 PM Resetting dropped connection: 127.0.0.1
11/22/2018 09:14:39 PM http://127.0.0.1:8000 "POST /api/upload/ HTTP/1.1" 201 20
11/22/2018 09:14:39 PM Resetting dropped connection: 127.0.0.1
11/22/2018 09:14:39 PM http://127.0.0.1:8000 "POST /api/upload/ HTTP/1.1" 201 20
11/22/2018 09:14:39 PM Resetting dropped connection: 127.0.0.1
11/22/2018 09:14:40 PM http://127.0.0.1:8000 "POST /api/upload/ HTTP/1.1" 201 20
11/22/2018 09:14:40 PM Resetting dropped connection: 127.0.0.1
11/22/2018 09:14:40 PM http://127.0.0.1:8000 "POST /api/upload/ HTTP/1.1" 201 20
11/22/2018 09:14:40 PM Resetting dropped connection: 127.0.0.1
11/22/2018 09:14:40 PM http://127.0.0.1:8000 "POST /api/upload/ HTTP/1.1" 201 20
11/22/2018 09:14:40 PM Resetting dropped connection: 127.0.0.1
11/22/2018 09:14:40 PM http://127.0.0.1:8000 "POST /api/upload/ HTTP/1.1" 201 20
11/22/2018 09:14:40 PM Resetting dropped connection: 127.0.0.1
11/22/2018 09:14:40 PM http://127.0.0.1:8000 "POST /api/upload/ HTTP/1.1" 201 20
11/22/2018 09:14:40 PM Resetting dropped connection: 127.0.0.1
11/22/2018 09:14:40 PM http://127.0.0.1:8000 "POST /api/upload/ HTTP/1.1" 201 20
11/22/2018 09:14:40 PM Resetting dropped connection: 127.0.0.1
11/22/2018 09:14:40 PM http://127.0.0.1:8000 "POST /api/upload/ HTTP/1.1" 201 20
11/22/2018 09:14:40 PM Resetting dropped connection: 127.0.0.1
11/22/2018 09:14:40 PM http://127.0.0.1:8000 "POST /api/upload/ HTTP/1.1" 201 20
11/22/2018 09:14:40 PM Resetting dropped connection: 127.0.0.1
11/22/2018 09:14:40 PM http://127.0.0.1:8000 "POST /api/upload/ HTTP/1.1" 201 20
11/22/2018 09:14:40 PM Resetting dropped connection: 127.0.0.1
11/22/2018 09:14:40 PM http://127.0.0.1:8000 "POST /api/upload/ HTTP/1.1" 201 20
11/22/2018 09:14:40 PM Resetting dropped connection: 127.0.0.1
11/22/2018 09:14:40 PM http://127.0.0.1:8000 "POST /api/upload/ HTTP/1.1" 201 20
11/22/2018 09:14:40 PM Resetting dropped connection: 127.0.0.1
11/22/2018 09:14:40 PM http://127.0.0.1:8000 "POST /api/upload/ HTTP/1.1" 201 20
11/22/2018 09:14:40 PM Resetting dropped connection: 127.0.0.1
11/22/2018 09:14:40 PM http://127.0.0.1:8000 "POST /api/upload/ HTTP/1.1" 201 20
11/22/2018 09:14:40 PM Resetting dropped connection: 127.0.0.1
11/22/2018 09:14:40 PM http://127.0.0.1:8000 "POST /api/upload/ HTTP/1.1" 201 20
11/22/2018 09:14:40 PM Resetting dropped connection: 127.0.0.1
11/22/2018 09:14:40 PM http://127.0.0.1:8000 "POST /api/upload/ HTTP/1.1" 201 20
11/22/2018 09:14:40 PM Resetting dropped connection: 127.0.0.1
11/22/2018 09:14:40 PM http://127.0.0.1:8000 "POST /api/upload/ HTTP/1.1" 201 20
11/22/2018 09:14:40 PM Resetting dropped connection: 127.0.0.1
11/22/2018 09:14:41 PM http://127.0.0.1:8000 "POST /api/upload/ HTTP/1.1" 201 20
11/22/2018 09:14:41 PM Resetting dropped connection: 127.0.0.1
11/22/2018 09:14:41 PM http://127.0.0.1:8000 "POST /api/upload/ HTTP/1.1" 201 20
11/22/2018 09:14:41 PM Resetting dropped connection: 127.0.0.1
11/22/2018 09:14:41 PM http://127.0.0.1:8000 "POST /api/upload/ HTTP/1.1" 201 20
11/22/2018 09:14:41 PM Resetting dropped connection: 127.0.0.1
11/22/2018 09:14:41 PM http://127.0.0.1:8000 "POST /api/upload/ HTTP/1.1" 201 20
11/22/2018 09:14:41 PM Resetting dropped connection: 127.0.0.1
11/22/2018 09:14:41 PM http://127.0.0.1:8000 "POST /api/upload/ HTTP/1.1" 201 20
11/22/2018 09:14:41 PM Resetting dropped connection: 127.0.0.1
11/22/2018 09:14:41 PM http://127.0.0.1:8000 "POST /api/upload/ HTTP/1.1" 201 20
11/22/2018 09:14:41 PM Resetting dropped connection: 127.0.0.1
11/22/2018 09:14:41 PM http://127.0.0.1:8000 "POST /api/upload/ HTTP/1.1" 201 20
11/22/2018 09:14:41 PM Resetting dropped connection: 127.0.0.1
11/22/2018 09:14:41 PM http://127.0.0.1:8000 "POST /api/upload/ HTTP/1.1" 201 20
11/22/2018 09:14:41 PM Resetting dropped connection: 127.0.0.1
11/22/2018 09:14:41 PM http://127.0.0.1:8000 "POST /api/upload/ HTTP/1.1" 201 20
11/22/2018 09:14:41 PM Resetting dropped connection: 127.0.0.1
11/22/2018 09:14:41 PM http://127.0.0.1:8000 "POST /api/upload/ HTTP/1.1" 201 20
11/22/2018 09:14:41 PM Resetting dropped connection: 127.0.0.1
11/22/2018 09:14:41 PM http://127.0.0.1:8000 "POST /api/upload/ HTTP/1.1" 201 20
11/22/2018 09:14:41 PM Resetting dropped connection: 127.0.0.1
11/22/2018 09:14:41 PM http://127.0.0.1:8000 "POST /api/upload/ HTTP/1.1" 201 20
11/22/2018 09:14:41 PM Resetting dropped connection: 127.0.0.1
11/22/2018 09:14:41 PM http://127.0.0.1:8000 "POST /api/upload/ HTTP/1.1" 201 20
11/22/2018 09:14:41 PM Resetting dropped connection: 127.0.0.1
11/22/2018 09:14:41 PM http://127.0.0.1:8000 "POST /api/upload/ HTTP/1.1" 201 20
11/22/2018 09:14:41 PM Resetting dropped connection: 127.0.0.1
11/22/2018 09:14:41 PM http://127.0.0.1:8000 "POST /api/upload/ HTTP/1.1" 201 20
11/22/2018 09:14:42 PM Resetting dropped connection: 127.0.0.1
11/22/2018 09:14:42 PM http://127.0.0.1:8000 "POST /api/upload/ HTTP/1.1" 201 20
11/22/2018 09:14:42 PM Resetting dropped connection: 127.0.0.1
11/22/2018 09:14:42 PM http://127.0.0.1:8000 "POST /api/upload/ HTTP/1.1" 201 20
11/22/2018 09:14:42 PM Resetting dropped connection: 127.0.0.1
11/22/2018 09:14:42 PM http://127.0.0.1:8000 "POST /api/upload/ HTTP/1.1" 201 20
11/22/2018 09:14:42 PM Resetting dropped connection: 127.0.0.1
11/22/2018 09:14:42 PM http://127.0.0.1:8000 "POST /api/upload/ HTTP/1.1" 201 20
11/22/2018 09:14:42 PM Resetting dropped connection: 127.0.0.1
11/22/2018 09:14:42 PM http://127.0.0.1:8000 "POST /api/upload/ HTTP/1.1" 201 20
11/22/2018 09:14:42 PM Resetting dropped connection: 127.0.0.1
11/22/2018 09:14:42 PM http://127.0.0.1:8000 "POST /api/upload/ HTTP/1.1" 201 20
11/22/2018 09:14:42 PM Resetting dropped connection: 127.0.0.1
11/22/2018 09:14:42 PM http://127.0.0.1:8000 "POST /api/upload/ HTTP/1.1" 201 20
11/22/2018 09:47:33 PM Starting new HTTP connection (1): 127.0.0.1:8000
11/22/2018 09:47:33 PM http://127.0.0.1:8000 "POST /api/login/ HTTP/1.1" 200 50
11/22/2018 09:47:33 PM Starting new HTTP connection (1): 127.0.0.1:8000
11/22/2018 09:47:33 PM http://127.0.0.1:8000 "POST /api/get-index/ HTTP/1.1" 200 10427
11/22/2018 09:47:37 PM Starting new HTTP connection (1): 127.0.0.1:8000
11/22/2018 09:47:37 PM http://127.0.0.1:8000 "POST /api/delete/ HTTP/1.1" 200 24
11/22/2018 09:47:37 PM Starting new HTTP connection (1): 127.0.0.1:8000
11/22/2018 09:47:37 PM http://127.0.0.1:8000 "POST /api/upload/ HTTP/1.1" 201 20
11/22/2018 09:47:47 PM Starting new HTTP connection (1): 127.0.0.1:8000
11/22/2018 09:47:47 PM http://127.0.0.1:8000 "POST /api/login/ HTTP/1.1" 200 50
11/22/2018 09:47:47 PM Starting new HTTP connection (1): 127.0.0.1:8000
11/22/2018 09:47:47 PM http://127.0.0.1:8000 "POST /api/get-index/ HTTP/1.1" 200 282
11/22/2018 11:42:55 PM Starting new HTTP connection (1): 127.0.0.1:8000
11/22/2018 11:42:55 PM http://127.0.0.1:8000 "POST /api/login/ HTTP/1.1" 200 50
11/22/2018 11:42:55 PM Starting new HTTP connection (1): 127.0.0.1:8000
11/22/2018 11:42:55 PM http://127.0.0.1:8000 "POST /api/get-index/ HTTP/1.1" 200 282
11/22/2018 11:42:58 PM Starting new HTTP connection (1): 127.0.0.1:8000
11/22/2018 11:42:58 PM http://127.0.0.1:8000 "POST /api/upload/ HTTP/1.1" 201 20
11/23/2018 02:10:24 AM Starting new HTTP connection (1): 127.0.0.1:8000
11/23/2018 02:10:24 AM http://127.0.0.1:8000 "POST /api/login/ HTTP/1.1" 200 50
11/23/2018 02:14:15 AM Starting new HTTP connection (1): 127.0.0.1:8000
11/23/2018 02:14:16 AM http://127.0.0.1:8000 "POST /api/login/ HTTP/1.1" 200 50
11/23/2018 02:14:16 AM Starting new HTTP connection (1): 127.0.0.1:8000
11/23/2018 02:14:16 AM http://127.0.0.1:8000 "POST /api/lock_tokens/ HTTP/1.1" 500 17393
11/23/2018 02:15:18 AM Starting new HTTP connection (1): 127.0.0.1:8000
11/23/2018 02:15:18 AM http://127.0.0.1:8000 "POST /api/login/ HTTP/1.1" 200 50
11/23/2018 02:15:18 AM Starting new HTTP connection (1): 127.0.0.1:8000
11/23/2018 02:15:18 AM http://127.0.0.1:8000 "POST /api/lock_tokens/ HTTP/1.1" 500 17393
11/23/2018 02:15:26 AM Starting new HTTP connection (1): 127.0.0.1:8000
11/23/2018 02:15:26 AM http://127.0.0.1:8000 "POST /api/login/ HTTP/1.1" 200 50
11/23/2018 02:15:26 AM Starting new HTTP connection (1): 127.0.0.1:8000
11/23/2018 02:15:26 AM http://127.0.0.1:8000 "POST /api/lock_tokens/ HTTP/1.1" 500 17393
11/23/2018 02:16:19 AM Starting new HTTP connection (1): 127.0.0.1:8000
11/23/2018 02:16:19 AM http://127.0.0.1:8000 "POST /api/login/ HTTP/1.1" 200 50
11/23/2018 02:16:19 AM Starting new HTTP connection (1): 127.0.0.1:8000
11/23/2018 02:16:19 AM http://127.0.0.1:8000 "POST /api/lock_tokens/ HTTP/1.1" 500 17476
11/23/2018 02:17:07 AM Starting new HTTP connection (1): 127.0.0.1:8000
11/23/2018 02:17:07 AM http://127.0.0.1:8000 "POST /api/login/ HTTP/1.1" 200 50
11/23/2018 02:17:07 AM Starting new HTTP connection (1): 127.0.0.1:8000
11/23/2018 02:17:07 AM http://127.0.0.1:8000 "POST /api/lock_tokens/ HTTP/1.1" 404 23
11/23/2018 02:17:18 AM Starting new HTTP connection (1): 127.0.0.1:8000
11/23/2018 02:17:18 AM http://127.0.0.1:8000 "POST /api/login/ HTTP/1.1" 200 50
11/23/2018 02:17:18 AM Starting new HTTP connection (1): 127.0.0.1:8000
11/23/2018 02:17:18 AM http://127.0.0.1:8000 "POST /api/lock_tokens/ HTTP/1.1" 404 23
11/23/2018 02:18:20 AM Starting new HTTP connection (1): 127.0.0.1:8000
11/23/2018 02:18:20 AM http://127.0.0.1:8000 "POST /api/login/ HTTP/1.1" 200 50
11/23/2018 02:18:20 AM Starting new HTTP connection (1): 127.0.0.1:8000
11/23/2018 02:18:20 AM http://127.0.0.1:8000 "POST /api/lock_tokens/ HTTP/1.1" 404 23
11/23/2018 02:18:20 AM 
Traceback (most recent call last):
  File "startup.py", line 76, in sync
    token = check_if_unlocked(server_url, AuthKey)
  File "startup.py", line 111, in check_if_unlocked
    raise requests.exceptions.HTTPError
requests.exceptions.HTTPError
11/23/2018 02:19:39 AM Starting new HTTP connection (1): 127.0.0.1:8000
11/23/2018 02:19:39 AM http://127.0.0.1:8000 "POST /api/login/ HTTP/1.1" 200 50
11/23/2018 02:19:39 AM Starting new HTTP connection (1): 127.0.0.1:8000
11/23/2018 02:19:39 AM http://127.0.0.1:8000 "POST /api/lock_tokens/ HTTP/1.1" 404 23
11/23/2018 02:19:39 AM 
Traceback (most recent call last):
  File "startup.py", line 76, in sync
    token = check_if_unlocked(server_url, AuthKey)
  File "startup.py", line 111, in check_if_unlocked
    raise requests.exceptions.HTTPError
requests.exceptions.HTTPError
11/23/2018 02:20:59 AM Starting new HTTP connection (1): 127.0.0.1:8000
11/23/2018 02:20:59 AM http://127.0.0.1:8000 "POST /api/login/ HTTP/1.1" 200 50
11/23/2018 02:20:59 AM Starting new HTTP connection (1): 127.0.0.1:8000
11/23/2018 02:20:59 AM http://127.0.0.1:8000 "POST /api/lock_tokens/ HTTP/1.1" 404 23
11/23/2018 02:20:59 AM 
Traceback (most recent call last):
  File "startup.py", line 77, in sync
    token = check_if_unlocked(server_url, AuthKey)
  File "startup.py", line 112, in check_if_unlocked
    raise requests.exceptions.HTTPError
requests.exceptions.HTTPError
11/23/2018 02:22:22 AM Starting new HTTP connection (1): 127.0.0.1:8000
11/23/2018 02:22:23 AM http://127.0.0.1:8000 "POST /api/login/ HTTP/1.1" 200 50
11/23/2018 02:22:23 AM Starting new HTTP connection (1): 127.0.0.1:8000
11/23/2018 02:22:23 AM http://127.0.0.1:8000 "POST /api/lock_tokens/ HTTP/1.1" 404 23
11/23/2018 02:22:23 AM 
Traceback (most recent call last):
  File "startup.py", line 77, in sync
    token = check_if_unlocked(server_url, AuthKey)
  File "startup.py", line 112, in check_if_unlocked
    raise requests.exceptions.HTTPError
requests.exceptions.HTTPError
11/23/2018 02:23:47 AM Starting new HTTP connection (1): 127.0.0.1:8000
11/23/2018 02:23:47 AM http://127.0.0.1:8000 "POST /api/login/ HTTP/1.1" 200 50
11/23/2018 02:23:47 AM Starting new HTTP connection (1): 127.0.0.1:8000
11/23/2018 02:23:47 AM http://127.0.0.1:8000 "POST /api/lock_tokens/ HTTP/1.1" 404 23
11/23/2018 02:23:47 AM 
Traceback (most recent call last):
  File "startup.py", line 77, in sync
    token = check_if_unlocked(server_url, AuthKey)
  File "startup.py", line 112, in check_if_unlocked
    raise requests.exceptions.HTTPError
requests.exceptions.HTTPError
11/23/2018 02:24:35 AM Starting new HTTP connection (1): 127.0.0.1:8000
11/23/2018 02:24:35 AM http://127.0.0.1:8000 "POST /api/login/ HTTP/1.1" 200 50
11/23/2018 02:24:35 AM Starting new HTTP connection (1): 127.0.0.1:8000
11/23/2018 02:24:35 AM http://127.0.0.1:8000 "POST /api/lock_tokens/ HTTP/1.1" 404 23
11/23/2018 02:24:35 AM 
Traceback (most recent call last):
  File "startup.py", line 77, in sync
    token = check_if_unlocked(server_url, AuthKey)
  File "startup.py", line 112, in check_if_unlocked
    raise requests.exceptions.HTTPError
requests.exceptions.HTTPError
11/23/2018 02:27:29 AM Starting new HTTP connection (1): 127.0.0.1:8000
11/23/2018 02:27:29 AM http://127.0.0.1:8000 "POST /api/login/ HTTP/1.1" 200 50
11/23/2018 02:27:29 AM Starting new HTTP connection (1): 127.0.0.1:8000
11/23/2018 02:27:29 AM http://127.0.0.1:8000 "POST /api/lock_tokens/ HTTP/1.1" 404 23
11/23/2018 02:27:29 AM 
Traceback (most recent call last):
  File "startup.py", line 77, in sync
    token = check_if_unlocked(server_url, AuthKey)
  File "startup.py", line 112, in check_if_unlocked
    raise requests.exceptions.HTTPError
requests.exceptions.HTTPError
11/23/2018 02:38:49 AM Starting new HTTP connection (1): 127.0.0.1:8000
11/23/2018 02:38:49 AM http://127.0.0.1:8000 "POST /api/login/ HTTP/1.1" 200 50
11/23/2018 02:38:49 AM Starting new HTTP connection (1): 127.0.0.1:8000
11/23/2018 02:38:49 AM http://127.0.0.1:8000 "POST /api/lock_tokens/ HTTP/1.1" 404 23
11/23/2018 02:38:49 AM 
Traceback (most recent call last):
  File "startup.py", line 77, in sync
    token = check_if_unlocked(server_url, AuthKey)
  File "startup.py", line 112, in check_if_unlocked
    raise requests.exceptions.HTTPError
requests.exceptions.HTTPError
11/23/2018 02:39:14 AM Starting new HTTP connection (1): 127.0.0.1:8000
11/23/2018 02:39:14 AM http://127.0.0.1:8000 "POST /api/login/ HTTP/1.1" 200 50
11/23/2018 02:39:14 AM Starting new HTTP connection (1): 127.0.0.1:8000
11/23/2018 02:39:14 AM http://127.0.0.1:8000 "POST /api/lock_tokens/ HTTP/1.1" 404 23
11/23/2018 02:39:14 AM 
Traceback (most recent call last):
  File "startup.py", line 77, in sync
    token = check_if_unlocked(server_url, AuthKey)
  File "startup.py", line 113, in check_if_unlocked
    raise requests.exceptions.HTTPError
requests.exceptions.HTTPError
11/23/2018 02:40:44 AM Starting new HTTP connection (1): 127.0.0.1:8000
11/23/2018 02:40:44 AM HTTPConnectionPool(host='127.0.0.1', port=8000): Max retries exceeded with url: /api/login/ (Caused by NewConnectionError('<urllib3.connection.HTTPConnection object at 0x7fe80a316898>: Failed to establish a new connection: [Errno 111] Connection refused',))
Traceback (most recent call last):
  File "/home/saksham/Documents/CS251/SPC/venv/lib/python3.6/site-packages/urllib3/connection.py", line 159, in _new_conn
    (self._dns_host, self.port), self.timeout, **extra_kw)
  File "/home/saksham/Documents/CS251/SPC/venv/lib/python3.6/site-packages/urllib3/util/connection.py", line 80, in create_connection
    raise err
  File "/home/saksham/Documents/CS251/SPC/venv/lib/python3.6/site-packages/urllib3/util/connection.py", line 70, in create_connection
    sock.connect(sa)
ConnectionRefusedError: [Errno 111] Connection refused

During handling of the above exception, another exception occurred:

Traceback (most recent call last):
  File "/home/saksham/Documents/CS251/SPC/venv/lib/python3.6/site-packages/urllib3/connectionpool.py", line 600, in urlopen
    chunked=chunked)
  File "/home/saksham/Documents/CS251/SPC/venv/lib/python3.6/site-packages/urllib3/connectionpool.py", line 354, in _make_request
    conn.request(method, url, **httplib_request_kw)
  File "/usr/lib/python3.6/http/client.py", line 1239, in request
    self._send_request(method, url, body, headers, encode_chunked)
  File "/usr/lib/python3.6/http/client.py", line 1285, in _send_request
    self.endheaders(body, encode_chunked=encode_chunked)
  File "/usr/lib/python3.6/http/client.py", line 1234, in endheaders
    self._send_output(message_body, encode_chunked=encode_chunked)
  File "/usr/lib/python3.6/http/client.py", line 1026, in _send_output
    self.send(msg)
  File "/usr/lib/python3.6/http/client.py", line 964, in send
    self.connect()
  File "/home/saksham/Documents/CS251/SPC/venv/lib/python3.6/site-packages/urllib3/connection.py", line 181, in connect
    conn = self._new_conn()
  File "/home/saksham/Documents/CS251/SPC/venv/lib/python3.6/site-packages/urllib3/connection.py", line 168, in _new_conn
    self, "Failed to establish a new connection: %s" % e)
urllib3.exceptions.NewConnectionError: <urllib3.connection.HTTPConnection object at 0x7fe80a316898>: Failed to establish a new connection: [Errno 111] Connection refused

During handling of the above exception, another exception occurred:

Traceback (most recent call last):
  File "/home/saksham/Documents/CS251/SPC/venv/lib/python3.6/site-packages/requests/adapters.py", line 449, in send
    timeout=timeout
  File "/home/saksham/Documents/CS251/SPC/venv/lib/python3.6/site-packages/urllib3/connectionpool.py", line 638, in urlopen
    _stacktrace=sys.exc_info()[2])
  File "/home/saksham/Documents/CS251/SPC/venv/lib/python3.6/site-packages/urllib3/util/retry.py", line 398, in increment
    raise MaxRetryError(_pool, url, error or ResponseError(cause))
urllib3.exceptions.MaxRetryError: HTTPConnectionPool(host='127.0.0.1', port=8000): Max retries exceeded with url: /api/login/ (Caused by NewConnectionError('<urllib3.connection.HTTPConnection object at 0x7fe80a316898>: Failed to establish a new connection: [Errno 111] Connection refused',))

During handling of the above exception, another exception occurred:

Traceback (most recent call last):
  File "startup.py", line 73, in sync
    AuthKey = check_user_pass(server_url)
  File "startup.py", line 180, in check_user_pass
    AuthKey = get_auth_key(server_url, data['username'], data['password'])
  File "startup.py", line 202, in get_auth_key
    AuthKey = client.post(urlp.urljoin(server_url, 'api/login/'), data=payload)
  File "/home/saksham/Documents/CS251/SPC/venv/lib/python3.6/site-packages/requests/sessions.py", line 572, in post
    return self.request('POST', url, data=data, json=json, **kwargs)
  File "/home/saksham/Documents/CS251/SPC/venv/lib/python3.6/site-packages/requests/sessions.py", line 524, in request
    resp = self.send(prep, **send_kwargs)
  File "/home/saksham/Documents/CS251/SPC/venv/lib/python3.6/site-packages/requests/sessions.py", line 637, in send
    r = adapter.send(request, **kwargs)
  File "/home/saksham/Documents/CS251/SPC/venv/lib/python3.6/site-packages/requests/adapters.py", line 516, in send
    raise ConnectionError(e, request=request)
requests.exceptions.ConnectionError: HTTPConnectionPool(host='127.0.0.1', port=8000): Max retries exceeded with url: /api/login/ (Caused by NewConnectionError('<urllib3.connection.HTTPConnection object at 0x7fe80a316898>: Failed to establish a new connection: [Errno 111] Connection refused',))
11/23/2018 02:42:02 AM Starting new HTTP connection (1): 127.0.0.1:8000
11/23/2018 02:42:02 AM http://127.0.0.1:8000 "POST /api/login/ HTTP/1.1" 200 50
11/23/2018 02:42:02 AM Starting new HTTP connection (1): 127.0.0.1:8000
11/23/2018 02:42:02 AM http://127.0.0.1:8000 "POST /api/lock_tokens/ HTTP/1.1" 500 18165
11/23/2018 02:43:13 AM Starting new HTTP connection (1): 127.0.0.1:8000
11/23/2018 02:43:13 AM http://127.0.0.1:8000 "POST /api/login/ HTTP/1.1" 200 50
11/23/2018 02:43:13 AM Starting new HTTP connection (1): 127.0.0.1:8000
11/23/2018 02:43:13 AM http://127.0.0.1:8000 "POST /api/lock_tokens/ HTTP/1.1" 500 18165
11/23/2018 02:43:25 AM Starting new HTTP connection (1): 127.0.0.1:8000
11/23/2018 02:43:25 AM http://127.0.0.1:8000 "POST /api/login/ HTTP/1.1" 200 50
11/23/2018 02:43:25 AM Starting new HTTP connection (1): 127.0.0.1:8000
11/23/2018 02:43:25 AM http://127.0.0.1:8000 "POST /api/lock_tokens/ HTTP/1.1" 500 18165
11/23/2018 02:44:06 AM Starting new HTTP connection (1): 127.0.0.1:8000
11/23/2018 02:44:06 AM http://127.0.0.1:8000 "POST /api/login/ HTTP/1.1" 200 50
11/23/2018 02:44:06 AM Starting new HTTP connection (1): 127.0.0.1:8000
11/23/2018 02:44:06 AM http://127.0.0.1:8000 "POST /api/lock_tokens/ HTTP/1.1" 201 74
11/23/2018 02:44:06 AM Starting new HTTP connection (1): 127.0.0.1:8000
11/23/2018 02:44:06 AM http://127.0.0.1:8000 "POST /api/get-index/ HTTP/1.1" 200 12
11/23/2018 02:44:16 AM Starting new HTTP connection (1): 127.0.0.1:8000
11/23/2018 02:44:16 AM http://127.0.0.1:8000 "POST /api/login/ HTTP/1.1" 200 50
11/23/2018 02:44:16 AM Starting new HTTP connection (1): 127.0.0.1:8000
11/23/2018 02:44:16 AM http://127.0.0.1:8000 "POST /api/lock_tokens/ HTTP/1.1" 409 2
11/23/2018 02:44:54 AM Starting new HTTP connection (1): 127.0.0.1:8000
11/23/2018 02:44:54 AM http://127.0.0.1:8000 "POST /api/login/ HTTP/1.1" 200 50
11/23/2018 02:44:54 AM Starting new HTTP connection (1): 127.0.0.1:8000
11/23/2018 02:44:54 AM http://127.0.0.1:8000 "POST /api/lock_tokens/ HTTP/1.1" 409 2
11/23/2018 02:44:54 AM Starting new HTTP connection (1): 127.0.0.1:8000
11/23/2018 02:44:54 AM http://127.0.0.1:8000 "POST /api/get-index/ HTTP/1.1" 200 12
11/23/2018 02:47:06 AM Starting new HTTP connection (1): 127.0.0.1:8000
11/23/2018 02:47:06 AM http://127.0.0.1:8000 "POST /api/login/ HTTP/1.1" 200 50
11/23/2018 02:47:06 AM Starting new HTTP connection (1): 127.0.0.1:8000
11/23/2018 02:47:06 AM http://127.0.0.1:8000 "POST /api/lock_tokens/ HTTP/1.1" 201 74
11/23/2018 02:47:06 AM Starting new HTTP connection (1): 127.0.0.1:8000
11/23/2018 02:47:06 AM http://127.0.0.1:8000 "POST /api/get-index/ HTTP/1.1" 200 12
11/23/2018 02:47:15 AM Starting new HTTP connection (1): 127.0.0.1:8000
11/23/2018 02:47:15 AM http://127.0.0.1:8000 "POST /api/login/ HTTP/1.1" 200 50
11/23/2018 02:47:15 AM Starting new HTTP connection (1): 127.0.0.1:8000
11/23/2018 02:47:15 AM http://127.0.0.1:8000 "POST /api/lock_tokens/ HTTP/1.1" 409 2
11/23/2018 02:47:15 AM Starting new HTTP connection (1): 127.0.0.1:8000
11/23/2018 02:47:15 AM http://127.0.0.1:8000 "POST /api/get-index/ HTTP/1.1" 200 12
11/23/2018 02:47:37 AM Starting new HTTP connection (1): 127.0.0.1:8000
11/23/2018 02:47:37 AM http://127.0.0.1:8000 "POST /api/login/ HTTP/1.1" 200 50
11/23/2018 02:47:37 AM Starting new HTTP connection (1): 127.0.0.1:8000
11/23/2018 02:47:37 AM http://127.0.0.1:8000 "POST /api/lock_tokens/ HTTP/1.1" 409 2
11/23/2018 02:47:37 AM 
Traceback (most recent call last):
  File "startup.py", line 77, in sync
    token = check_if_unlocked(server_url, AuthKey)
  File "startup.py", line 114, in check_if_unlocked
    raise requests.exceptions.HTTPError
requests.exceptions.HTTPError
11/23/2018 02:47:55 AM Starting new HTTP connection (1): 127.0.0.1:8000
11/23/2018 02:47:55 AM http://127.0.0.1:8000 "POST /api/login/ HTTP/1.1" 200 50
11/23/2018 02:47:55 AM Starting new HTTP connection (1): 127.0.0.1:8000
11/23/2018 02:47:55 AM http://127.0.0.1:8000 "POST /api/lock_tokens/ HTTP/1.1" 409 2
11/23/2018 02:47:55 AM 
Traceback (most recent call last):
  File "startup.py", line 77, in sync
    token = check_if_unlocked(server_url, AuthKey)
  File "startup.py", line 114, in check_if_unlocked
    raise requests.exceptions.HTTPError
requests.exceptions.HTTPError
11/23/2018 02:47:56 AM Starting new HTTP connection (1): 127.0.0.1:8000
11/23/2018 02:47:57 AM http://127.0.0.1:8000 "POST /api/login/ HTTP/1.1" 200 50
11/23/2018 02:47:57 AM Starting new HTTP connection (1): 127.0.0.1:8000
11/23/2018 02:47:57 AM http://127.0.0.1:8000 "POST /api/lock_tokens/ HTTP/1.1" 409 2
11/23/2018 02:47:57 AM 
Traceback (most recent call last):
  File "startup.py", line 77, in sync
    token = check_if_unlocked(server_url, AuthKey)
  File "startup.py", line 114, in check_if_unlocked
    raise requests.exceptions.HTTPError
requests.exceptions.HTTPError
11/23/2018 02:47:58 AM Starting new HTTP connection (1): 127.0.0.1:8000
11/23/2018 02:47:58 AM http://127.0.0.1:8000 "POST /api/login/ HTTP/1.1" 200 50
11/23/2018 02:47:58 AM Starting new HTTP connection (1): 127.0.0.1:8000
11/23/2018 02:47:58 AM http://127.0.0.1:8000 "POST /api/lock_tokens/ HTTP/1.1" 409 2
11/23/2018 02:47:58 AM 
Traceback (most recent call last):
  File "startup.py", line 77, in sync
    token = check_if_unlocked(server_url, AuthKey)
  File "startup.py", line 114, in check_if_unlocked
    raise requests.exceptions.HTTPError
requests.exceptions.HTTPError
11/23/2018 02:47:59 AM Starting new HTTP connection (1): 127.0.0.1:8000
11/23/2018 02:47:59 AM http://127.0.0.1:8000 "POST /api/login/ HTTP/1.1" 200 50
11/23/2018 02:47:59 AM Starting new HTTP connection (1): 127.0.0.1:8000
11/23/2018 02:47:59 AM http://127.0.0.1:8000 "POST /api/lock_tokens/ HTTP/1.1" 409 2
11/23/2018 02:47:59 AM 
Traceback (most recent call last):
  File "startup.py", line 77, in sync
    token = check_if_unlocked(server_url, AuthKey)
  File "startup.py", line 114, in check_if_unlocked
    raise requests.exceptions.HTTPError
requests.exceptions.HTTPError
11/23/2018 02:48:00 AM Starting new HTTP connection (1): 127.0.0.1:8000
11/23/2018 02:48:00 AM http://127.0.0.1:8000 "POST /api/login/ HTTP/1.1" 200 50
11/23/2018 02:48:00 AM Starting new HTTP connection (1): 127.0.0.1:8000
11/23/2018 02:48:00 AM http://127.0.0.1:8000 "POST /api/lock_tokens/ HTTP/1.1" 409 2
11/23/2018 02:48:00 AM 
Traceback (most recent call last):
  File "startup.py", line 77, in sync
    token = check_if_unlocked(server_url, AuthKey)
  File "startup.py", line 114, in check_if_unlocked
    raise requests.exceptions.HTTPError
requests.exceptions.HTTPError
11/23/2018 02:48:02 AM Starting new HTTP connection (1): 127.0.0.1:8000
11/23/2018 02:48:02 AM http://127.0.0.1:8000 "POST /api/login/ HTTP/1.1" 200 50
11/23/2018 02:48:02 AM Starting new HTTP connection (1): 127.0.0.1:8000
11/23/2018 02:48:02 AM http://127.0.0.1:8000 "POST /api/lock_tokens/ HTTP/1.1" 409 2
11/23/2018 02:48:02 AM 
Traceback (most recent call last):
  File "startup.py", line 77, in sync
    token = check_if_unlocked(server_url, AuthKey)
  File "startup.py", line 114, in check_if_unlocked
    raise requests.exceptions.HTTPError
requests.exceptions.HTTPError
11/23/2018 02:48:03 AM Starting new HTTP connection (1): 127.0.0.1:8000
11/23/2018 02:48:03 AM http://127.0.0.1:8000 "POST /api/login/ HTTP/1.1" 200 50
11/23/2018 02:48:03 AM Starting new HTTP connection (1): 127.0.0.1:8000
11/23/2018 02:48:03 AM http://127.0.0.1:8000 "POST /api/lock_tokens/ HTTP/1.1" 409 2
11/23/2018 02:48:03 AM 
Traceback (most recent call last):
  File "startup.py", line 77, in sync
    token = check_if_unlocked(server_url, AuthKey)
  File "startup.py", line 114, in check_if_unlocked
    raise requests.exceptions.HTTPError
requests.exceptions.HTTPError
11/23/2018 02:48:03 AM Starting new HTTP connection (1): 127.0.0.1:8000
11/23/2018 02:48:04 AM http://127.0.0.1:8000 "POST /api/login/ HTTP/1.1" 200 50
11/23/2018 02:48:04 AM Starting new HTTP connection (1): 127.0.0.1:8000
11/23/2018 02:48:04 AM http://127.0.0.1:8000 "POST /api/lock_tokens/ HTTP/1.1" 409 2
11/23/2018 02:48:04 AM 
Traceback (most recent call last):
  File "startup.py", line 77, in sync
    token = check_if_unlocked(server_url, AuthKey)
  File "startup.py", line 114, in check_if_unlocked
    raise requests.exceptions.HTTPError
requests.exceptions.HTTPError
11/23/2018 02:48:04 AM Starting new HTTP connection (1): 127.0.0.1:8000
11/23/2018 02:48:04 AM http://127.0.0.1:8000 "POST /api/login/ HTTP/1.1" 200 50
11/23/2018 02:48:04 AM Starting new HTTP connection (1): 127.0.0.1:8000
11/23/2018 02:48:04 AM http://127.0.0.1:8000 "POST /api/lock_tokens/ HTTP/1.1" 409 2
11/23/2018 02:48:04 AM 
Traceback (most recent call last):
  File "startup.py", line 77, in sync
    token = check_if_unlocked(server_url, AuthKey)
  File "startup.py", line 114, in check_if_unlocked
    raise requests.exceptions.HTTPError
requests.exceptions.HTTPError
11/23/2018 02:48:05 AM Starting new HTTP connection (1): 127.0.0.1:8000
11/23/2018 02:48:05 AM http://127.0.0.1:8000 "POST /api/login/ HTTP/1.1" 200 50
11/23/2018 02:48:05 AM Starting new HTTP connection (1): 127.0.0.1:8000
11/23/2018 02:48:05 AM http://127.0.0.1:8000 "POST /api/lock_tokens/ HTTP/1.1" 409 2
11/23/2018 02:48:05 AM 
Traceback (most recent call last):
  File "startup.py", line 77, in sync
    token = check_if_unlocked(server_url, AuthKey)
  File "startup.py", line 114, in check_if_unlocked
    raise requests.exceptions.HTTPError
requests.exceptions.HTTPError
11/23/2018 02:48:11 AM Starting new HTTP connection (1): 127.0.0.1:8000
11/23/2018 02:48:11 AM http://127.0.0.1:8000 "POST /api/login/ HTTP/1.1" 200 50
11/23/2018 02:48:11 AM Starting new HTTP connection (1): 127.0.0.1:8000
11/23/2018 02:48:11 AM http://127.0.0.1:8000 "POST /api/lock_tokens/ HTTP/1.1" 201 74
11/23/2018 02:48:11 AM Starting new HTTP connection (1): 127.0.0.1:8000
11/23/2018 02:48:11 AM http://127.0.0.1:8000 "POST /api/get-index/ HTTP/1.1" 200 12
11/23/2018 02:48:15 AM Starting new HTTP connection (1): 127.0.0.1:8000
11/23/2018 02:48:15 AM http://127.0.0.1:8000 "POST /api/upload/ HTTP/1.1" 201 20
11/23/2018 02:48:15 AM Resetting dropped connection: 127.0.0.1
11/23/2018 02:48:15 AM http://127.0.0.1:8000 "POST /api/upload/ HTTP/1.1" 201 20
11/23/2018 02:48:19 AM Resetting dropped connection: 127.0.0.1
11/23/2018 02:48:25 AM http://127.0.0.1:8000 "POST /api/upload/ HTTP/1.1" 201 20
11/23/2018 02:48:25 AM Resetting dropped connection: 127.0.0.1
11/23/2018 02:48:25 AM http://127.0.0.1:8000 "POST /api/upload/ HTTP/1.1" 201 20
11/23/2018 02:48:25 AM Starting new HTTP connection (1): 127.0.0.1:8000
11/23/2018 02:48:25 AM http://127.0.0.1:8000 "DELETE /api/lock_tokens/cc476db34ee740f09ac28a14fdf25dec HTTP/1.1" 301 0
11/23/2018 02:48:25 AM Resetting dropped connection: 127.0.0.1
11/23/2018 02:48:25 AM http://127.0.0.1:8000 "DELETE /api/lock_tokens/cc476db34ee740f09ac28a14fdf25dec/ HTTP/1.1" 500 17650
11/23/2018 02:48:28 AM Starting new HTTP connection (1): 127.0.0.1:8000
11/23/2018 02:48:30 AM http://127.0.0.1:8000 "POST /api/login/ HTTP/1.1" 200 50
11/23/2018 02:48:30 AM Starting new HTTP connection (1): 127.0.0.1:8000
11/23/2018 02:48:30 AM http://127.0.0.1:8000 "POST /api/lock_tokens/ HTTP/1.1" 409 2
11/23/2018 02:48:30 AM 
Traceback (most recent call last):
  File "startup.py", line 77, in sync
    token = check_if_unlocked(server_url, AuthKey)
  File "startup.py", line 114, in check_if_unlocked
    raise requests.exceptions.HTTPError
requests.exceptions.HTTPError
11/23/2018 03:02:20 AM Starting new HTTP connection (1): 127.0.0.1:8000
11/23/2018 03:02:20 AM http://127.0.0.1:8000 "POST /api/login/ HTTP/1.1" 200 50
11/23/2018 03:02:20 AM Starting new HTTP connection (1): 127.0.0.1:8000
11/23/2018 03:02:20 AM http://127.0.0.1:8000 "POST /api/lock_tokens/ HTTP/1.1" 201 74
11/23/2018 03:02:20 AM Starting new HTTP connection (1): 127.0.0.1:8000
11/23/2018 03:02:20 AM http://127.0.0.1:8000 "POST /api/get-index/ HTTP/1.1" 200 299
11/23/2018 03:02:21 AM Starting new HTTP connection (1): 127.0.0.1:8000
11/23/2018 03:02:21 AM http://127.0.0.1:8000 "DELETE /api/lock_tokens/244299a25ff74717be0b7cbd4440dc40 HTTP/1.1" 301 0
11/23/2018 03:02:21 AM Resetting dropped connection: 127.0.0.1
11/23/2018 03:02:21 AM http://127.0.0.1:8000 "DELETE /api/lock_tokens/244299a25ff74717be0b7cbd4440dc40/ HTTP/1.1" 404 23
11/23/2018 03:05:24 AM Starting new HTTP connection (1): 127.0.0.1:8000
11/23/2018 03:05:24 AM http://127.0.0.1:8000 "POST /api/login/ HTTP/1.1" 200 50
11/23/2018 03:05:24 AM Starting new HTTP connection (1): 127.0.0.1:8000
11/23/2018 03:05:24 AM http://127.0.0.1:8000 "POST /api/lock_tokens/ HTTP/1.1" 201 74
11/23/2018 03:05:24 AM Starting new HTTP connection (1): 127.0.0.1:8000
11/23/2018 03:05:24 AM http://127.0.0.1:8000 "POST /api/get-index/ HTTP/1.1" 200 299
11/23/2018 03:05:25 AM Starting new HTTP connection (1): 127.0.0.1:8000
11/23/2018 03:05:25 AM http://127.0.0.1:8000 "DELETE /api/lock_tokens/95cdc0e21ebf42df8fd637039c36490a HTTP/1.1" 301 0
11/23/2018 03:05:25 AM Resetting dropped connection: 127.0.0.1
11/23/2018 03:05:25 AM http://127.0.0.1:8000 "DELETE /api/lock_tokens/95cdc0e21ebf42df8fd637039c36490a/ HTTP/1.1" 404 23
11/23/2018 03:07:45 AM Starting new HTTP connection (1): 127.0.0.1:8000
11/23/2018 03:07:45 AM http://127.0.0.1:8000 "POST /api/login/ HTTP/1.1" 200 50
11/23/2018 03:07:45 AM Starting new HTTP connection (1): 127.0.0.1:8000
11/23/2018 03:07:45 AM http://127.0.0.1:8000 "POST /api/lock_tokens/ HTTP/1.1" 201 74
11/23/2018 03:07:45 AM Starting new HTTP connection (1): 127.0.0.1:8000
11/23/2018 03:07:45 AM http://127.0.0.1:8000 "POST /api/get-index/ HTTP/1.1" 200 299
11/23/2018 03:07:46 AM Starting new HTTP connection (1): 127.0.0.1:8000
11/23/2018 03:07:46 AM http://127.0.0.1:8000 "DELETE /api/lock_tokens/635f50d5c07447a8804e01b98d95a98e HTTP/1.1" 301 0
11/23/2018 03:07:46 AM Resetting dropped connection: 127.0.0.1
11/23/2018 03:07:46 AM http://127.0.0.1:8000 "DELETE /api/lock_tokens/635f50d5c07447a8804e01b98d95a98e/ HTTP/1.1" 404 23
11/23/2018 03:08:04 AM Starting new HTTP connection (1): 127.0.0.1:8000
11/23/2018 03:08:04 AM http://127.0.0.1:8000 "POST /api/login/ HTTP/1.1" 200 50
11/23/2018 03:08:04 AM Starting new HTTP connection (1): 127.0.0.1:8000
11/23/2018 03:08:04 AM http://127.0.0.1:8000 "POST /api/lock_tokens/ HTTP/1.1" 409 2
11/23/2018 03:08:04 AM 
Traceback (most recent call last):
  File "startup.py", line 77, in sync
    token = check_if_unlocked(server_url, AuthKey)
  File "startup.py", line 114, in check_if_unlocked
    raise requests.exceptions.HTTPError
requests.exceptions.HTTPError
11/23/2018 03:08:08 AM Starting new HTTP connection (1): 127.0.0.1:8000
11/23/2018 03:08:08 AM http://127.0.0.1:8000 "POST /api/login/ HTTP/1.1" 200 50
11/23/2018 03:08:08 AM Starting new HTTP connection (1): 127.0.0.1:8000
11/23/2018 03:08:08 AM http://127.0.0.1:8000 "POST /api/lock_tokens/ HTTP/1.1" 409 2
11/23/2018 03:08:08 AM 
Traceback (most recent call last):
  File "startup.py", line 77, in sync
    token = check_if_unlocked(server_url, AuthKey)
  File "startup.py", line 114, in check_if_unlocked
    raise requests.exceptions.HTTPError
requests.exceptions.HTTPError
11/23/2018 03:08:40 AM Starting new HTTP connection (1): 127.0.0.1:8000
11/23/2018 03:08:40 AM http://127.0.0.1:8000 "POST /api/login/ HTTP/1.1" 200 50
11/23/2018 03:08:40 AM Starting new HTTP connection (1): 127.0.0.1:8000
11/23/2018 03:08:40 AM http://127.0.0.1:8000 "POST /api/lock_tokens/ HTTP/1.1" 409 2
11/23/2018 03:08:40 AM 
Traceback (most recent call last):
  File "startup.py", line 77, in sync
    token = check_if_unlocked(server_url, AuthKey)
  File "startup.py", line 114, in check_if_unlocked
    raise requests.exceptions.HTTPError
requests.exceptions.HTTPError
11/23/2018 03:08:41 AM Starting new HTTP connection (1): 127.0.0.1:8000
11/23/2018 03:08:41 AM http://127.0.0.1:8000 "POST /api/login/ HTTP/1.1" 200 50
11/23/2018 03:08:41 AM Starting new HTTP connection (1): 127.0.0.1:8000
11/23/2018 03:08:41 AM http://127.0.0.1:8000 "POST /api/lock_tokens/ HTTP/1.1" 409 2
11/23/2018 03:08:41 AM 
Traceback (most recent call last):
  File "startup.py", line 77, in sync
    token = check_if_unlocked(server_url, AuthKey)
  File "startup.py", line 114, in check_if_unlocked
    raise requests.exceptions.HTTPError
requests.exceptions.HTTPError
11/23/2018 03:08:42 AM Starting new HTTP connection (1): 127.0.0.1:8000
11/23/2018 03:08:42 AM http://127.0.0.1:8000 "POST /api/login/ HTTP/1.1" 200 50
11/23/2018 03:08:42 AM Starting new HTTP connection (1): 127.0.0.1:8000
11/23/2018 03:08:42 AM http://127.0.0.1:8000 "POST /api/lock_tokens/ HTTP/1.1" 409 2
11/23/2018 03:08:42 AM 
Traceback (most recent call last):
  File "startup.py", line 77, in sync
    token = check_if_unlocked(server_url, AuthKey)
  File "startup.py", line 114, in check_if_unlocked
    raise requests.exceptions.HTTPError
requests.exceptions.HTTPError
11/23/2018 03:08:42 AM Starting new HTTP connection (1): 127.0.0.1:8000
11/23/2018 03:08:43 AM http://127.0.0.1:8000 "POST /api/login/ HTTP/1.1" 200 50
11/23/2018 03:08:43 AM Starting new HTTP connection (1): 127.0.0.1:8000
11/23/2018 03:08:43 AM http://127.0.0.1:8000 "POST /api/lock_tokens/ HTTP/1.1" 409 2
11/23/2018 03:08:43 AM 
Traceback (most recent call last):
  File "startup.py", line 77, in sync
    token = check_if_unlocked(server_url, AuthKey)
  File "startup.py", line 114, in check_if_unlocked
    raise requests.exceptions.HTTPError
requests.exceptions.HTTPError
11/23/2018 03:08:55 AM Starting new HTTP connection (1): 127.0.0.1:8000
11/23/2018 03:08:56 AM http://127.0.0.1:8000 "POST /api/login/ HTTP/1.1" 200 50
11/23/2018 03:08:56 AM Starting new HTTP connection (1): 127.0.0.1:8000
11/23/2018 03:08:56 AM http://127.0.0.1:8000 "POST /api/lock_tokens/ HTTP/1.1" 201 74
11/23/2018 03:08:56 AM Starting new HTTP connection (1): 127.0.0.1:8000
11/23/2018 03:08:56 AM http://127.0.0.1:8000 "POST /api/get-index/ HTTP/1.1" 200 299
11/23/2018 03:08:57 AM Starting new HTTP connection (1): 127.0.0.1:8000
11/23/2018 03:08:57 AM http://127.0.0.1:8000 "DELETE /api/lock_tokens/e0f75601cf4540969b115945d21a9dd3 HTTP/1.1" 301 0
11/23/2018 03:08:57 AM Resetting dropped connection: 127.0.0.1
11/23/2018 03:08:57 AM http://127.0.0.1:8000 "DELETE /api/lock_tokens/e0f75601cf4540969b115945d21a9dd3/ HTTP/1.1" 404 23
11/23/2018 03:10:48 AM Starting new HTTP connection (1): 127.0.0.1:8000
11/23/2018 03:10:48 AM http://127.0.0.1:8000 "POST /api/login/ HTTP/1.1" 200 50
11/23/2018 03:10:48 AM Starting new HTTP connection (1): 127.0.0.1:8000
11/23/2018 03:10:48 AM http://127.0.0.1:8000 "POST /api/lock_tokens/ HTTP/1.1" 201 74
11/23/2018 03:10:48 AM Starting new HTTP connection (1): 127.0.0.1:8000
11/23/2018 03:10:48 AM http://127.0.0.1:8000 "POST /api/get-index/ HTTP/1.1" 200 299
11/23/2018 03:10:49 AM Starting new HTTP connection (1): 127.0.0.1:8000
11/23/2018 03:10:49 AM http://127.0.0.1:8000 "DELETE /api/lock_tokens/47a0e999f33c44348e3fd120d1ea9d86 HTTP/1.1" 301 0
11/23/2018 03:10:49 AM Resetting dropped connection: 127.0.0.1
11/23/2018 03:10:49 AM http://127.0.0.1:8000 "DELETE /api/lock_tokens/47a0e999f33c44348e3fd120d1ea9d86/ HTTP/1.1" 404 23
11/23/2018 03:13:13 AM Starting new HTTP connection (1): 127.0.0.1:8000
11/23/2018 03:13:13 AM http://127.0.0.1:8000 "POST /api/login/ HTTP/1.1" 200 50
11/23/2018 03:13:13 AM Starting new HTTP connection (1): 127.0.0.1:8000
11/23/2018 03:13:14 AM http://127.0.0.1:8000 "POST /api/lock_tokens/ HTTP/1.1" 201 74
11/23/2018 03:13:14 AM Starting new HTTP connection (1): 127.0.0.1:8000
11/23/2018 03:13:14 AM http://127.0.0.1:8000 "POST /api/get-index/ HTTP/1.1" 200 299
11/23/2018 03:13:14 AM Starting new HTTP connection (1): 127.0.0.1:8000
11/23/2018 03:13:14 AM http://127.0.0.1:8000 "DELETE /api/lock_tokens/3350e05df0c94bb382902f2a577703b0 HTTP/1.1" 404 23
11/23/2018 03:17:03 AM Starting new HTTP connection (1): 127.0.0.1:8000
11/23/2018 03:17:03 AM http://127.0.0.1:8000 "POST /api/login/ HTTP/1.1" 200 50
11/23/2018 03:17:03 AM Starting new HTTP connection (1): 127.0.0.1:8000
11/23/2018 03:17:03 AM http://127.0.0.1:8000 "POST /api/lock_tokens/ HTTP/1.1" 201 74
11/23/2018 03:17:03 AM Starting new HTTP connection (1): 127.0.0.1:8000
11/23/2018 03:17:03 AM http://127.0.0.1:8000 "POST /api/get-index/ HTTP/1.1" 200 299
11/23/2018 03:17:04 AM Starting new HTTP connection (1): 127.0.0.1:8000
11/23/2018 03:17:04 AM http://127.0.0.1:8000 "DELETE /api/lock_tokens/bfb1852a2e9345018b443af8116bf926 HTTP/1.1" 404 23
11/23/2018 03:19:40 AM Starting new HTTP connection (1): 127.0.0.1:8000
11/23/2018 03:19:40 AM http://127.0.0.1:8000 "POST /api/login/ HTTP/1.1" 200 50
11/23/2018 03:19:40 AM Starting new HTTP connection (1): 127.0.0.1:8000
11/23/2018 03:19:40 AM http://127.0.0.1:8000 "POST /api/lock_tokens/ HTTP/1.1" 201 74
11/23/2018 03:19:40 AM Starting new HTTP connection (1): 127.0.0.1:8000
11/23/2018 03:19:40 AM http://127.0.0.1:8000 "POST /api/get-index/ HTTP/1.1" 200 299
11/23/2018 03:19:41 AM Starting new HTTP connection (1): 127.0.0.1:8000
11/23/2018 03:19:41 AM http://127.0.0.1:8000 "DELETE /api/lock_tokens/2e9c9d23d2c643e49a0dc041378b5539 HTTP/1.1" 404 23
11/23/2018 03:20:23 AM Starting new HTTP connection (1): 127.0.0.1:8000
11/23/2018 03:20:23 AM http://127.0.0.1:8000 "POST /api/login/ HTTP/1.1" 200 50
11/23/2018 03:20:23 AM Starting new HTTP connection (1): 127.0.0.1:8000
11/23/2018 03:20:23 AM http://127.0.0.1:8000 "POST /api/lock_tokens/ HTTP/1.1" 409 2
11/23/2018 03:20:23 AM 
Traceback (most recent call last):
  File "startup.py", line 77, in sync
    token = check_if_unlocked(server_url, AuthKey)
  File "startup.py", line 114, in check_if_unlocked
    raise requests.exceptions.HTTPError
requests.exceptions.HTTPError
11/23/2018 03:20:32 AM Starting new HTTP connection (1): 127.0.0.1:8000
11/23/2018 03:20:32 AM http://127.0.0.1:8000 "POST /api/login/ HTTP/1.1" 200 50
11/23/2018 03:20:32 AM Starting new HTTP connection (1): 127.0.0.1:8000
11/23/2018 03:20:32 AM http://127.0.0.1:8000 "POST /api/lock_tokens/ HTTP/1.1" 409 2
11/23/2018 03:20:32 AM 
Traceback (most recent call last):
  File "startup.py", line 77, in sync
    token = check_if_unlocked(server_url, AuthKey)
  File "startup.py", line 114, in check_if_unlocked
    raise requests.exceptions.HTTPError
requests.exceptions.HTTPError
11/23/2018 03:20:33 AM Starting new HTTP connection (1): 127.0.0.1:8000
11/23/2018 03:20:33 AM http://127.0.0.1:8000 "POST /api/login/ HTTP/1.1" 200 50
11/23/2018 03:20:33 AM Starting new HTTP connection (1): 127.0.0.1:8000
11/23/2018 03:20:33 AM http://127.0.0.1:8000 "POST /api/lock_tokens/ HTTP/1.1" 409 2
11/23/2018 03:20:33 AM 
Traceback (most recent call last):
  File "startup.py", line 77, in sync
    token = check_if_unlocked(server_url, AuthKey)
  File "startup.py", line 114, in check_if_unlocked
    raise requests.exceptions.HTTPError
requests.exceptions.HTTPError
11/23/2018 03:20:34 AM Starting new HTTP connection (1): 127.0.0.1:8000
11/23/2018 03:20:34 AM http://127.0.0.1:8000 "POST /api/login/ HTTP/1.1" 200 50
11/23/2018 03:20:34 AM Starting new HTTP connection (1): 127.0.0.1:8000
11/23/2018 03:20:34 AM http://127.0.0.1:8000 "POST /api/lock_tokens/ HTTP/1.1" 409 2
11/23/2018 03:20:34 AM 
Traceback (most recent call last):
  File "startup.py", line 77, in sync
    token = check_if_unlocked(server_url, AuthKey)
  File "startup.py", line 114, in check_if_unlocked
    raise requests.exceptions.HTTPError
requests.exceptions.HTTPError
11/23/2018 03:20:45 AM Starting new HTTP connection (1): 127.0.0.1:8000
11/23/2018 03:20:45 AM http://127.0.0.1:8000 "POST /api/login/ HTTP/1.1" 200 50
11/23/2018 03:20:45 AM Starting new HTTP connection (1): 127.0.0.1:8000
11/23/2018 03:20:45 AM http://127.0.0.1:8000 "POST /api/lock_tokens/ HTTP/1.1" 201 74
11/23/2018 03:20:45 AM Starting new HTTP connection (1): 127.0.0.1:8000
11/23/2018 03:20:45 AM http://127.0.0.1:8000 "POST /api/get-index/ HTTP/1.1" 200 299
11/23/2018 03:20:46 AM Starting new HTTP connection (1): 127.0.0.1:8000
11/23/2018 03:20:46 AM http://127.0.0.1:8000 "DELETE /api/lock_tokens/3e39f5c96a544e21a439e03762ba0f38 HTTP/1.1" 204 0
11/23/2018 03:22:13 AM Starting new HTTP connection (1): 127.0.0.1:8000
11/23/2018 03:22:13 AM http://127.0.0.1:8000 "POST /api/login/ HTTP/1.1" 200 50
11/23/2018 03:22:13 AM Starting new HTTP connection (1): 127.0.0.1:8000
11/23/2018 03:22:13 AM http://127.0.0.1:8000 "POST /api/lock_tokens/ HTTP/1.1" 201 74
11/23/2018 03:22:13 AM Starting new HTTP connection (1): 127.0.0.1:8000
11/23/2018 03:22:13 AM http://127.0.0.1:8000 "POST /api/get-index/ HTTP/1.1" 200 299
11/23/2018 03:22:14 AM Starting new HTTP connection (1): 127.0.0.1:8000
11/23/2018 03:22:14 AM http://127.0.0.1:8000 "DELETE /api/lock_tokens/183e7dcfb00041dfa47182de13b5ccdd HTTP/1.1" 204 0
11/23/2018 03:22:18 AM Starting new HTTP connection (1): 127.0.0.1:8000
11/23/2018 03:22:18 AM http://127.0.0.1:8000 "POST /api/login/ HTTP/1.1" 200 50
11/23/2018 03:22:18 AM Starting new HTTP connection (1): 127.0.0.1:8000
11/23/2018 03:22:18 AM http://127.0.0.1:8000 "POST /api/lock_tokens/ HTTP/1.1" 201 74
11/23/2018 03:22:18 AM Starting new HTTP connection (1): 127.0.0.1:8000
11/23/2018 03:22:18 AM http://127.0.0.1:8000 "POST /api/get-index/ HTTP/1.1" 200 299
11/23/2018 03:22:19 AM Starting new HTTP connection (1): 127.0.0.1:8000
11/23/2018 03:22:19 AM http://127.0.0.1:8000 "DELETE /api/lock_tokens/0c9b8fa0bacd4d00a5d4a9973bdc2875 HTTP/1.1" 204 0
11/23/2018 03:22:20 AM Starting new HTTP connection (1): 127.0.0.1:8000
11/23/2018 03:22:21 AM http://127.0.0.1:8000 "POST /api/login/ HTTP/1.1" 200 50
11/23/2018 03:22:21 AM Starting new HTTP connection (1): 127.0.0.1:8000
11/23/2018 03:22:21 AM http://127.0.0.1:8000 "POST /api/lock_tokens/ HTTP/1.1" 201 74
11/23/2018 03:22:21 AM Starting new HTTP connection (1): 127.0.0.1:8000
11/23/2018 03:22:21 AM http://127.0.0.1:8000 "POST /api/get-index/ HTTP/1.1" 200 299
11/23/2018 03:22:22 AM Starting new HTTP connection (1): 127.0.0.1:8000
11/23/2018 03:22:22 AM http://127.0.0.1:8000 "POST /api/login/ HTTP/1.1" 200 50
11/23/2018 03:22:22 AM Starting new HTTP connection (1): 127.0.0.1:8000
11/23/2018 03:22:22 AM http://127.0.0.1:8000 "POST /api/lock_tokens/ HTTP/1.1" 409 2
11/23/2018 03:22:22 AM 
Traceback (most recent call last):
  File "startup.py", line 77, in sync
    token = check_if_unlocked(server_url, AuthKey)
  File "startup.py", line 114, in check_if_unlocked
    raise requests.exceptions.HTTPError
requests.exceptions.HTTPError
11/23/2018 03:23:50 AM Starting new HTTP connection (1): 127.0.0.1:8000
11/23/2018 03:23:50 AM HTTPConnectionPool(host='127.0.0.1', port=8000): Max retries exceeded with url: /api/login/ (Caused by NewConnectionError('<urllib3.connection.HTTPConnection object at 0x7f234e49c908>: Failed to establish a new connection: [Errno 111] Connection refused',))
Traceback (most recent call last):
  File "/home/saksham/Documents/CS251/SPC/venv/lib/python3.6/site-packages/urllib3/connection.py", line 159, in _new_conn
    (self._dns_host, self.port), self.timeout, **extra_kw)
  File "/home/saksham/Documents/CS251/SPC/venv/lib/python3.6/site-packages/urllib3/util/connection.py", line 80, in create_connection
    raise err
  File "/home/saksham/Documents/CS251/SPC/venv/lib/python3.6/site-packages/urllib3/util/connection.py", line 70, in create_connection
    sock.connect(sa)
ConnectionRefusedError: [Errno 111] Connection refused

During handling of the above exception, another exception occurred:

Traceback (most recent call last):
  File "/home/saksham/Documents/CS251/SPC/venv/lib/python3.6/site-packages/urllib3/connectionpool.py", line 600, in urlopen
    chunked=chunked)
  File "/home/saksham/Documents/CS251/SPC/venv/lib/python3.6/site-packages/urllib3/connectionpool.py", line 354, in _make_request
    conn.request(method, url, **httplib_request_kw)
  File "/usr/lib/python3.6/http/client.py", line 1239, in request
    self._send_request(method, url, body, headers, encode_chunked)
  File "/usr/lib/python3.6/http/client.py", line 1285, in _send_request
    self.endheaders(body, encode_chunked=encode_chunked)
  File "/usr/lib/python3.6/http/client.py", line 1234, in endheaders
    self._send_output(message_body, encode_chunked=encode_chunked)
  File "/usr/lib/python3.6/http/client.py", line 1026, in _send_output
    self.send(msg)
  File "/usr/lib/python3.6/http/client.py", line 964, in send
    self.connect()
  File "/home/saksham/Documents/CS251/SPC/venv/lib/python3.6/site-packages/urllib3/connection.py", line 181, in connect
    conn = self._new_conn()
  File "/home/saksham/Documents/CS251/SPC/venv/lib/python3.6/site-packages/urllib3/connection.py", line 168, in _new_conn
    self, "Failed to establish a new connection: %s" % e)
urllib3.exceptions.NewConnectionError: <urllib3.connection.HTTPConnection object at 0x7f234e49c908>: Failed to establish a new connection: [Errno 111] Connection refused

During handling of the above exception, another exception occurred:

Traceback (most recent call last):
  File "/home/saksham/Documents/CS251/SPC/venv/lib/python3.6/site-packages/requests/adapters.py", line 449, in send
    timeout=timeout
  File "/home/saksham/Documents/CS251/SPC/venv/lib/python3.6/site-packages/urllib3/connectionpool.py", line 638, in urlopen
    _stacktrace=sys.exc_info()[2])
  File "/home/saksham/Documents/CS251/SPC/venv/lib/python3.6/site-packages/urllib3/util/retry.py", line 398, in increment
    raise MaxRetryError(_pool, url, error or ResponseError(cause))
urllib3.exceptions.MaxRetryError: HTTPConnectionPool(host='127.0.0.1', port=8000): Max retries exceeded with url: /api/login/ (Caused by NewConnectionError('<urllib3.connection.HTTPConnection object at 0x7f234e49c908>: Failed to establish a new connection: [Errno 111] Connection refused',))

During handling of the above exception, another exception occurred:

Traceback (most recent call last):
  File "startup.py", line 73, in sync
    AuthKey = check_user_pass(server_url)
  File "startup.py", line 182, in check_user_pass
    AuthKey = get_auth_key(server_url, data['username'], data['password'])
  File "startup.py", line 204, in get_auth_key
    AuthKey = client.post(urlp.urljoin(server_url, 'api/login/'), data=payload)
  File "/home/saksham/Documents/CS251/SPC/venv/lib/python3.6/site-packages/requests/sessions.py", line 572, in post
    return self.request('POST', url, data=data, json=json, **kwargs)
  File "/home/saksham/Documents/CS251/SPC/venv/lib/python3.6/site-packages/requests/sessions.py", line 524, in request
    resp = self.send(prep, **send_kwargs)
  File "/home/saksham/Documents/CS251/SPC/venv/lib/python3.6/site-packages/requests/sessions.py", line 637, in send
    r = adapter.send(request, **kwargs)
  File "/home/saksham/Documents/CS251/SPC/venv/lib/python3.6/site-packages/requests/adapters.py", line 516, in send
    raise ConnectionError(e, request=request)
requests.exceptions.ConnectionError: HTTPConnectionPool(host='127.0.0.1', port=8000): Max retries exceeded with url: /api/login/ (Caused by NewConnectionError('<urllib3.connection.HTTPConnection object at 0x7f234e49c908>: Failed to establish a new connection: [Errno 111] Connection refused',))
11/23/2018 03:23:52 AM Starting new HTTP connection (1): 127.0.0.1:8000
11/23/2018 03:23:53 AM http://127.0.0.1:8000 "POST /api/login/ HTTP/1.1" 200 50
11/23/2018 03:23:53 AM Starting new HTTP connection (1): 127.0.0.1:8000
11/23/2018 03:23:53 AM http://127.0.0.1:8000 "POST /api/lock_tokens/ HTTP/1.1" 201 74
11/23/2018 03:23:53 AM Starting new HTTP connection (1): 127.0.0.1:8000
11/23/2018 03:23:53 AM http://127.0.0.1:8000 "POST /api/get-index/ HTTP/1.1" 200 299
11/23/2018 03:23:54 AM Starting new HTTP connection (1): 127.0.0.1:8000
11/23/2018 03:23:54 AM http://127.0.0.1:8000 "DELETE /api/lock_tokens/0066578495f444aba84605c2b502aacc HTTP/1.1" 204 0
11/23/2018 03:23:55 AM Starting new HTTP connection (1): 127.0.0.1:8000
11/23/2018 03:23:55 AM http://127.0.0.1:8000 "POST /api/login/ HTTP/1.1" 200 50
11/23/2018 03:23:55 AM Starting new HTTP connection (1): 127.0.0.1:8000
11/23/2018 03:23:55 AM http://127.0.0.1:8000 "POST /api/lock_tokens/ HTTP/1.1" 201 74
11/23/2018 03:23:55 AM Starting new HTTP connection (1): 127.0.0.1:8000
11/23/2018 03:23:55 AM http://127.0.0.1:8000 "POST /api/get-index/ HTTP/1.1" 200 299
11/23/2018 03:23:56 AM Starting new HTTP connection (1): 127.0.0.1:8000
11/23/2018 03:23:56 AM http://127.0.0.1:8000 "POST /api/login/ HTTP/1.1" 200 50
11/23/2018 03:23:56 AM Starting new HTTP connection (1): 127.0.0.1:8000
11/23/2018 03:23:56 AM http://127.0.0.1:8000 "POST /api/lock_tokens/ HTTP/1.1" 409 2
11/23/2018 03:23:56 AM 
Traceback (most recent call last):
  File "startup.py", line 77, in sync
    token = check_if_unlocked(server_url, AuthKey)
  File "startup.py", line 114, in check_if_unlocked
    raise requests.exceptions.HTTPError
requests.exceptions.HTTPError
11/23/2018 03:23:59 AM Starting new HTTP connection (1): 127.0.0.1:8000
11/23/2018 03:23:59 AM http://127.0.0.1:8000 "POST /api/login/ HTTP/1.1" 200 50
11/23/2018 03:23:59 AM Starting new HTTP connection (1): 127.0.0.1:8000
11/23/2018 03:23:59 AM http://127.0.0.1:8000 "POST /api/lock_tokens/ HTTP/1.1" 409 2
11/23/2018 03:23:59 AM 
Traceback (most recent call last):
  File "startup.py", line 77, in sync
    token = check_if_unlocked(server_url, AuthKey)
  File "startup.py", line 114, in check_if_unlocked
    raise requests.exceptions.HTTPError
requests.exceptions.HTTPError
11/23/2018 03:24:00 AM Starting new HTTP connection (1): 127.0.0.1:8000
11/23/2018 03:24:01 AM http://127.0.0.1:8000 "POST /api/login/ HTTP/1.1" 200 50
11/23/2018 03:24:01 AM Starting new HTTP connection (1): 127.0.0.1:8000
11/23/2018 03:24:01 AM http://127.0.0.1:8000 "POST /api/lock_tokens/ HTTP/1.1" 409 2
11/23/2018 03:24:01 AM 
Traceback (most recent call last):
  File "startup.py", line 77, in sync
    token = check_if_unlocked(server_url, AuthKey)
  File "startup.py", line 114, in check_if_unlocked
    raise requests.exceptions.HTTPError
requests.exceptions.HTTPError
11/23/2018 03:24:06 AM Starting new HTTP connection (1): 127.0.0.1:8000
11/23/2018 03:24:06 AM http://127.0.0.1:8000 "POST /api/login/ HTTP/1.1" 200 50
11/23/2018 03:24:06 AM Starting new HTTP connection (1): 127.0.0.1:8000
11/23/2018 03:24:07 AM http://127.0.0.1:8000 "POST /api/lock_tokens/ HTTP/1.1" 409 2
11/23/2018 03:24:07 AM 
Traceback (most recent call last):
  File "startup.py", line 77, in sync
    token = check_if_unlocked(server_url, AuthKey)
  File "startup.py", line 114, in check_if_unlocked
    raise requests.exceptions.HTTPError
requests.exceptions.HTTPError
11/23/2018 03:24:17 AM Starting new HTTP connection (1): 127.0.0.1:8000
11/23/2018 03:24:17 AM http://127.0.0.1:8000 "POST /api/login/ HTTP/1.1" 200 50
11/23/2018 03:24:17 AM Starting new HTTP connection (1): 127.0.0.1:8000
11/23/2018 03:24:17 AM http://127.0.0.1:8000 "POST /api/lock_tokens/ HTTP/1.1" 409 2
11/23/2018 03:24:17 AM 
Traceback (most recent call last):
  File "startup.py", line 77, in sync
    token = check_if_unlocked(server_url, AuthKey)
  File "startup.py", line 114, in check_if_unlocked
    raise requests.exceptions.HTTPError
requests.exceptions.HTTPError
11/23/2018 03:24:19 AM Starting new HTTP connection (1): 127.0.0.1:8000
11/23/2018 03:24:19 AM http://127.0.0.1:8000 "POST /api/login/ HTTP/1.1" 200 50
11/23/2018 03:24:19 AM Starting new HTTP connection (1): 127.0.0.1:8000
11/23/2018 03:24:19 AM http://127.0.0.1:8000 "POST /api/lock_tokens/ HTTP/1.1" 409 2
11/23/2018 03:24:19 AM 
Traceback (most recent call last):
  File "startup.py", line 77, in sync
    token = check_if_unlocked(server_url, AuthKey)
  File "startup.py", line 114, in check_if_unlocked
    raise requests.exceptions.HTTPError
requests.exceptions.HTTPError
11/23/2018 03:26:30 AM Starting new HTTP connection (1): 127.0.0.1:8000
11/23/2018 03:26:30 AM http://127.0.0.1:8000 "POST /api/login/ HTTP/1.1" 200 50
11/23/2018 03:26:30 AM Starting new HTTP connection (1): 127.0.0.1:8000
11/23/2018 03:26:30 AM http://127.0.0.1:8000 "POST /api/lock_tokens/ HTTP/1.1" 201 74
11/23/2018 03:26:30 AM Starting new HTTP connection (1): 127.0.0.1:8000
11/23/2018 03:26:30 AM http://127.0.0.1:8000 "POST /api/get-index/ HTTP/1.1" 200 299
11/23/2018 03:26:31 AM Starting new HTTP connection (1): 127.0.0.1:8000
11/23/2018 03:26:31 AM http://127.0.0.1:8000 "DELETE /api/lock_tokens/99f16bc0ac7c4a72b1e11c670047332b HTTP/1.1" 204 0
11/23/2018 03:27:16 AM Starting new HTTP connection (1): 127.0.0.1:8000
11/23/2018 03:27:16 AM http://127.0.0.1:8000 "POST /api/login/ HTTP/1.1" 200 50
11/23/2018 03:27:16 AM Starting new HTTP connection (1): 127.0.0.1:8000
11/23/2018 03:27:16 AM http://127.0.0.1:8000 "POST /api/lock_tokens/ HTTP/1.1" 201 74
11/23/2018 03:27:16 AM Starting new HTTP connection (1): 127.0.0.1:8000
11/23/2018 03:27:16 AM http://127.0.0.1:8000 "POST /api/get-index/ HTTP/1.1" 200 299
11/23/2018 03:27:17 AM Starting new HTTP connection (1): 127.0.0.1:8000
11/23/2018 03:27:17 AM http://127.0.0.1:8000 "POST /api/login/ HTTP/1.1" 200 50
11/23/2018 03:27:17 AM Starting new HTTP connection (1): 127.0.0.1:8000
11/23/2018 03:27:17 AM http://127.0.0.1:8000 "POST /api/lock_tokens/ HTTP/1.1" 409 2
11/23/2018 03:27:17 AM 
Traceback (most recent call last):
  File "startup.py", line 77, in sync
    token = check_if_unlocked(server_url, AuthKey)
  File "startup.py", line 114, in check_if_unlocked
    raise requests.exceptions.HTTPError
requests.exceptions.HTTPError
11/23/2018 03:27:20 AM Starting new HTTP connection (1): 127.0.0.1:8000
11/23/2018 03:27:20 AM http://127.0.0.1:8000 "POST /api/login/ HTTP/1.1" 200 50
11/23/2018 03:27:20 AM Starting new HTTP connection (1): 127.0.0.1:8000
11/23/2018 03:27:20 AM http://127.0.0.1:8000 "POST /api/lock_tokens/ HTTP/1.1" 409 2
11/23/2018 03:27:20 AM 
Traceback (most recent call last):
  File "startup.py", line 77, in sync
    token = check_if_unlocked(server_url, AuthKey)
  File "startup.py", line 114, in check_if_unlocked
    raise requests.exceptions.HTTPError
requests.exceptions.HTTPError
11/23/2018 03:27:21 AM Starting new HTTP connection (1): 127.0.0.1:8000
11/23/2018 03:27:21 AM http://127.0.0.1:8000 "POST /api/login/ HTTP/1.1" 200 50
11/23/2018 03:27:21 AM Starting new HTTP connection (1): 127.0.0.1:8000
11/23/2018 03:27:21 AM http://127.0.0.1:8000 "POST /api/lock_tokens/ HTTP/1.1" 409 2
11/23/2018 03:27:21 AM 
Traceback (most recent call last):
  File "startup.py", line 77, in sync
    token = check_if_unlocked(server_url, AuthKey)
  File "startup.py", line 114, in check_if_unlocked
    raise requests.exceptions.HTTPError
requests.exceptions.HTTPError
11/23/2018 03:27:30 AM Starting new HTTP connection (1): 127.0.0.1:8000
11/23/2018 03:27:30 AM http://127.0.0.1:8000 "POST /api/login/ HTTP/1.1" 200 50
11/23/2018 03:27:30 AM Starting new HTTP connection (1): 127.0.0.1:8000
11/23/2018 03:27:30 AM http://127.0.0.1:8000 "POST /api/lock_tokens/ HTTP/1.1" 409 2
11/23/2018 03:27:30 AM 
Traceback (most recent call last):
  File "startup.py", line 77, in sync
    token = check_if_unlocked(server_url, AuthKey)
  File "startup.py", line 112, in check_if_unlocked
    raise requests.exceptions.HTTPError
requests.exceptions.HTTPError
11/23/2018 03:27:33 AM Starting new HTTP connection (1): 127.0.0.1:8000
11/23/2018 03:27:33 AM http://127.0.0.1:8000 "POST /api/login/ HTTP/1.1" 200 50
11/23/2018 03:27:33 AM Starting new HTTP connection (1): 127.0.0.1:8000
11/23/2018 03:27:33 AM http://127.0.0.1:8000 "POST /api/lock_tokens/ HTTP/1.1" 409 2
11/23/2018 03:27:33 AM 
Traceback (most recent call last):
  File "startup.py", line 77, in sync
    token = check_if_unlocked(server_url, AuthKey)
  File "startup.py", line 112, in check_if_unlocked
    raise requests.exceptions.HTTPError
requests.exceptions.HTTPError
11/23/2018 03:27:41 AM Starting new HTTP connection (1): 127.0.0.1:8000
11/23/2018 03:27:41 AM http://127.0.0.1:8000 "POST /api/login/ HTTP/1.1" 200 50
11/23/2018 03:27:41 AM Starting new HTTP connection (1): 127.0.0.1:8000
11/23/2018 03:27:41 AM http://127.0.0.1:8000 "POST /api/lock_tokens/ HTTP/1.1" 409 2
11/23/2018 03:27:41 AM 
Traceback (most recent call last):
  File "startup.py", line 77, in sync
    token = check_if_unlocked(server_url, AuthKey)
  File "startup.py", line 112, in check_if_unlocked
    raise requests.exceptions.HTTPError
requests.exceptions.HTTPError
11/23/2018 03:27:42 AM Starting new HTTP connection (1): 127.0.0.1:8000
11/23/2018 03:27:42 AM http://127.0.0.1:8000 "POST /api/login/ HTTP/1.1" 200 50
11/23/2018 03:27:42 AM Starting new HTTP connection (1): 127.0.0.1:8000
11/23/2018 03:27:42 AM http://127.0.0.1:8000 "POST /api/lock_tokens/ HTTP/1.1" 409 2
11/23/2018 03:27:42 AM 
Traceback (most recent call last):
  File "startup.py", line 77, in sync
    token = check_if_unlocked(server_url, AuthKey)
  File "startup.py", line 112, in check_if_unlocked
    raise requests.exceptions.HTTPError
requests.exceptions.HTTPError
11/23/2018 03:27:43 AM Starting new HTTP connection (1): 127.0.0.1:8000
11/23/2018 03:27:43 AM http://127.0.0.1:8000 "POST /api/login/ HTTP/1.1" 200 50
11/23/2018 03:27:43 AM Starting new HTTP connection (1): 127.0.0.1:8000
11/23/2018 03:27:43 AM http://127.0.0.1:8000 "POST /api/lock_tokens/ HTTP/1.1" 409 2
11/23/2018 03:27:43 AM 
Traceback (most recent call last):
  File "startup.py", line 77, in sync
    token = check_if_unlocked(server_url, AuthKey)
  File "startup.py", line 112, in check_if_unlocked
    raise requests.exceptions.HTTPError
requests.exceptions.HTTPError
11/23/2018 03:27:45 AM Starting new HTTP connection (1): 127.0.0.1:8000
11/23/2018 03:27:45 AM http://127.0.0.1:8000 "POST /api/login/ HTTP/1.1" 200 50
11/23/2018 03:27:45 AM Starting new HTTP connection (1): 127.0.0.1:8000
11/23/2018 03:27:45 AM http://127.0.0.1:8000 "POST /api/lock_tokens/ HTTP/1.1" 409 2
11/23/2018 03:27:45 AM 
Traceback (most recent call last):
  File "startup.py", line 77, in sync
    token = check_if_unlocked(server_url, AuthKey)
  File "startup.py", line 112, in check_if_unlocked
    raise requests.exceptions.HTTPError
requests.exceptions.HTTPError
11/23/2018 03:27:46 AM Starting new HTTP connection (1): 127.0.0.1:8000
11/23/2018 03:27:46 AM http://127.0.0.1:8000 "POST /api/login/ HTTP/1.1" 200 50
11/23/2018 03:27:46 AM Starting new HTTP connection (1): 127.0.0.1:8000
11/23/2018 03:27:46 AM http://127.0.0.1:8000 "POST /api/lock_tokens/ HTTP/1.1" 409 2
11/23/2018 03:27:46 AM 
Traceback (most recent call last):
  File "startup.py", line 77, in sync
    token = check_if_unlocked(server_url, AuthKey)
  File "startup.py", line 112, in check_if_unlocked
    raise requests.exceptions.HTTPError
requests.exceptions.HTTPError
11/23/2018 03:27:47 AM Starting new HTTP connection (1): 127.0.0.1:8000
11/23/2018 03:27:47 AM http://127.0.0.1:8000 "POST /api/login/ HTTP/1.1" 200 50
11/23/2018 03:27:47 AM Starting new HTTP connection (1): 127.0.0.1:8000
11/23/2018 03:27:47 AM http://127.0.0.1:8000 "POST /api/lock_tokens/ HTTP/1.1" 409 2
11/23/2018 03:27:47 AM 
Traceback (most recent call last):
  File "startup.py", line 77, in sync
    token = check_if_unlocked(server_url, AuthKey)
  File "startup.py", line 112, in check_if_unlocked
    raise requests.exceptions.HTTPError
requests.exceptions.HTTPError
11/23/2018 03:27:48 AM Starting new HTTP connection (1): 127.0.0.1:8000
11/23/2018 03:27:48 AM http://127.0.0.1:8000 "POST /api/login/ HTTP/1.1" 200 50
11/23/2018 03:27:48 AM Starting new HTTP connection (1): 127.0.0.1:8000
11/23/2018 03:27:48 AM http://127.0.0.1:8000 "POST /api/lock_tokens/ HTTP/1.1" 409 2
11/23/2018 03:27:48 AM 
Traceback (most recent call last):
  File "startup.py", line 77, in sync
    token = check_if_unlocked(server_url, AuthKey)
  File "startup.py", line 112, in check_if_unlocked
    raise requests.exceptions.HTTPError
requests.exceptions.HTTPError
11/23/2018 03:27:49 AM Starting new HTTP connection (1): 127.0.0.1:8000
11/23/2018 03:27:49 AM http://127.0.0.1:8000 "POST /api/login/ HTTP/1.1" 200 50
11/23/2018 03:27:49 AM Starting new HTTP connection (1): 127.0.0.1:8000
11/23/2018 03:27:49 AM http://127.0.0.1:8000 "POST /api/lock_tokens/ HTTP/1.1" 409 2
11/23/2018 03:27:49 AM 
Traceback (most recent call last):
  File "startup.py", line 77, in sync
    token = check_if_unlocked(server_url, AuthKey)
  File "startup.py", line 112, in check_if_unlocked
    raise requests.exceptions.HTTPError
requests.exceptions.HTTPError
11/23/2018 03:27:50 AM Starting new HTTP connection (1): 127.0.0.1:8000
11/23/2018 03:27:50 AM http://127.0.0.1:8000 "POST /api/login/ HTTP/1.1" 200 50
11/23/2018 03:27:50 AM Starting new HTTP connection (1): 127.0.0.1:8000
11/23/2018 03:27:50 AM http://127.0.0.1:8000 "POST /api/lock_tokens/ HTTP/1.1" 409 2
11/23/2018 03:27:50 AM 
Traceback (most recent call last):
  File "startup.py", line 77, in sync
    token = check_if_unlocked(server_url, AuthKey)
  File "startup.py", line 112, in check_if_unlocked
    raise requests.exceptions.HTTPError
requests.exceptions.HTTPError
11/23/2018 03:27:51 AM Starting new HTTP connection (1): 127.0.0.1:8000
11/23/2018 03:27:51 AM http://127.0.0.1:8000 "POST /api/login/ HTTP/1.1" 200 50
11/23/2018 03:27:51 AM Starting new HTTP connection (1): 127.0.0.1:8000
11/23/2018 03:27:51 AM http://127.0.0.1:8000 "POST /api/lock_tokens/ HTTP/1.1" 409 2
11/23/2018 03:27:51 AM 
Traceback (most recent call last):
  File "startup.py", line 77, in sync
    token = check_if_unlocked(server_url, AuthKey)
  File "startup.py", line 112, in check_if_unlocked
    raise requests.exceptions.HTTPError
requests.exceptions.HTTPError
11/23/2018 03:27:52 AM Starting new HTTP connection (1): 127.0.0.1:8000
11/23/2018 03:27:52 AM http://127.0.0.1:8000 "POST /api/login/ HTTP/1.1" 200 50
11/23/2018 03:27:52 AM Starting new HTTP connection (1): 127.0.0.1:8000
11/23/2018 03:27:52 AM http://127.0.0.1:8000 "POST /api/lock_tokens/ HTTP/1.1" 409 2
11/23/2018 03:27:52 AM 
Traceback (most recent call last):
  File "startup.py", line 77, in sync
    token = check_if_unlocked(server_url, AuthKey)
  File "startup.py", line 112, in check_if_unlocked
    raise requests.exceptions.HTTPError
requests.exceptions.HTTPError
11/23/2018 03:27:52 AM Starting new HTTP connection (1): 127.0.0.1:8000
11/23/2018 03:27:53 AM http://127.0.0.1:8000 "POST /api/login/ HTTP/1.1" 200 50
11/23/2018 03:27:53 AM Starting new HTTP connection (1): 127.0.0.1:8000
11/23/2018 03:27:53 AM http://127.0.0.1:8000 "POST /api/lock_tokens/ HTTP/1.1" 409 2
11/23/2018 03:27:53 AM 
Traceback (most recent call last):
  File "startup.py", line 77, in sync
    token = check_if_unlocked(server_url, AuthKey)
  File "startup.py", line 112, in check_if_unlocked
    raise requests.exceptions.HTTPError
requests.exceptions.HTTPError
11/23/2018 03:27:55 AM Starting new HTTP connection (1): 127.0.0.1:8000
11/23/2018 03:27:55 AM http://127.0.0.1:8000 "POST /api/login/ HTTP/1.1" 200 50
11/23/2018 03:27:55 AM Starting new HTTP connection (1): 127.0.0.1:8000
11/23/2018 03:27:55 AM http://127.0.0.1:8000 "POST /api/lock_tokens/ HTTP/1.1" 409 2
11/23/2018 03:27:55 AM 
Traceback (most recent call last):
  File "startup.py", line 77, in sync
    token = check_if_unlocked(server_url, AuthKey)
  File "startup.py", line 112, in check_if_unlocked
    raise requests.exceptions.HTTPError
requests.exceptions.HTTPError
11/23/2018 03:27:56 AM Starting new HTTP connection (1): 127.0.0.1:8000
11/23/2018 03:27:56 AM http://127.0.0.1:8000 "POST /api/login/ HTTP/1.1" 200 50
11/23/2018 03:27:56 AM Starting new HTTP connection (1): 127.0.0.1:8000
11/23/2018 03:27:56 AM http://127.0.0.1:8000 "POST /api/lock_tokens/ HTTP/1.1" 409 2
11/23/2018 03:27:56 AM 
Traceback (most recent call last):
  File "startup.py", line 77, in sync
    token = check_if_unlocked(server_url, AuthKey)
  File "startup.py", line 112, in check_if_unlocked
    raise requests.exceptions.HTTPError
requests.exceptions.HTTPError
11/23/2018 03:27:57 AM Starting new HTTP connection (1): 127.0.0.1:8000
11/23/2018 03:27:57 AM http://127.0.0.1:8000 "POST /api/login/ HTTP/1.1" 200 50
11/23/2018 03:27:57 AM Starting new HTTP connection (1): 127.0.0.1:8000
11/23/2018 03:27:57 AM http://127.0.0.1:8000 "POST /api/lock_tokens/ HTTP/1.1" 409 2
11/23/2018 03:27:57 AM 
Traceback (most recent call last):
  File "startup.py", line 77, in sync
    token = check_if_unlocked(server_url, AuthKey)
  File "startup.py", line 112, in check_if_unlocked
    raise requests.exceptions.HTTPError
requests.exceptions.HTTPError
11/23/2018 03:27:58 AM Starting new HTTP connection (1): 127.0.0.1:8000
11/23/2018 03:27:58 AM http://127.0.0.1:8000 "POST /api/login/ HTTP/1.1" 200 50
11/23/2018 03:27:58 AM Starting new HTTP connection (1): 127.0.0.1:8000
11/23/2018 03:27:58 AM http://127.0.0.1:8000 "POST /api/lock_tokens/ HTTP/1.1" 409 2
11/23/2018 03:27:58 AM 
Traceback (most recent call last):
  File "startup.py", line 77, in sync
    token = check_if_unlocked(server_url, AuthKey)
  File "startup.py", line 112, in check_if_unlocked
    raise requests.exceptions.HTTPError
requests.exceptions.HTTPError
11/23/2018 03:28:17 AM Starting new HTTP connection (1): 127.0.0.1:8000
11/23/2018 03:28:17 AM http://127.0.0.1:8000 "POST /api/login/ HTTP/1.1" 200 50
11/23/2018 03:28:17 AM Starting new HTTP connection (1): 127.0.0.1:8000
11/23/2018 03:28:17 AM http://127.0.0.1:8000 "POST /api/lock_tokens/ HTTP/1.1" 201 74
11/23/2018 03:28:17 AM Starting new HTTP connection (1): 127.0.0.1:8000
11/23/2018 03:28:17 AM http://127.0.0.1:8000 "POST /api/get-index/ HTTP/1.1" 200 299
11/23/2018 03:28:18 AM Starting new HTTP connection (1): 127.0.0.1:8000
11/23/2018 03:28:18 AM http://127.0.0.1:8000 "DELETE /api/lock_tokens/99f51f4d98fc4a9ba9c8b461e40d178b HTTP/1.1" 204 0
11/23/2018 03:48:05 AM Starting new HTTP connection (1): 127.0.0.1:8000
11/23/2018 03:48:05 AM http://127.0.0.1:8000 "POST /api/login/ HTTP/1.1" 200 50
11/23/2018 03:48:05 AM Starting new HTTP connection (1): 127.0.0.1:8000
11/23/2018 03:48:05 AM http://127.0.0.1:8000 "POST /api/lock_tokens/ HTTP/1.1" 201 74
11/23/2018 03:48:05 AM Starting new HTTP connection (1): 127.0.0.1:8000
11/23/2018 03:48:05 AM http://127.0.0.1:8000 "POST /api/get-index/ HTTP/1.1" 200 299
11/23/2018 03:48:06 AM Starting new HTTP connection (1): 127.0.0.1:8000
11/23/2018 03:48:06 AM http://127.0.0.1:8000 "DELETE /api/lock_tokens/1129e596eca342d593a0179bfe7b376a HTTP/1.1" 204 0
11/23/2018 03:48:17 AM Starting new HTTP connection (1): 127.0.0.1:8000
11/23/2018 03:48:17 AM http://127.0.0.1:8000 "POST /api/login/ HTTP/1.1" 200 50
11/23/2018 03:48:17 AM Starting new HTTP connection (1): 127.0.0.1:8000
11/23/2018 03:48:17 AM http://127.0.0.1:8000 "POST /api/get-index/ HTTP/1.1" 200 299
11/23/2018 03:48:31 AM Starting new HTTP connection (1): 127.0.0.1:8000
11/23/2018 03:48:31 AM http://127.0.0.1:8000 "POST /api/login/ HTTP/1.1" 200 50
11/23/2018 03:48:31 AM Starting new HTTP connection (1): 127.0.0.1:8000
11/23/2018 03:48:31 AM http://127.0.0.1:8000 "POST /api/get-index/ HTTP/1.1" 200 299
